Archive member included to satisfy reference by file (symbol)

c:/program files (x86)/cypress/psoc creator/4.2/psoc creator/import/gnu/arm/5.4.1/bin/../lib/gcc/arm-none-eabi/5.4.1/../../../../arm-none-eabi/lib/armv7e-m/softfp\libm.a(lib_a-s_ceil.o)
                              .\CortexM4\ARM_GCC_541\Debug\cy_sysclk.o (ceil)
c:/program files (x86)/cypress/psoc creator/4.2/psoc creator/import/gnu/arm/5.4.1/bin/../lib/gcc/arm-none-eabi/5.4.1/../../../../arm-none-eabi/lib/armv7e-m/softfp\libm.a(lib_a-s_floor.o)
                              .\CortexM4\ARM_GCC_541\Debug\cy_sysclk.o (floor)
c:/program files (x86)/cypress/psoc creator/4.2/psoc creator/import/gnu/arm/5.4.1/bin/../lib/gcc/arm-none-eabi/5.4.1/../../../../arm-none-eabi/lib/armv7e-m/softfp\libm.a(lib_a-sf_ceil.o)
                              .\CortexM4\ARM_GCC_541\Debug\cy_sysclk.o (ceilf)
c:/program files (x86)/cypress/psoc creator/4.2/psoc creator/import/gnu/arm/5.4.1/bin/../lib/gcc/arm-none-eabi/5.4.1/../../../../arm-none-eabi/lib/armv7e-m/softfp\libm.a(lib_a-w_log.o)
                              .\CortexM4\ARM_GCC_541\Debug\cy_sysclk.o (log)
c:/program files (x86)/cypress/psoc creator/4.2/psoc creator/import/gnu/arm/5.4.1/bin/../lib/gcc/arm-none-eabi/5.4.1/../../../../arm-none-eabi/lib/armv7e-m/softfp\libm.a(lib_a-w_sqrt.o)
                              .\CortexM4\ARM_GCC_541\Debug\cy_sysclk.o (sqrt)
c:/program files (x86)/cypress/psoc creator/4.2/psoc creator/import/gnu/arm/5.4.1/bin/../lib/gcc/arm-none-eabi/5.4.1/../../../../arm-none-eabi/lib/armv7e-m/softfp\libm.a(lib_a-e_log.o)
                              c:/program files (x86)/cypress/psoc creator/4.2/psoc creator/import/gnu/arm/5.4.1/bin/../lib/gcc/arm-none-eabi/5.4.1/../../../../arm-none-eabi/lib/armv7e-m/softfp\libm.a(lib_a-w_log.o) (__ieee754_log)
c:/program files (x86)/cypress/psoc creator/4.2/psoc creator/import/gnu/arm/5.4.1/bin/../lib/gcc/arm-none-eabi/5.4.1/../../../../arm-none-eabi/lib/armv7e-m/softfp\libm.a(lib_a-e_sqrt.o)
                              c:/program files (x86)/cypress/psoc creator/4.2/psoc creator/import/gnu/arm/5.4.1/bin/../lib/gcc/arm-none-eabi/5.4.1/../../../../arm-none-eabi/lib/armv7e-m/softfp\libm.a(lib_a-w_sqrt.o) (__ieee754_sqrt)
c:/program files (x86)/cypress/psoc creator/4.2/psoc creator/import/gnu/arm/5.4.1/bin/../lib/gcc/arm-none-eabi/5.4.1/../../../../arm-none-eabi/lib/armv7e-m/softfp\libm.a(lib_a-s_lib_ver.o)
                              c:/program files (x86)/cypress/psoc creator/4.2/psoc creator/import/gnu/arm/5.4.1/bin/../lib/gcc/arm-none-eabi/5.4.1/../../../../arm-none-eabi/lib/armv7e-m/softfp\libm.a(lib_a-w_log.o) (__fdlib_version)
c:/program files (x86)/cypress/psoc creator/4.2/psoc creator/import/gnu/arm/5.4.1/bin/../lib/gcc/arm-none-eabi/5.4.1/../../../../arm-none-eabi/lib/armv7e-m/softfp\libm.a(lib_a-s_matherr.o)
                              c:/program files (x86)/cypress/psoc creator/4.2/psoc creator/import/gnu/arm/5.4.1/bin/../lib/gcc/arm-none-eabi/5.4.1/../../../../arm-none-eabi/lib/armv7e-m/softfp\libm.a(lib_a-w_log.o) (matherr)
c:/program files (x86)/cypress/psoc creator/4.2/psoc creator/import/gnu/arm/5.4.1/bin/../lib/gcc/arm-none-eabi/5.4.1/../../../../arm-none-eabi/lib/armv7e-m/softfp\libm.a(lib_a-s_nan.o)
                              c:/program files (x86)/cypress/psoc creator/4.2/psoc creator/import/gnu/arm/5.4.1/bin/../lib/gcc/arm-none-eabi/5.4.1/../../../../arm-none-eabi/lib/armv7e-m/softfp\libm.a(lib_a-w_log.o) (nan)
c:/program files (x86)/cypress/psoc creator/4.2/psoc creator/import/gnu/arm/5.4.1/bin/../lib/gcc/arm-none-eabi/5.4.1/armv7e-m/softfp\libgcc.a(_arm_addsubdf3.o)
                              c:/program files (x86)/cypress/psoc creator/4.2/psoc creator/import/gnu/arm/5.4.1/bin/../lib/gcc/arm-none-eabi/5.4.1/../../../../arm-none-eabi/lib/armv7e-m/softfp\libm.a(lib_a-e_log.o) (__aeabi_dsub)
c:/program files (x86)/cypress/psoc creator/4.2/psoc creator/import/gnu/arm/5.4.1/bin/../lib/gcc/arm-none-eabi/5.4.1/armv7e-m/softfp\libgcc.a(_arm_muldivdf3.o)
                              c:/program files (x86)/cypress/psoc creator/4.2/psoc creator/import/gnu/arm/5.4.1/bin/../lib/gcc/arm-none-eabi/5.4.1/../../../../arm-none-eabi/lib/armv7e-m/softfp\libm.a(lib_a-e_log.o) (__aeabi_dmul)
c:/program files (x86)/cypress/psoc creator/4.2/psoc creator/import/gnu/arm/5.4.1/bin/../lib/gcc/arm-none-eabi/5.4.1/armv7e-m/softfp\libgcc.a(_arm_cmpdf2.o)
                              c:/program files (x86)/cypress/psoc creator/4.2/psoc creator/import/gnu/arm/5.4.1/bin/../lib/gcc/arm-none-eabi/5.4.1/../../../../arm-none-eabi/lib/armv7e-m/softfp\libm.a(lib_a-w_log.o) (__aeabi_dcmpeq)
c:/program files (x86)/cypress/psoc creator/4.2/psoc creator/import/gnu/arm/5.4.1/bin/../lib/gcc/arm-none-eabi/5.4.1/armv7e-m/softfp\libgcc.a(_arm_unorddf2.o)
[...]
Memory Configuration

Name             Origin             Length             Attributes
ram              0x08024000         0x00023800         xrw
flash            0x10080000         0x00080000         xr
em_eeprom        0x14000000         0x00008000         xr
sflash_user_data 0x16000800         0x00000800         xr
sflash_nar       0x16001a00         0x00000200         xr
sflash_public_key 0x16005a00         0x00000c00         xr
sflash_toc_2     0x16007c00         0x00000200         xr
sflash_rtoc_2    0x16007e00         0x00000200         xr
xip              0x18000000         0x08000000         xr
efuse            0x90700000         0x00100000         r
*default*        0x00000000         0xffffffff

Linker script and memory map

LOAD c:/program files (x86)/cypress/psoc creator/4.2/psoc creator/import/gnu/arm/5.4.1/bin/../lib/gcc/arm-none-eabi/5.4.1/armv7e-m/softfp/crti.o
LOAD c:/program files (x86)/cypress/psoc creator/4.2/psoc creator/import/gnu/arm/5.4.1/bin/../lib/gcc/arm-none-eabi/5.4.1/armv7e-m/softfp/crtbegin.o
LOAD c:/program files (x86)/cypress/psoc creator/4.2/psoc creator/import/gnu/arm/5.4.1/bin/../lib/gcc/arm-none-eabi/5.4.1/../../../../arm-none-eabi/lib/armv7e-m/softfp/crt0.o
START GROUP
LOAD .\CortexM4\ARM_GCC_541\Debug\startup_psoc6_01_cm4.o
LOAD .\CortexM4\ARM_GCC_541\Debug\main_cm4.o
LOAD .\CortexM4\ARM_GCC_541\Debug\system_psoc6_cm4.o
LOAD .\CortexM4\ARM_GCC_541\Debug\LSM303DLHC.o
LOAD .\CortexM4\ARM_GCC_541\Debug\wait.o
LOAD .\CortexM4\ARM_GCC_541\Debug\i2c.o
LOAD .\CortexM4\ARM_GCC_541\Debug\blink.o
LOAD .\CortexM4\ARM_GCC_541\Debug\analog.o
LOAD .\CortexM4\ARM_GCC_541\Debug\serial.o
LOAD .\CortexM4\ARM_GCC_541\Debug\Si7021.o
LOAD .\CortexM4\ARM_GCC_541\Debug\stdio_user.o
LOAD .\CortexM4\ARM_GCC_541\Debug\cyfitter_sysint_cfg.o
LOAD .\CortexM4\ARM_GCC_541\Debug\cymetadata.o
LOAD .\CortexM4\ARM_GCC_541\Debug\cy_efuse.o
LOAD .\CortexM4\ARM_GCC_541\Debug\cy_flash.o
LOAD .\CortexM4\ARM_GCC_541\Debug\cy_gpio.o
LOAD .\CortexM4\ARM_GCC_541\Debug\cy_ipc_drv.o
LOAD .\CortexM4\ARM_GCC_541\Debug\cy_ipc_sema.o
LOAD .\CortexM4\ARM_GCC_541\Debug\cy_ipc_pipe.o
LOAD .\CortexM4\ARM_GCC_541\Debug\cy_lvd.o
LOAD .\CortexM4\ARM_GCC_541\Debug\cy_profile.o
LOAD .\CortexM4\ARM_GCC_541\Debug\cy_prot.o
LOAD .\CortexM4\ARM_GCC_541\Debug\cy_sysanalog.o
LOAD .\CortexM4\ARM_GCC_541\Debug\cy_sysclk.o
LOAD .\CortexM4\ARM_GCC_541\Debug\cy_sysint.o
LOAD .\CortexM4\ARM_GCC_541\Debug\cy_syslib.o
LOAD .\CortexM4\ARM_GCC_541\Debug\cy_syslib_gcc.o
LOAD .\CortexM4\ARM_GCC_541\Debug\cy_syspm.o
LOAD .\CortexM4\ARM_GCC_541\Debug\cy_systick.o
LOAD .\CortexM4\ARM_GCC_541\Debug\cy_trigmux.o
LOAD .\CortexM4\ARM_GCC_541\Debug\cy_wdt.o
LOAD .\CortexM4\ARM_GCC_541\Debug\cy_device.o
LOAD .\CortexM4\ARM_GCC_541\Debug\cy_sar.o
LOAD .\CortexM4\ARM_GCC_541\Debug\cy_scb_common.o
LOAD .\CortexM4\ARM_GCC_541\Debug\cy_scb_i2c.o
LOAD .\CortexM4\ARM_GCC_541\Debug\cy_scb_ezi2c.o
LOAD .\CortexM4\ARM_GCC_541\Debug\cy_scb_spi.o
LOAD .\CortexM4\ARM_GCC_541\Debug\cy_scb_uart.o
LOAD .\CortexM4\ARM_GCC_541\Debug\cy_dma.o
LOAD .\CortexM4\ARM_GCC_541\Debug\cy_tcpwm_counter.o
LOAD .\CortexM4\ARM_GCC_541\Debug\cy_tcpwm_pwm.o
LOAD .\CortexM4\ARM_GCC_541\Debug\cy_tcpwm_quaddec.o
LOAD .\CortexM4\ARM_GCC_541\Debug\cy_ble_clk.o
LOAD .\CortexM4\ARM_GCC_541\Debug\croutine.o
LOAD .\CortexM4\ARM_GCC_541\Debug\event_groups.o
LOAD .\CortexM4\ARM_GCC_541\Debug\list.o
LOAD .\CortexM4\ARM_GCC_541\Debug\queue.o
LOAD .\CortexM4\ARM_GCC_541\Debug\tasks.o
LOAD .\CortexM4\ARM_GCC_541\Debug\timers.o
LOAD .\CortexM4\ARM_GCC_541\Debug\stream_buffer.o
LOAD .\CortexM4\ARM_GCC_541\Debug\port.o
LOAD .\CortexM4\ARM_GCC_541\Debug\heap_1.o
LOAD .\CortexM4\ARM_GCC_541\Debug\retarget.o
LOAD .\CortexM4\ARM_GCC_541\Debug\ADC.o
LOAD .\CortexM4\ARM_GCC_541\Debug\ADC_INT.o
LOAD .\CortexM4\ARM_GCC_541\Debug\ADC_INIT.o
LOAD .\CortexM4\ARM_GCC_541\Debug\ADC_PM.o
LOAD .\CortexM4\ARM_GCC_541\Debug\UART.o
LOAD .\CortexM4\ARM_GCC_541\Debug\mI2C.o
LOAD .\CortexM4\ARM_GCC_541\Debug\cyfitter_amux.o
LOAD .\CortexM4\ARM_GCC_541\Debug\ADCSOCCounter.o
LOAD .\CortexM4\ARM_GCC_541\Debug\ADCDMA_0.o
LOAD .\CortexM4\ARM_GCC_541\Debug\ADCDMA_1.o
LOAD .\CortexM4\ARM_GCC_541\Debug\ADCDMA_2.o
LOAD .\CortexM4\ARM_GCC_541\Debug\ADCDMA_3.o
LOAD .\CortexM4\ARM_GCC_541\Debug\UARTDMA.o
LOAD .\CortexM4\ARM_GCC_541\Debug\T1.o
LOAD .\CortexM4\ARM_GCC_541\Debug\T0.o
LOAD .\CortexM4\ARM_GCC_541\Debug\T3.o
LOAD .\CortexM4\ARM_GCC_541\Debug\T2.o
LOAD .\CortexM4\ARM_GCC_541\Debug\I2CDMA.o
LOAD c:/program files (x86)/cypress/psoc creator/4.2/psoc creator/import/gnu/arm/5.4.1/bin/../lib/gcc/arm-none-eabi/5.4.1/../../../../arm-none-eabi/lib/armv7e-m/softfp\libm.a
END GROUP
START GROUP
LOAD c:/program files (x86)/cypress/psoc creator/4.2/psoc creator/import/gnu/arm/5.4.1/bin/../lib/gcc/arm-none-eabi/5.4.1/armv7e-m/softfp\libgcc.a
LOAD c:/program files (x86)/cypress/psoc creator/4.2/psoc creator/import/gnu/arm/5.4.1/bin/../lib/gcc/arm-none-eabi/5.4.1/../../../../arm-none-eabi/lib/armv7e-m/softfp\libg_nano.a
LOAD c:/program files (x86)/cypress/psoc creator/4.2/psoc creator/import/gnu/arm/5.4.1/bin/../lib/gcc/arm-none-eabi/5.4.1/../../../../arm-none-eabi/lib/armv7e-m/softfp\libc_nano.a
END GROUP
START GROUP
LOAD c:/program files (x86)/cypress/psoc creator/4.2/psoc creator/import/gnu/arm/5.4.1/bin/../lib/gcc/arm-none-eabi/5.4.1/armv7e-m/softfp\libgcc.a
LOAD c:/program files (x86)/cypress/psoc creator/4.2/psoc creator/import/gnu/arm/5.4.1/bin/../lib/gcc/arm-none-eabi/5.4.1/../../../../arm-none-eabi/lib/armv7e-m/softfp\libc_nano.a
END GROUP
LOAD c:/program files (x86)/cypress/psoc creator/4.2/psoc creator/import/gnu/arm/5.4.1/bin/../lib/gcc/arm-none-eabi/5.4.1/armv7e-m/softfp/crtend.o
LOAD c:/program files (x86)/cypress/psoc creator/4.2/psoc creator/import/gnu/arm/5.4.1/bin/../lib/gcc/arm-none-eabi/5.4.1/armv7e-m/softfp/crtn.o
START GROUP
LOAD c:/program files (x86)/cypress/psoc creator/4.2/psoc creator/import/gnu/arm/5.4.1/bin/../lib/gcc/arm-none-eabi/5.4.1/armv7e-m/softfp\libgcc.a
LOAD c:/program files (x86)/cypress/psoc creator/4.2/psoc creator/import/gnu/arm/5.4.1/bin/../lib/gcc/arm-none-eabi/5.4.1/../../../../arm-none-eabi/lib/armv7e-m/softfp\libc.a
LOAD c:/program files (x86)/cypress/psoc creator/4.2/psoc creator/import/gnu/arm/5.4.1/bin/../lib/gcc/arm-none-eabi/5.4.1/../../../../arm-none-eabi/lib/armv7e-m/softfp\libnosys.a
END GROUP
START GROUP
LOAD c:/program files (x86)/cypress/psoc creator/4.2/psoc creator/import/gnu/arm/5.4.1/bin/../lib/gcc/arm-none-eabi/5.4.1/armv7e-m/softfp\libgcc.a
LOAD c:/program files (x86)/cypress/psoc creator/4.2/psoc creator/import/gnu/arm/5.4.1/bin/../lib/gcc/arm-none-eabi/5.4.1/../../../../arm-none-eabi/lib/armv7e-m/softfp\libc.a
LOAD c:/program files (x86)/cypress/psoc creator/4.2/psoc creator/import/gnu/arm/5.4.1/bin/../lib/gcc/arm-none-eabi/5.4.1/../../../../arm-none-eabi/lib/armv7e-m/softfp\libm.a
LOAD c:/program files (x86)/cypress/psoc creator/4.2/psoc creator/import/gnu/arm/5.4.1/bin/../lib/gcc/arm-none-eabi/5.4.1/../../../../arm-none-eabi/lib/armv7e-m/softfp\libnosys.a
END GROUP

.text           0x10080000     0xaa04
                0x10080000                . = ALIGN (0x4)
                0x10080000                __Vectors = .
 *(.vectors)
 .vectors       0x10080000      0x28c .\CortexM4\ARM_GCC_541\Debug\startup_psoc6_01_cm4.o
                0x1008028c                . = ALIGN (0x4)
                0x1008028c                __Vectors_End = .
                0x0000028c                __Vectors_Size = (__Vectors_End - __Vectors)
                0x1008028c                __end__ = .
                0x1008028c                . = ALIGN (0x4)
 *(.text*)
 .text          0x1008028c       0x5c c:/program files (x86)/cypress/psoc creator/4.2/psoc creator/import/gnu/arm/5.4.1/bin/../lib/gcc/arm-none-eabi/5.4.1/armv7e-m/softfp/crtbegin.o
 .text          0x100802e8       0x84 .\CortexM4\ARM_GCC_541\Debug\startup_psoc6_01_cm4.o
                0x100802e8                Cy_OnResetUser
                0x100802ea                Reset_Handler
                0x1008034c                cpuss_interrupts_ipc_6_IRQHandler
                0x1008034c                DebugMon_Handler
                0x1008034c                tcpwm_1_interrupts_11_IRQHandler
                0x1008034c                cpuss_interrupts_ipc_0_IRQHandler
                0x1008034c                tcpwm_1_interrupts_15_IRQHandler
                0x1008034c                ioss_interrupts_gpio_13_IRQHandler
                0x1008034c                tcpwm_1_interrupts_13_IRQHandler
                0x1008034c                cpuss_interrupts_dw1_8_IRQHandler
                0x1008034c                tcpwm_0_interrupts_0_IRQHandler
                0x1008034c                cpuss_interrupt_fm_IRQHandler
                0x1008034c                cpuss_interrupts_ipc_7_IRQHandler
                0x1008034c                tcpwm_1_interrupts_14_IRQHandler
                0x1008034c                cpuss_interrupts_dw0_5_IRQHandler
                0x1008034c                tcpwm_1_interrupts_9_IRQHandler
                0x1008034c                cpuss_interrupts_cm0_cti_1_IRQHandler
                0x1008034c                tcpwm_1_interrupts_22_IRQHandler
                0x1008034c                cpuss_interrupts_dw0_4_IRQHandler
                0x1008034c                NMI_Handler
                0x1008034c                cpuss_interrupts_dw1_12_IRQHandler
                0x1008034c                tcpwm_1_interrupts_12_IRQHandler
                0x1008034c                smif_interrupt_IRQHandler
                0x1008034c                tcpwm_1_interrupts_2_IRQHandler
                0x1008034c                cpuss_interrupts_ipc_13_IRQHandler
                0x1008034c                udb_interrupts_11_IRQHandler
                0x1008034c                tcpwm_1_interrupts_18_IRQHandler
                0x1008034c                cpuss_interrupts_dw0_11_IRQHandler
                0x1008034c                tcpwm_0_interrupts_2_IRQHandler
                0x1008034c                cpuss_interrupts_dw0_13_IRQHandler
                0x1008034c                udb_interrupts_2_IRQHandler
                0x1008034c                cpuss_interrupts_dw1_7_IRQHandler
                0x1008034c                ioss_interrupts_gpio_1_IRQHandler
                0x1008034c                ioss_interrupts_gpio_7_IRQHandler
                0x1008034c                scb_5_interrupt_IRQHandler
                0x1008034c                udb_interrupts_6_IRQHandler
                0x1008034c                cpuss_interrupts_fault_1_IRQHandler
                0x1008034c                cpuss_interrupts_ipc_4_IRQHandler
                0x1008034c                cpuss_interrupts_ipc_5_IRQHandler
                0x1008034c                cpuss_interrupts_dw1_10_IRQHandler
                0x1008034c                udb_interrupts_0_IRQHandler
                0x1008034c                tcpwm_1_interrupts_6_IRQHandler
                0x1008034c                scb_4_interrupt_IRQHandler
                0x1008034c                pass_interrupt_dacs_IRQHandler
                0x1008034c                ioss_interrupts_gpio_2_IRQHandler
                0x1008034c                cpuss_interrupts_dw1_9_IRQHandler
                0x1008034c                cpuss_interrupts_dw1_13_IRQHandler
                0x1008034c                scb_2_interrupt_IRQHandler
                0x1008034c                cpuss_interrupts_cm0_cti_0_IRQHandler
                0x1008034c                udb_interrupts_5_IRQHandler
                0x1008034c                srss_interrupt_IRQHandler
                0x1008034c                udb_interrupts_12_IRQHandler
                0x1008034c                scb_0_interrupt_IRQHandler
                0x1008034c                csd_interrupt_IRQHandler
                0x1008034c                udb_interrupts_1_IRQHandler
                0x1008034c                profile_interrupt_IRQHandler
                0x1008034c                tcpwm_1_interrupts_1_IRQHandler
                0x1008034c                cpuss_interrupts_ipc_12_IRQHandler
                0x1008034c                tcpwm_1_interrupts_3_IRQHandler
                0x1008034c                tcpwm_0_interrupts_7_IRQHandler
                0x1008034c                cpuss_interrupts_dw1_1_IRQHandler
                0x1008034c                cpuss_interrupts_dw1_0_IRQHandler
                0x1008034c                cpuss_interrupts_dw0_9_IRQHandler
                0x1008034c                lpcomp_interrupt_IRQHandler
                0x1008034c                tcpwm_1_interrupts_23_IRQHandler
                0x1008034c                udb_interrupts_4_IRQHandler
                0x1008034c                tcpwm_1_interrupts_20_IRQHandler
                0x1008034c                ioss_interrupt_gpio_IRQHandler
                0x1008034c                tcpwm_0_interrupts_1_IRQHandler
                0x1008034c                ioss_interrupts_gpio_8_IRQHandler
                0x1008034c                tcpwm_0_interrupts_6_IRQHandler
                0x1008034c                scb_7_interrupt_IRQHandler
                0x1008034c                tcpwm_1_interrupts_7_IRQHandler
                0x1008034c                cpuss_interrupts_ipc_11_IRQHandler
                0x1008034c                udb_interrupts_13_IRQHandler
                0x1008034c                cpuss_interrupts_dw0_15_IRQHandler
                0x1008034c                udb_interrupts_7_IRQHandler
                0x1008034c                cpuss_interrupts_dw1_6_IRQHandler
                0x1008034c                cpuss_interrupt_crypto_IRQHandler
                0x1008034c                scb_1_interrupt_IRQHandler
                0x1008034c                Default_Handler
                0x1008034c                usb_interrupt_hi_IRQHandler
                0x1008034c                tcpwm_1_interrupts_0_IRQHandler
                0x1008034c                udb_interrupts_9_IRQHandler
                0x1008034c                audioss_interrupt_pdm_IRQHandler
                0x1008034c                srss_interrupt_mcwdt_0_IRQHandler
                0x1008034c                scb_3_interrupt_IRQHandler
                0x1008034c                pass_interrupt_ctbs_IRQHandler
                0x1008034c                udb_interrupts_8_IRQHandler
                0x1008034c                ioss_interrupts_gpio_3_IRQHandler
                0x1008034c                scb_6_interrupt_IRQHandler
                0x1008034c                cpuss_interrupts_cm4_cti_0_IRQHandler
                0x1008034c                cpuss_interrupts_dw1_3_IRQHandler
                0x1008034c                pass_interrupt_sar_IRQHandler
                0x1008034c                ioss_interrupts_gpio_0_IRQHandler
                0x1008034c                ioss_interrupts_gpio_14_IRQHandler
                0x1008034c                tcpwm_0_interrupts_4_IRQHandler
                0x1008034c                udb_interrupts_3_IRQHandler
                0x1008034c                tcpwm_0_interrupts_5_IRQHandler
                0x1008034c                cpuss_interrupts_ipc_15_IRQHandler
                0x1008034c                cpuss_interrupts_cm4_cti_1_IRQHandler
                0x1008034c                scb_8_interrupt_IRQHandler
                0x1008034c                srss_interrupt_mcwdt_1_IRQHandler
                0x1008034c                cpuss_interrupts_dw1_2_IRQHandler
                0x1008034c                cpuss_interrupts_dw1_5_IRQHandler
                0x1008034c                cpuss_interrupts_ipc_1_IRQHandler
                0x1008034c                cpuss_interrupts_dw0_0_IRQHandler
                0x1008034c                ioss_interrupts_gpio_12_IRQHandler
                0x1008034c                cpuss_interrupts_ipc_3_IRQHandler
                0x1008034c                tcpwm_1_interrupts_17_IRQHandler
                0x1008034c                srss_interrupt_backup_IRQHandler
                0x1008034c                bless_interrupt_IRQHandler
                0x1008034c                cpuss_interrupts_ipc_10_IRQHandler
                0x1008034c                cpuss_interrupts_ipc_9_IRQHandler
                0x1008034c                cpuss_interrupts_dw0_14_IRQHandler
                0x1008034c                tcpwm_1_interrupts_4_IRQHandler
                0x1008034c                tcpwm_0_interrupts_3_IRQHandler
                0x1008034c                cpuss_interrupts_dw1_15_IRQHandler
                0x1008034c                ioss_interrupts_gpio_10_IRQHandler
                0x1008034c                udb_interrupts_10_IRQHandler
                0x1008034c                cpuss_interrupts_dw0_8_IRQHandler
                0x1008034c                ioss_interrupts_gpio_11_IRQHandler
                0x1008034c                cpuss_interrupts_ipc_14_IRQHandler
                0x1008034c                ioss_interrupts_gpio_5_IRQHandler
                0x1008034c                ioss_interrupts_gpio_4_IRQHandler
                0x1008034c                tcpwm_1_interrupts_8_IRQHandler
                0x1008034c                cpuss_interrupts_dw1_14_IRQHandler
                0x1008034c                usb_interrupt_med_IRQHandler
                0x1008034c                cpuss_interrupts_dw0_2_IRQHandler
                0x1008034c                tcpwm_1_interrupts_10_IRQHandler
                0x1008034c                cpuss_interrupts_fault_0_IRQHandler
                0x1008034c                cpuss_interrupts_dw0_12_IRQHandler
                0x1008034c                ioss_interrupts_gpio_6_IRQHandler
                0x1008034c                tcpwm_1_interrupts_21_IRQHandler
                0x1008034c                tcpwm_1_interrupts_16_IRQHandler
                0x1008034c                cpuss_interrupts_dw1_4_IRQHandler
                0x1008034c                udb_interrupts_15_IRQHandler
                0x1008034c                cpuss_interrupts_dw1_11_IRQHandler
                0x1008034c                cpuss_interrupts_dw0_6_IRQHandler
                0x1008034c                ioss_interrupt_vdd_IRQHandler
                0x1008034c                cpuss_interrupts_dw0_7_IRQHandler
                0x1008034c                audioss_interrupt_i2s_IRQHandler
                0x1008034c                tcpwm_1_interrupts_5_IRQHandler
                0x1008034c                cpuss_interrupts_ipc_2_IRQHandler
                0x1008034c                cpuss_interrupts_dw0_10_IRQHandler
                0x1008034c                tcpwm_1_interrupts_19_IRQHandler
                0x1008034c                cpuss_interrupts_dw0_1_IRQHandler
                0x1008034c                ioss_interrupts_gpio_9_IRQHandler
                0x1008034c                usb_interrupt_lo_IRQHandler
                0x1008034c                cpuss_interrupts_ipc_8_IRQHandler
                0x1008034c                udb_interrupts_14_IRQHandler
                0x1008034c                cpuss_interrupts_dw0_3_IRQHandler
                0x10080350                UsageFault_Handler
                0x10080350                HardFault_Handler
                0x10080350                MemManage_Handler
                0x10080350                BusFault_Handler
 .text.main     0x1008036c       0x5c .\CortexM4\ARM_GCC_541\Debug\main_cm4.o
                0x1008036c                main
 .text.SystemInit
                0x100803c8       0x4c .\CortexM4\ARM_GCC_541\Debug\system_psoc6_cm4.o
                0x100803c8                SystemInit
 .text.Cy_SystemInit
                0x10080414       0x10 .\CortexM4\ARM_GCC_541\Debug\system_psoc6_cm4.o
                0x10080414                Cy_SystemInit
 .text.SystemCoreClockUpdate
                0x10080424      0x300 .\CortexM4\ARM_GCC_541\Debug\system_psoc6_cm4.o
                0x10080424                SystemCoreClockUpdate
 .text.Cy_SystemInitFpuEnable
                0x10080724       0x38 .\CortexM4\ARM_GCC_541\Debug\system_psoc6_cm4.o
                0x10080724                Cy_SystemInitFpuEnable
 .text.Cy_SysIpcPipeIsrCm4
                0x1008075c       0x10 .\CortexM4\ARM_GCC_541\Debug\system_psoc6_cm4.o
                0x1008075c                Cy_SysIpcPipeIsrCm4
 .text.WaitOneUnit
                0x1008076c       0x44 .\CortexM4\ARM_GCC_541\Debug\wait.o
                0x1008076c                WaitOneUnit
 .text.__NVIC_EnableIRQ
                0x100807b0       0x3c .\CortexM4\ARM_GCC_541\Debug\i2c.o
 .text.Cy_DMA_Enable
                0x100807ec       0x20 .\CortexM4\ARM_GCC_541\Debug\i2c.o
 .text.Cy_DMA_Descriptor_SetSrcAddress
                0x1008080c       0x1c .\CortexM4\ARM_GCC_541\Debug\i2c.o
 .text.Cy_DMA_Descriptor_SetDstAddress
                0x10080828       0x1c .\CortexM4\ARM_GCC_541\Debug\i2c.o
 .text.Cy_DMA_Channel_Enable
                0x10080844       0x80 .\CortexM4\ARM_GCC_541\Debug\i2c.o
 .text.Cy_DMA_Channel_ClearInterrupt
                0x100808c4       0x7c .\CortexM4\ARM_GCC_541\Debug\i2c.o
 .text.Cy_DMA_Channel_SetInterruptMask
                0x10080940       0x70 .\CortexM4\ARM_GCC_541\Debug\i2c.o
 .text.Cy_SCB_I2C_Enable
                0x100809b0       0x20 .\CortexM4\ARM_GCC_541\Debug\i2c.o
 .text.mI2C_Interrupt
                0x100809d0       0x18 .\CortexM4\ARM_GCC_541\Debug\i2c.o
 .text.HandleError
                0x100809e8        0x8 .\CortexM4\ARM_GCC_541\Debug\i2c.o
 .text.initI2C  0x100809f0       0xb0 .\CortexM4\ARM_GCC_541\Debug\i2c.o
                0x100809f0                initI2C
 .text.I2CDMAComplete
                0x10080aa0       0x1c .\CortexM4\ARM_GCC_541\Debug\i2c.o
                0x10080aa0                I2CDMAComplete
 .text.configureI2CDMA
                0x10080abc      0x194 .\CortexM4\ARM_GCC_541\Debug\i2c.o
                0x10080abc                configureI2CDMA
 .text.WriteCommandPacketToI2C
                0x10080c50       0xc0 .\CortexM4\ARM_GCC_541\Debug\i2c.o
                0x10080c50                WriteCommandPacketToI2C
 .text.ReadStatusPacketFromI2C
                0x10080d10       0xa8 .\CortexM4\ARM_GCC_541\Debug\i2c.o
                0x10080d10                ReadStatusPacketFromI2C
 .text.__NVIC_EnableIRQ
                0x10080db8       0x3c .\CortexM4\ARM_GCC_541\Debug\analog.o
 .text.Cy_DMA_Enable
                0x10080df4       0x20 .\CortexM4\ARM_GCC_541\Debug\analog.o
 .text.Cy_DMA_Descriptor_SetSrcAddress
                0x10080e14       0x1c .\CortexM4\ARM_GCC_541\Debug\analog.o
 .text.Cy_DMA_Descriptor_SetDstAddress
                0x10080e30       0x1c .\CortexM4\ARM_GCC_541\Debug\analog.o
 .text.Cy_DMA_Channel_Enable
                0x10080e4c       0x80 .\CortexM4\ARM_GCC_541\Debug\analog.o
 .text.Cy_DMA_Channel_ClearInterrupt
                0x10080ecc       0x7c .\CortexM4\ARM_GCC_541\Debug\analog.o
 .text.Cy_DMA_Channel_SetInterruptMask
                0x10080f48       0x70 .\CortexM4\ARM_GCC_541\Debug\analog.o
 .text.Cy_TCPWM_Enable_Multiple
                0x10080fb8       0x1c .\CortexM4\ARM_GCC_541\Debug\analog.o
 .text.Cy_TCPWM_TriggerStopOrKill
                0x10080fd4       0x1c .\CortexM4\ARM_GCC_541\Debug\analog.o
 .text.initADC  0x10080ff0       0xb4 .\CortexM4\ARM_GCC_541\Debug\analog.o
                0x10080ff0                initADC
 .text.configureDMA0
                0x100810a4       0xa4 .\CortexM4\ARM_GCC_541\Debug\analog.o
                0x100810a4                configureDMA0
 .text.ADCDMA0Complete
                0x10081148       0x28 .\CortexM4\ARM_GCC_541\Debug\analog.o
                0x10081148                ADCDMA0Complete
 .text.configureDMA1
                0x10081170       0xa4 .\CortexM4\ARM_GCC_541\Debug\analog.o
                0x10081170                configureDMA1
 .text.ADCDMA1Complete
                0x10081214       0x28 .\CortexM4\ARM_GCC_541\Debug\analog.o
                0x10081214                ADCDMA1Complete
 .text.configureDMA2
                0x1008123c       0xa4 .\CortexM4\ARM_GCC_541\Debug\analog.o
                0x1008123c                configureDMA2
 .text.ADCDMA2Complete
                0x100812e0       0x28 .\CortexM4\ARM_GCC_541\Debug\analog.o
                0x100812e0                ADCDMA2Complete
 .text.configureDMA3
                0x10081308       0xa4 .\CortexM4\ARM_GCC_541\Debug\analog.o
                0x10081308                configureDMA3
 .text.ADCDMA3Complete
                0x100813ac       0x28 .\CortexM4\ARM_GCC_541\Debug\analog.o
                0x100813ac                ADCDMA3Complete
 .text.handle_error
                0x100813d4        0x8 .\CortexM4\ARM_GCC_541\Debug\analog.o
                0x100813d4                handle_error
 .text.ADC_ISR_Callback
                0x100813dc       0x10 .\CortexM4\ARM_GCC_541\Debug\analog.o
                0x100813dc                ADC_ISR_Callback
 .text.__NVIC_EnableIRQ
                0x100813ec       0x3c .\CortexM4\ARM_GCC_541\Debug\serial.o
 .text.Cy_DMA_Enable
                0x10081428       0x20 .\CortexM4\ARM_GCC_541\Debug\serial.o
 .text.Cy_DMA_Descriptor_SetSrcAddress
                0x10081448       0x1c .\CortexM4\ARM_GCC_541\Debug\serial.o
 .text.Cy_DMA_Descriptor_SetDstAddress
                0x10081464       0x1c .\CortexM4\ARM_GCC_541\Debug\serial.o
 .text.Cy_DMA_Channel_SetDescriptor
                0x10081480       0xa8 .\CortexM4\ARM_GCC_541\Debug\serial.o
 .text.Cy_DMA_Channel_Enable
                0x10081528       0x80 .\CortexM4\ARM_GCC_541\Debug\serial.o
 .text.Cy_DMA_Channel_ClearInterrupt
                0x100815a8       0x7c .\CortexM4\ARM_GCC_541\Debug\serial.o
 .text.Cy_DMA_Channel_SetInterruptMask
                0x10081624       0x70 .\CortexM4\ARM_GCC_541\Debug\serial.o
 .text.selectUARTDMADescriptors
                0x10081694      0x118 .\CortexM4\ARM_GCC_541\Debug\serial.o
                0x10081694                selectUARTDMADescriptors
 .text.configureUARTDMA
                0x100817ac      0x314 .\CortexM4\ARM_GCC_541\Debug\serial.o
                0x100817ac                configureUARTDMA
 .text.UARTDMAComplete
                0x10081ac0       0x24 .\CortexM4\ARM_GCC_541\Debug\serial.o
                0x10081ac0                UARTDMAComplete
 .text.Cy_DMA_Channel_SetDescriptor
                0x10081ae4       0xa8 .\CortexM4\ARM_GCC_541\Debug\Si7021.o
 .text.Cy_DMA_Channel_Enable
                0x10081b8c       0x80 .\CortexM4\ARM_GCC_541\Debug\Si7021.o
 .text.initSI7021
                0x10081c0c       0x84 .\CortexM4\ARM_GCC_541\Debug\Si7021.o
                0x10081c0c                initSI7021
 .text.readTemp
                0x10081c90       0x58 .\CortexM4\ARM_GCC_541\Debug\Si7021.o
                0x10081c90                readTemp
 .text.readHumidity
                0x10081ce8       0x58 .\CortexM4\ARM_GCC_541\Debug\Si7021.o
                0x10081ce8                readHumidity
 .text.readSerial
                0x10081d40       0x58 .\CortexM4\ARM_GCC_541\Debug\Si7021.o
                0x10081d40                readSerial
 .text.Si7021Task
                0x10081d98       0xa0 .\CortexM4\ARM_GCC_541\Debug\Si7021.o
                0x10081d98                Si7021Task
 .text.Cy_SCB_ReadRxFifo
                0x10081e38       0x1c .\CortexM4\ARM_GCC_541\Debug\stdio_user.o
 .text.Cy_SCB_GetNumInRxFifo
                0x10081e54       0x20 .\CortexM4\ARM_GCC_541\Debug\stdio_user.o
 .text.Cy_SCB_UART_Get
                0x10081e74       0x18 .\CortexM4\ARM_GCC_541\Debug\stdio_user.o
 .text.Cy_SCB_UART_GetNumInRxFifo
                0x10081e8c       0x18 .\CortexM4\ARM_GCC_541\Debug\stdio_user.o
 .text.Cy_SCB_UART_Put
                0x10081ea4       0x1c .\CortexM4\ARM_GCC_541\Debug\stdio_user.o
 .text.STDIO_PutChar
                0x10081ec0       0x24 .\CortexM4\ARM_GCC_541\Debug\stdio_user.o
                0x10081ec0                STDIO_PutChar
 .text.STDIO_GetChar
                0x10081ee4       0x24 .\CortexM4\ARM_GCC_541\Debug\stdio_user.o
                0x10081ee4                STDIO_GetChar
 .text.__NVIC_EnableIRQ
                0x10081f08       0x3c .\CortexM4\ARM_GCC_541\Debug\cy_flash.o
 .text.Cy_SysClk_ClkPeriGetDivider
                0x10081f44       0x2c .\CortexM4\ARM_GCC_541\Debug\cy_flash.o
 .text.Cy_SysClk_ClkSlowGetDivider
                0x10081f70       0x2c .\CortexM4\ARM_GCC_541\Debug\cy_flash.o
 .text.Cy_IPC_Drv_GetIpcBaseAddress
                0x10081f9c       0x4c .\CortexM4\ARM_GCC_541\Debug\cy_flash.o
 .text.Cy_IPC_Drv_ReadDataValue
                0x10081fe8       0x18 .\CortexM4\ARM_GCC_541\Debug\cy_flash.o
 .text.Cy_IPC_Drv_IsLockAcquired
                0x10082000       0x30 .\CortexM4\ARM_GCC_541\Debug\cy_flash.o
 .text.Cy_IPC_Drv_SendMsgPtr
                0x10082030       0x38 .\CortexM4\ARM_GCC_541\Debug\cy_flash.o
 .text.Cy_Flash_InitExt
                0x10082068       0x8c .\CortexM4\ARM_GCC_541\Debug\cy_flash.o
                0x10082068                Cy_Flash_InitExt
 .text.Cy_Flash_Init
                0x100820f4       0x14 .\CortexM4\ARM_GCC_541\Debug\cy_flash.o
                0x100820f4                Cy_Flash_Init
 .text.Cy_Flash_ProcessOpcode
                0x10082108       0xf8 .\CortexM4\ARM_GCC_541\Debug\cy_flash.o
 .text.Cy_Flash_OperationStatus
                0x10082200       0x60 .\CortexM4\ARM_GCC_541\Debug\cy_flash.o
 .text.Cy_IPC_Drv_AcquireNotify
                0x10082260       0x34 .\CortexM4\ARM_GCC_541\Debug\cy_ipc_drv.o
 .text.Cy_IPC_Drv_ReleaseNotify
                0x10082294       0x34 .\CortexM4\ARM_GCC_541\Debug\cy_ipc_drv.o
 .text.Cy_IPC_Drv_WriteDataValue
                0x100822c8       0x1c .\CortexM4\ARM_GCC_541\Debug\cy_ipc_drv.o
 .text.Cy_IPC_Drv_ReadDataValue
                0x100822e4       0x18 .\CortexM4\ARM_GCC_541\Debug\cy_ipc_drv.o
 .text.Cy_IPC_Drv_IsLockAcquired
                0x100822fc       0x30 .\CortexM4\ARM_GCC_541\Debug\cy_ipc_drv.o
 .text.Cy_IPC_Drv_LockAcquire
                0x1008232c       0x2c .\CortexM4\ARM_GCC_541\Debug\cy_ipc_drv.o
 .text.Cy_IPC_Drv_LockRelease
                0x10082358       0x38 .\CortexM4\ARM_GCC_541\Debug\cy_ipc_drv.o
                0x10082358                Cy_IPC_Drv_LockRelease
 .text.Cy_IPC_Drv_SendMsgWord
                0x10082390       0x40 .\CortexM4\ARM_GCC_541\Debug\cy_ipc_drv.o
                0x10082390                Cy_IPC_Drv_SendMsgWord
 .text.Cy_IPC_Drv_ReadMsgWord
                0x100823d0       0x4c .\CortexM4\ARM_GCC_541\Debug\cy_ipc_drv.o
                0x100823d0                Cy_IPC_Drv_ReadMsgWord
 .text.Cy_IPC_Drv_GetIpcBaseAddress
                0x1008241c       0x4c .\CortexM4\ARM_GCC_541\Debug\cy_ipc_sema.o
 .text.Cy_IPC_Drv_ReadDataValue
                0x10082468       0x18 .\CortexM4\ARM_GCC_541\Debug\cy_ipc_sema.o
 .text.Cy_IPC_Drv_SendMsgPtr
                0x10082480       0x38 .\CortexM4\ARM_GCC_541\Debug\cy_ipc_sema.o
 .text.Cy_IPC_Drv_LockAcquire
                0x100824b8       0x2c .\CortexM4\ARM_GCC_541\Debug\cy_ipc_sema.o
 .text.Cy_IPC_Sema_Init
                0x100824e4       0x6c .\CortexM4\ARM_GCC_541\Debug\cy_ipc_sema.o
                0x100824e4                Cy_IPC_Sema_Init
 .text.Cy_IPC_Sema_InitExt
                0x10082550       0xbc .\CortexM4\ARM_GCC_541\Debug\cy_ipc_sema.o
                0x10082550                Cy_IPC_Sema_InitExt
 .text.Cy_IPC_Sema_Clear
                0x1008260c       0xe0 .\CortexM4\ARM_GCC_541\Debug\cy_ipc_sema.o
                0x1008260c                Cy_IPC_Sema_Clear
 .text.Cy_IPC_Sema_Status
                0x100826ec       0x74 .\CortexM4\ARM_GCC_541\Debug\cy_ipc_sema.o
                0x100826ec                Cy_IPC_Sema_Status
 .text.__NVIC_EnableIRQ
                0x10082760       0x3c .\CortexM4\ARM_GCC_541\Debug\cy_ipc_pipe.o
 .text.Cy_IPC_Drv_GetIpcBaseAddress
                0x1008279c       0x4c .\CortexM4\ARM_GCC_541\Debug\cy_ipc_pipe.o
 .text.Cy_IPC_Drv_GetIntrBaseAddr
                0x100827e8       0x44 .\CortexM4\ARM_GCC_541\Debug\cy_ipc_pipe.o
 .text.Cy_IPC_Drv_SetInterruptMask
                0x1008282c       0x50 .\CortexM4\ARM_GCC_541\Debug\cy_ipc_pipe.o
 .text.Cy_IPC_Drv_GetInterruptStatusMasked
                0x1008287c       0x18 .\CortexM4\ARM_GCC_541\Debug\cy_ipc_pipe.o
 .text.Cy_IPC_Drv_GetInterruptStatus
                0x10082894       0x18 .\CortexM4\ARM_GCC_541\Debug\cy_ipc_pipe.o
 .text.Cy_IPC_Drv_ClearInterrupt
                0x100828ac       0x54 .\CortexM4\ARM_GCC_541\Debug\cy_ipc_pipe.o
 .text.Cy_IPC_Drv_AcquireNotify
                0x10082900       0x34 .\CortexM4\ARM_GCC_541\Debug\cy_ipc_pipe.o
 .text.Cy_IPC_Drv_WriteDataValue
                0x10082934       0x1c .\CortexM4\ARM_GCC_541\Debug\cy_ipc_pipe.o
 .text.Cy_IPC_Drv_IsLockAcquired
                0x10082950       0x30 .\CortexM4\ARM_GCC_541\Debug\cy_ipc_pipe.o
 .text.Cy_IPC_Drv_ExtractAcquireMask
                0x10082980       0x18 .\CortexM4\ARM_GCC_541\Debug\cy_ipc_pipe.o
 .text.Cy_IPC_Drv_ExtractReleaseMask
                0x10082998       0x18 .\CortexM4\ARM_GCC_541\Debug\cy_ipc_pipe.o
 .text.Cy_IPC_Drv_ReadMsgPtr
                0x100829b0       0x30 .\CortexM4\ARM_GCC_541\Debug\cy_ipc_pipe.o
 .text.Cy_IPC_Drv_LockAcquire
                0x100829e0       0x2c .\CortexM4\ARM_GCC_541\Debug\cy_ipc_pipe.o
 .text.Cy_IPC_Pipe_Config
                0x10082a0c       0x28 .\CortexM4\ARM_GCC_541\Debug\cy_ipc_pipe.o
                0x10082a0c                Cy_IPC_Pipe_Config
 .text.Cy_IPC_Pipe_Init
                0x10082a34       0xd8 .\CortexM4\ARM_GCC_541\Debug\cy_ipc_pipe.o
                0x10082a34                Cy_IPC_Pipe_Init
 .text.Cy_IPC_Pipe_EndpointInit
                0x10082b0c       0xac .\CortexM4\ARM_GCC_541\Debug\cy_ipc_pipe.o
                0x10082b0c                Cy_IPC_Pipe_EndpointInit
 .text.Cy_IPC_Pipe_SendMessage
                0x10082bb8       0xf8 .\CortexM4\ARM_GCC_541\Debug\cy_ipc_pipe.o
                0x10082bb8                Cy_IPC_Pipe_SendMessage
 .text.Cy_IPC_Pipe_RegisterCallback
                0x10082cb0       0x78 .\CortexM4\ARM_GCC_541\Debug\cy_ipc_pipe.o
                0x10082cb0                Cy_IPC_Pipe_RegisterCallback
 .text.Cy_IPC_Pipe_ExecuteCallback
                0x10082d28       0x40 .\CortexM4\ARM_GCC_541\Debug\cy_ipc_pipe.o
                0x10082d28                Cy_IPC_Pipe_ExecuteCallback
 .text.Cy_IPC_Pipe_ExecCallback
                0x10082d68      0x150 .\CortexM4\ARM_GCC_541\Debug\cy_ipc_pipe.o
                0x10082d68                Cy_IPC_Pipe_ExecCallback
 .text.__NVIC_SetPriority
                0x10082eb8       0x54 .\CortexM4\ARM_GCC_541\Debug\cy_sysint.o
 .text.Cy_SysInt_Init
                0x10082f0c       0x70 .\CortexM4\ARM_GCC_541\Debug\cy_sysint.o
                0x10082f0c                Cy_SysInt_Init
 .text.Cy_SysInt_SetVector
                0x10082f7c       0x6c .\CortexM4\ARM_GCC_541\Debug\cy_sysint.o
                0x10082f7c                Cy_SysInt_SetVector
 .text.Cy_SysLib_Delay
                0x10082fe8       0x44 .\CortexM4\ARM_GCC_541\Debug\cy_syslib.o
                0x10082fe8                Cy_SysLib_Delay
 .text.Cy_SysLib_DelayUs
                0x1008302c       0x28 .\CortexM4\ARM_GCC_541\Debug\cy_syslib.o
                0x1008302c                Cy_SysLib_DelayUs
 .text.Cy_SysLib_Halt
                0x10083054        0xc .\CortexM4\ARM_GCC_541\Debug\cy_syslib.o
                0x10083054                Cy_SysLib_Halt
 .text.Cy_SysLib_AssertFailed
                0x10083060       0x28 .\CortexM4\ARM_GCC_541\Debug\cy_syslib.o
                0x10083060                Cy_SysLib_AssertFailed
 .text.Cy_SysLib_FaultHandler
                0x10083088      0x11c .\CortexM4\ARM_GCC_541\Debug\cy_syslib.o
                0x10083088                Cy_SysLib_FaultHandler
 .text.Cy_SysLib_ProcessingFault
                0x100831a4        0x8 .\CortexM4\ARM_GCC_541\Debug\cy_syslib.o
                0x100831a4                Cy_SysLib_ProcessingFault
 *fill*         0x100831ac        0x4 
 .text          0x100831b0       0x20 .\CortexM4\ARM_GCC_541\Debug\cy_syslib_gcc.o
                0x100831b0                Cy_SysLib_DelayCycles
                0x100831c2                Cy_SysLib_EnterCriticalSection
                0x100831ca                Cy_SysLib_ExitCriticalSection
 .text.Cy_SysLib_GetDeviceRevision
                0x100831d0       0x28 .\CortexM4\ARM_GCC_541\Debug\cy_syspm.o
 .text.Cy_TrigMux_SwTrigger
                0x100831f8      0x168 .\CortexM4\ARM_GCC_541\Debug\cy_trigmux.o
                0x100831f8                Cy_TrigMux_SwTrigger
 .text.Cy_PDL_Init
                0x10083360       0x20 .\CortexM4\ARM_GCC_541\Debug\cy_device.o
                0x10083360                Cy_PDL_Init
 .text.Cy_SAR_Init
                0x10083380      0x2e0 .\CortexM4\ARM_GCC_541\Debug\cy_sar.o
                0x10083380                Cy_SAR_Init
 .text.Cy_SAR_DeInit
                0x10083660       0xc0 .\CortexM4\ARM_GCC_541\Debug\cy_sar.o
                0x10083660                Cy_SAR_DeInit
 .text.Cy_SAR_Enable
                0x10083720       0x38 .\CortexM4\ARM_GCC_541\Debug\cy_sar.o
                0x10083720                Cy_SAR_Enable
 .text.Cy_SCB_ReadRxFifo
                0x10083758       0x1c .\CortexM4\ARM_GCC_541\Debug\cy_scb_common.o
 .text.Cy_SCB_GetNumInRxFifo
                0x10083774       0x20 .\CortexM4\ARM_GCC_541\Debug\cy_scb_common.o
 .text.Cy_SCB_WriteTxFifo
                0x10083794       0x20 .\CortexM4\ARM_GCC_541\Debug\cy_scb_common.o
 .text.Cy_SCB_GetNumInTxFifo
                0x100837b4       0x20 .\CortexM4\ARM_GCC_541\Debug\cy_scb_common.o
 .text.Cy_SCB_GetFifoSize
                0x100837d4       0x28 .\CortexM4\ARM_GCC_541\Debug\cy_scb_common.o
 .text.Cy_SCB_IsRxDataWidthByte
                0x100837fc       0x28 .\CortexM4\ARM_GCC_541\Debug\cy_scb_common.o
 .text.Cy_SCB_IsTxDataWidthByte
                0x10083824       0x28 .\CortexM4\ARM_GCC_541\Debug\cy_scb_common.o
 .text.Cy_SCB_ReadArrayNoCheck
                0x1008384c       0x78 .\CortexM4\ARM_GCC_541\Debug\cy_scb_common.o
                0x1008384c                Cy_SCB_ReadArrayNoCheck
 .text.Cy_SCB_ReadArray
                0x100838c4       0x34 .\CortexM4\ARM_GCC_541\Debug\cy_scb_common.o
                0x100838c4                Cy_SCB_ReadArray
 .text.Cy_SCB_Write
                0x100838f8       0x38 .\CortexM4\ARM_GCC_541\Debug\cy_scb_common.o
                0x100838f8                Cy_SCB_Write
 .text.Cy_SCB_WriteArrayNoCheck
                0x10083930       0x74 .\CortexM4\ARM_GCC_541\Debug\cy_scb_common.o
                0x10083930                Cy_SCB_WriteArrayNoCheck
 .text.Cy_SCB_WriteArray
                0x100839a4       0x40 .\CortexM4\ARM_GCC_541\Debug\cy_scb_common.o
                0x100839a4                Cy_SCB_WriteArray
 .text.Cy_SCB_WriteDefaultArrayNoCheck
                0x100839e4       0x2c .\CortexM4\ARM_GCC_541\Debug\cy_scb_common.o
                0x100839e4                Cy_SCB_WriteDefaultArrayNoCheck
 .text.Cy_SCB_WriteDefaultArray
                0x10083a10       0x40 .\CortexM4\ARM_GCC_541\Debug\cy_scb_common.o
                0x10083a10                Cy_SCB_WriteDefaultArray
 .text.Cy_SCB_ReadRxFifo
                0x10083a50       0x1c .\CortexM4\ARM_GCC_541\Debug\cy_scb_i2c.o
 .text.Cy_SCB_SetRxFifoLevel
                0x10083a6c       0x44 .\CortexM4\ARM_GCC_541\Debug\cy_scb_i2c.o
 .text.Cy_SCB_GetNumInRxFifo
                0x10083ab0       0x20 .\CortexM4\ARM_GCC_541\Debug\cy_scb_i2c.o
 .text.Cy_SCB_ClearRxFifo
                0x10083ad0       0x3c .\CortexM4\ARM_GCC_541\Debug\cy_scb_i2c.o
 .text.Cy_SCB_WriteTxFifo
                0x10083b0c       0x20 .\CortexM4\ARM_GCC_541\Debug\cy_scb_i2c.o
 .text.Cy_SCB_SetTxFifoLevel
                0x10083b2c       0x44 .\CortexM4\ARM_GCC_541\Debug\cy_scb_i2c.o
 .text.Cy_SCB_GetNumInTxFifo
                0x10083b70       0x20 .\CortexM4\ARM_GCC_541\Debug\cy_scb_i2c.o
 .text.Cy_SCB_GetTxSrValid
                0x10083b90       0x20 .\CortexM4\ARM_GCC_541\Debug\cy_scb_i2c.o
 .text.Cy_SCB_ClearTxFifo
                0x10083bb0       0x3c .\CortexM4\ARM_GCC_541\Debug\cy_scb_i2c.o
 .text.Cy_SCB_GetInterruptCause
                0x10083bec       0x1c .\CortexM4\ARM_GCC_541\Debug\cy_scb_i2c.o
 .text.Cy_SCB_SetRxInterruptMask
                0x10083c08       0x38 .\CortexM4\ARM_GCC_541\Debug\cy_scb_i2c.o
 .text.Cy_SCB_GetRxInterruptStatusMasked
                0x10083c40       0x1c .\CortexM4\ARM_GCC_541\Debug\cy_scb_i2c.o
 .text.Cy_SCB_ClearRxInterrupt
                0x10083c5c       0x3c .\CortexM4\ARM_GCC_541\Debug\cy_scb_i2c.o
 .text.Cy_SCB_SetRxInterrupt
                0x10083c98       0x38 .\CortexM4\ARM_GCC_541\Debug\cy_scb_i2c.o
 .text.Cy_SCB_SetTxInterruptMask
                0x10083cd0       0x38 .\CortexM4\ARM_GCC_541\Debug\cy_scb_i2c.o
 .text.Cy_SCB_GetTxInterruptStatusMasked
                0x10083d08       0x1c .\CortexM4\ARM_GCC_541\Debug\cy_scb_i2c.o
 .text.Cy_SCB_ClearTxInterrupt
                0x10083d24       0x3c .\CortexM4\ARM_GCC_541\Debug\cy_scb_i2c.o
 .text.Cy_SCB_GetMasterInterruptStatus
                0x10083d60       0x20 .\CortexM4\ARM_GCC_541\Debug\cy_scb_i2c.o
 .text.Cy_SCB_SetMasterInterruptMask
                0x10083d80       0x38 .\CortexM4\ARM_GCC_541\Debug\cy_scb_i2c.o
 .text.Cy_SCB_GetMasterInterruptStatusMasked
                0x10083db8       0x1c .\CortexM4\ARM_GCC_541\Debug\cy_scb_i2c.o
 .text.Cy_SCB_ClearMasterInterrupt
                0x10083dd4       0x3c .\CortexM4\ARM_GCC_541\Debug\cy_scb_i2c.o
 .text.Cy_SCB_SetSlaveInterruptMask
                0x10083e10       0x38 .\CortexM4\ARM_GCC_541\Debug\cy_scb_i2c.o
 .text.Cy_SCB_GetSlaveInterruptStatusMasked
                0x10083e48       0x1c .\CortexM4\ARM_GCC_541\Debug\cy_scb_i2c.o
 .text.Cy_SCB_ClearSlaveInterrupt
                0x10083e64       0x3c .\CortexM4\ARM_GCC_541\Debug\cy_scb_i2c.o
 .text.Cy_SCB_GetI2CInterruptStatusMasked
                0x10083ea0       0x1c .\CortexM4\ARM_GCC_541\Debug\cy_scb_i2c.o
 .text.Cy_SCB_ClearI2CInterrupt
                0x10083ebc       0x38 .\CortexM4\ARM_GCC_541\Debug\cy_scb_i2c.o
 .text.Cy_SCB_GetFifoSize
                0x10083ef4       0x28 .\CortexM4\ARM_GCC_541\Debug\cy_scb_i2c.o
 .text.Cy_SCB_FwBlockReset
                0x10083f1c       0x3c .\CortexM4\ARM_GCC_541\Debug\cy_scb_i2c.o
 .text.Cy_SCB_GetRxFifoLevel
                0x10083f58       0x1c .\CortexM4\ARM_GCC_541\Debug\cy_scb_i2c.o
 .text.Cy_SCB_I2C_MasterSetLowPhaseDutyCycle
                0x10083f74       0x44 .\CortexM4\ARM_GCC_541\Debug\cy_scb_i2c.o
 .text.Cy_SCB_I2C_MasterSetHighPhaseDutyCycle
                0x10083fb8       0x44 .\CortexM4\ARM_GCC_541\Debug\cy_scb_i2c.o
 .text.Cy_SCB_I2C_Init
                0x10083ffc      0x244 .\CortexM4\ARM_GCC_541\Debug\cy_scb_i2c.o
                0x10083ffc                Cy_SCB_I2C_Init
 .text.Cy_SCB_I2C_Disable
                0x10084240       0x38 .\CortexM4\ARM_GCC_541\Debug\cy_scb_i2c.o
                0x10084240                Cy_SCB_I2C_Disable
 .text.Cy_SCB_I2C_SetDataRate
                0x10084278      0x270 .\CortexM4\ARM_GCC_541\Debug\cy_scb_i2c.o
                0x10084278                Cy_SCB_I2C_SetDataRate
 .text.Cy_SCB_I2C_GetDataRate
                0x100844e8       0xd0 .\CortexM4\ARM_GCC_541\Debug\cy_scb_i2c.o
                0x100844e8                Cy_SCB_I2C_GetDataRate
 .text.Cy_SCB_I2C_MasterGetStatus
                0x100845b8       0x1c .\CortexM4\ARM_GCC_541\Debug\cy_scb_i2c.o
                0x100845b8                Cy_SCB_I2C_MasterGetStatus
 .text.Cy_SCB_I2C_MasterRead
                0x100845d4      0x194 .\CortexM4\ARM_GCC_541\Debug\cy_scb_i2c.o
                0x100845d4                Cy_SCB_I2C_MasterRead
 .text.Cy_SCB_I2C_MasterWrite
                0x10084768      0x170 .\CortexM4\ARM_GCC_541\Debug\cy_scb_i2c.o
                0x10084768                Cy_SCB_I2C_MasterWrite
 .text.Cy_SCB_I2C_MasterGetTransferCount
                0x100848d8       0x1c .\CortexM4\ARM_GCC_541\Debug\cy_scb_i2c.o
                0x100848d8                Cy_SCB_I2C_MasterGetTransferCount
 .text.Cy_SCB_I2C_Interrupt
                0x100848f4       0x30 .\CortexM4\ARM_GCC_541\Debug\cy_scb_i2c.o
                0x100848f4                Cy_SCB_I2C_Interrupt
 .text.Cy_SCB_I2C_SlaveInterrupt
                0x10084924      0x128 .\CortexM4\ARM_GCC_541\Debug\cy_scb_i2c.o
                0x10084924                Cy_SCB_I2C_SlaveInterrupt
 .text.SlaveHandleAddress
                0x10084a4c      0x1bc .\CortexM4\ARM_GCC_541\Debug\cy_scb_i2c.o
 .text.SlaveHandleDataReceive
                0x10084c08      0x104 .\CortexM4\ARM_GCC_541\Debug\cy_scb_i2c.o
 .text.SlaveHandleDataTransmit
                0x10084d0c      0x16c .\CortexM4\ARM_GCC_541\Debug\cy_scb_i2c.o
 .text.SlaveHandleStop
                0x10084e78      0x128 .\CortexM4\ARM_GCC_541\Debug\cy_scb_i2c.o
 .text.Cy_SCB_I2C_MasterInterrupt
                0x10084fa0       0xb8 .\CortexM4\ARM_GCC_541\Debug\cy_scb_i2c.o
                0x10084fa0                Cy_SCB_I2C_MasterInterrupt
 .text.MasterHandleEvents
                0x10085058       0xb0 .\CortexM4\ARM_GCC_541\Debug\cy_scb_i2c.o
 .text.MasterHandleDataReceive
                0x10085108      0x114 .\CortexM4\ARM_GCC_541\Debug\cy_scb_i2c.o
 .text.MasterHandleDataTransmit
                0x1008521c      0x120 .\CortexM4\ARM_GCC_541\Debug\cy_scb_i2c.o
 .text.MasterHandleStop
                0x1008533c       0x50 .\CortexM4\ARM_GCC_541\Debug\cy_scb_i2c.o
 .text.MasterHandleComplete
                0x1008538c      0x148 .\CortexM4\ARM_GCC_541\Debug\cy_scb_i2c.o
 .text.Cy_SCB_ReadRxFifo
                0x100854d4       0x1c .\CortexM4\ARM_GCC_541\Debug\cy_scb_uart.o
 .text.Cy_SCB_SetRxFifoLevel
                0x100854f0       0x44 .\CortexM4\ARM_GCC_541\Debug\cy_scb_uart.o
 .text.Cy_SCB_GetNumInRxFifo
                0x10085534       0x20 .\CortexM4\ARM_GCC_541\Debug\cy_scb_uart.o
 .text.Cy_SCB_WriteTxFifo
                0x10085554       0x20 .\CortexM4\ARM_GCC_541\Debug\cy_scb_uart.o
 .text.Cy_SCB_GetNumInTxFifo
                0x10085574       0x20 .\CortexM4\ARM_GCC_541\Debug\cy_scb_uart.o
 .text.Cy_SCB_GetInterruptCause
                0x10085594       0x1c .\CortexM4\ARM_GCC_541\Debug\cy_scb_uart.o
 .text.Cy_SCB_SetRxInterruptMask
                0x100855b0       0x38 .\CortexM4\ARM_GCC_541\Debug\cy_scb_uart.o
 .text.Cy_SCB_GetRxInterruptStatusMasked
                0x100855e8       0x1c .\CortexM4\ARM_GCC_541\Debug\cy_scb_uart.o
 .text.Cy_SCB_ClearRxInterrupt
                0x10085604       0x3c .\CortexM4\ARM_GCC_541\Debug\cy_scb_uart.o
 .text.Cy_SCB_SetTxInterruptMask
                0x10085640       0x38 .\CortexM4\ARM_GCC_541\Debug\cy_scb_uart.o
 .text.Cy_SCB_GetTxInterruptMask
                0x10085678       0x1c .\CortexM4\ARM_GCC_541\Debug\cy_scb_uart.o
 .text.Cy_SCB_GetTxInterruptStatusMasked
                0x10085694       0x1c .\CortexM4\ARM_GCC_541\Debug\cy_scb_uart.o
 .text.Cy_SCB_ClearTxInterrupt
                0x100856b0       0x3c .\CortexM4\ARM_GCC_541\Debug\cy_scb_uart.o
 .text.Cy_SCB_GetFifoSize
                0x100856ec       0x28 .\CortexM4\ARM_GCC_541\Debug\cy_scb_uart.o
 .text.Cy_SCB_IsRxDataWidthByte
                0x10085714       0x28 .\CortexM4\ARM_GCC_541\Debug\cy_scb_uart.o
 .text.Cy_SCB_IsTxDataWidthByte
                0x1008573c       0x28 .\CortexM4\ARM_GCC_541\Debug\cy_scb_uart.o
 .text.Cy_SCB_UART_GetArray
                0x10085764       0x3c .\CortexM4\ARM_GCC_541\Debug\cy_scb_uart.o
 .text.Cy_SCB_UART_PutArray
                0x100857a0       0x3c .\CortexM4\ARM_GCC_541\Debug\cy_scb_uart.o
 .text.Cy_SCB_UART_Init
                0x100857dc      0x4e0 .\CortexM4\ARM_GCC_541\Debug\cy_scb_uart.o
                0x100857dc                Cy_SCB_UART_Init
 .text.Cy_SCB_UART_GetNumInRingBuffer
                0x10085cbc       0x44 .\CortexM4\ARM_GCC_541\Debug\cy_scb_uart.o
                0x10085cbc                Cy_SCB_UART_GetNumInRingBuffer
 .text.Cy_SCB_UART_Interrupt
                0x10085d00      0x15c .\CortexM4\ARM_GCC_541\Debug\cy_scb_uart.o
                0x10085d00                Cy_SCB_UART_Interrupt
 .text.HandleDataReceive
                0x10085e5c       0xe4 .\CortexM4\ARM_GCC_541\Debug\cy_scb_uart.o
 .text.HandleRingBuffer
                0x10085f40       0xfc .\CortexM4\ARM_GCC_541\Debug\cy_scb_uart.o
 .text.HandleDataTransmit
                0x1008603c       0xfc .\CortexM4\ARM_GCC_541\Debug\cy_scb_uart.o
 .text.Cy_DMA_Channel_SetDescriptor
                0x10086138       0xa8 .\CortexM4\ARM_GCC_541\Debug\cy_dma.o
 .text.Cy_DMA_Descriptor_Init
                0x100861e0      0x404 .\CortexM4\ARM_GCC_541\Debug\cy_dma.o
                0x100861e0                Cy_DMA_Descriptor_Init
 .text.Cy_DMA_Channel_Init
                0x100865e4       0xf0 .\CortexM4\ARM_GCC_541\Debug\cy_dma.o
                0x100865e4                Cy_DMA_Channel_Init
 .text.Cy_TCPWM_Counter_Init
                0x100866d4      0x1a4 .\CortexM4\ARM_GCC_541\Debug\cy_tcpwm_counter.o
                0x100866d4                Cy_TCPWM_Counter_Init
 .text.vListInitialise
                0x10086878       0x40 .\CortexM4\ARM_GCC_541\Debug\list.o
                0x10086878                vListInitialise
 .text.vListInitialiseItem
                0x100868b8       0x1c .\CortexM4\ARM_GCC_541\Debug\list.o
                0x100868b8                vListInitialiseItem
 .text.vListInsertEnd
                0x100868d4       0x48 .\CortexM4\ARM_GCC_541\Debug\list.o
                0x100868d4                vListInsertEnd
 .text.vListInsert
                0x1008691c       0x74 .\CortexM4\ARM_GCC_541\Debug\list.o
                0x1008691c                vListInsert
 .text.uxListRemove
                0x10086990       0x54 .\CortexM4\ARM_GCC_541\Debug\list.o
                0x10086990                uxListRemove
 .text.xQueueGenericReset
                0x100869e4       0xd0 .\CortexM4\ARM_GCC_541\Debug\queue.o
                0x100869e4                xQueueGenericReset
 .text.xQueueGenericCreate
                0x10086ab4       0x74 .\CortexM4\ARM_GCC_541\Debug\queue.o
                0x10086ab4                xQueueGenericCreate
 .text.prvInitialiseNewQueue
                0x10086b28       0x40 .\CortexM4\ARM_GCC_541\Debug\queue.o
 .text.xQueueGenericSend
                0x10086b68      0x1f4 .\CortexM4\ARM_GCC_541\Debug\queue.o
                0x10086b68                xQueueGenericSend
 .text.xQueueGenericSendFromISR
                0x10086d5c      0x128 .\CortexM4\ARM_GCC_541\Debug\queue.o
                0x10086d5c                xQueueGenericSendFromISR
 .text.xQueueReceive
                0x10086e84      0x1b8 .\CortexM4\ARM_GCC_541\Debug\queue.o
                0x10086e84                xQueueReceive
 .text.prvCopyDataToQueue
                0x1008703c       0xb8 .\CortexM4\ARM_GCC_541\Debug\queue.o
 .text.prvCopyDataFromQueue
                0x100870f4       0x4c .\CortexM4\ARM_GCC_541\Debug\queue.o
 .text.prvUnlockQueue
                0x10087140       0xa4 .\CortexM4\ARM_GCC_541\Debug\queue.o
 .text.prvIsQueueEmpty
                0x100871e4       0x2c .\CortexM4\ARM_GCC_541\Debug\queue.o
 .text.prvIsQueueFull
                0x10087210       0x30 .\CortexM4\ARM_GCC_541\Debug\queue.o
 .text.vQueueAddToRegistry
                0x10087240       0x50 .\CortexM4\ARM_GCC_541\Debug\queue.o
                0x10087240                vQueueAddToRegistry
 .text.vQueueWaitForMessageRestricted
                0x10087290       0x68 .\CortexM4\ARM_GCC_541\Debug\queue.o
                0x10087290                vQueueWaitForMessageRestricted
 .text.xTaskCreate
                0x100872f8       0x84 .\CortexM4\ARM_GCC_541\Debug\tasks.o
                0x100872f8                xTaskCreate
 .text.prvInitialiseNewTask
                0x1008737c      0x120 .\CortexM4\ARM_GCC_541\Debug\tasks.o
 .text.prvAddNewTaskToReadyList
                0x1008749c       0xd8 .\CortexM4\ARM_GCC_541\Debug\tasks.o
 .text.vTaskDelayUntil
                0x10087574       0xf4 .\CortexM4\ARM_GCC_541\Debug\tasks.o
                0x10087574                vTaskDelayUntil
 .text.vTaskStartScheduler
                0x10087668       0x98 .\CortexM4\ARM_GCC_541\Debug\tasks.o
                0x10087668                vTaskStartScheduler
 .text.vTaskSuspendAll
                0x10087700       0x1c .\CortexM4\ARM_GCC_541\Debug\tasks.o
                0x10087700                vTaskSuspendAll
 .text.xTaskResumeAll
                0x1008771c      0x138 .\CortexM4\ARM_GCC_541\Debug\tasks.o
                0x1008771c                xTaskResumeAll
 .text.xTaskGetTickCount
                0x10087854       0x20 .\CortexM4\ARM_GCC_541\Debug\tasks.o
                0x10087854                xTaskGetTickCount
 .text.xTaskIncrementTick
                0x10087874      0x15c .\CortexM4\ARM_GCC_541\Debug\tasks.o
                0x10087874                xTaskIncrementTick
 .text.vTaskSwitchContext
                0x100879d0      0x104 .\CortexM4\ARM_GCC_541\Debug\tasks.o
                0x100879d0                vTaskSwitchContext
 .text.vTaskPlaceOnEventList
                0x10087ad4       0x48 .\CortexM4\ARM_GCC_541\Debug\tasks.o
                0x10087ad4                vTaskPlaceOnEventList
 .text.vTaskPlaceOnEventListRestricted
                0x10087b1c       0x54 .\CortexM4\ARM_GCC_541\Debug\tasks.o
                0x10087b1c                vTaskPlaceOnEventListRestricted
 .text.xTaskRemoveFromEventList
                0x10087b70       0xc4 .\CortexM4\ARM_GCC_541\Debug\tasks.o
                0x10087b70                xTaskRemoveFromEventList
 .text.vTaskInternalSetTimeOutState
                0x10087c34       0x2c .\CortexM4\ARM_GCC_541\Debug\tasks.o
                0x10087c34                vTaskInternalSetTimeOutState
 .text.xTaskCheckForTimeOut
                0x10087c60       0xc0 .\CortexM4\ARM_GCC_541\Debug\tasks.o
                0x10087c60                xTaskCheckForTimeOut
 .text.vTaskMissedYield
                0x10087d20       0x18 .\CortexM4\ARM_GCC_541\Debug\tasks.o
                0x10087d20                vTaskMissedYield
 .text.prvIdleTask
                0x10087d38       0x30 .\CortexM4\ARM_GCC_541\Debug\tasks.o
 .text.prvInitialiseTaskLists
                0x10087d68       0x80 .\CortexM4\ARM_GCC_541\Debug\tasks.o
 .text.prvCheckTasksWaitingTermination
                0x10087de8       0x58 .\CortexM4\ARM_GCC_541\Debug\tasks.o
 .text.prvDeleteTCB
                0x10087e40       0x20 .\CortexM4\ARM_GCC_541\Debug\tasks.o
 .text.prvResetNextTaskUnblockTime
                0x10087e60       0x4c .\CortexM4\ARM_GCC_541\Debug\tasks.o
 .text.xTaskGetSchedulerState
                0x10087eac       0x3c .\CortexM4\ARM_GCC_541\Debug\tasks.o
                0x10087eac                xTaskGetSchedulerState
 .text.prvAddCurrentTaskToDelayedList
                0x10087ee8       0xa8 .\CortexM4\ARM_GCC_541\Debug\tasks.o
 .text.xTimerCreateTimerTask
                0x10087f90       0x60 .\CortexM4\ARM_GCC_541\Debug\timers.o
                0x10087f90                xTimerCreateTimerTask
 .text.xTimerGenericCommand
                0x10087ff0       0x98 .\CortexM4\ARM_GCC_541\Debug\timers.o
                0x10087ff0                xTimerGenericCommand
 .text.prvProcessExpiredTimer
                0x10088088       0x80 .\CortexM4\ARM_GCC_541\Debug\timers.o
 .text.prvTimerTask
                0x10088108       0x24 .\CortexM4\ARM_GCC_541\Debug\timers.o
 .text.prvProcessTimerOrBlockTask
                0x1008812c       0x9c .\CortexM4\ARM_GCC_541\Debug\timers.o
 .text.prvGetNextExpireTime
                0x100881c8       0x48 .\CortexM4\ARM_GCC_541\Debug\timers.o
 .text.prvSampleTimeNow
                0x10088210       0x40 .\CortexM4\ARM_GCC_541\Debug\timers.o
 .text.prvInsertTimerInActiveList
                0x10088250       0x84 .\CortexM4\ARM_GCC_541\Debug\timers.o
 .text.prvProcessReceivedCommands
                0x100882d4      0x124 .\CortexM4\ARM_GCC_541\Debug\timers.o
 .text.prvSwitchTimerLists
                0x100883f8       0xc0 .\CortexM4\ARM_GCC_541\Debug\timers.o
 .text.prvCheckForValidListAndQueue
                0x100884b8       0x6c .\CortexM4\ARM_GCC_541\Debug\timers.o
 .text.pxPortInitialiseStack
                0x10088524       0x68 .\CortexM4\ARM_GCC_541\Debug\port.o
                0x10088524                pxPortInitialiseStack
 .text.prvTaskExitError
                0x1008858c       0x54 .\CortexM4\ARM_GCC_541\Debug\port.o
 .text.SVC_Handler
                0x100885e0       0x28 .\CortexM4\ARM_GCC_541\Debug\port.o
                0x100885e0                SVC_Handler
 .text.prvPortStartFirstTask
                0x10088608       0x28 .\CortexM4\ARM_GCC_541\Debug\port.o
 .text.xPortStartScheduler
                0x10088630       0xf4 .\CortexM4\ARM_GCC_541\Debug\port.o
                0x10088630                xPortStartScheduler
 .text.vPortEnterCritical
                0x10088724       0x5c .\CortexM4\ARM_GCC_541\Debug\port.o
                0x10088724                vPortEnterCritical
 .text.vPortExitCritical
                0x10088780       0x50 .\CortexM4\ARM_GCC_541\Debug\port.o
                0x10088780                vPortExitCritical
 .text.PendSV_Handler
                0x100887d0       0x68 .\CortexM4\ARM_GCC_541\Debug\port.o
                0x100887d0                PendSV_Handler
 .text.SysTick_Handler
                0x10088838       0x40 .\CortexM4\ARM_GCC_541\Debug\port.o
                0x10088838                SysTick_Handler
 .text.vPortSetupTimerInterrupt
                0x10088878       0x48 .\CortexM4\ARM_GCC_541\Debug\port.o
                0x10088878                vPortSetupTimerInterrupt
 .text.vPortEnableVFP
                0x100888c0       0x14 .\CortexM4\ARM_GCC_541\Debug\port.o
 .text.vPortValidateInterruptPriority
                0x100888d4       0x7c .\CortexM4\ARM_GCC_541\Debug\port.o
                0x100888d4                vPortValidateInterruptPriority
 .text.vApplicationStackOverflowHook
                0x10088950       0x2c .\CortexM4\ARM_GCC_541\Debug\port.o
                0x10088950                vApplicationStackOverflowHook
 .text.pvPortMalloc
                0x1008897c       0x8c .\CortexM4\ARM_GCC_541\Debug\heap_1.o
                0x1008897c                pvPortMalloc
 .text.vPortFree
                0x10088a08       0x30 .\CortexM4\ARM_GCC_541\Debug\heap_1.o
                0x10088a08                vPortFree
 .text._write   0x10088a38       0x40 .\CortexM4\ARM_GCC_541\Debug\retarget.o
                0x10088a38                _write
 .text._read    0x10088a78       0x54 .\CortexM4\ARM_GCC_541\Debug\retarget.o
                0x10088a78                _read
 .text.__NVIC_EnableIRQ
                0x10088acc       0x3c .\CortexM4\ARM_GCC_541\Debug\ADC.o
 .text.Cy_SysClk_PeriphSetDivider
                0x10088b08       0xe0 .\CortexM4\ARM_GCC_541\Debug\ADC.o
 .text.Cy_SysClk_PeriphEnableDivider
                0x10088be8       0xd0 .\CortexM4\ARM_GCC_541\Debug\ADC.o
 .text.Cy_SysClk_PeriphDisableDivider
                0x10088cb8       0xa0 .\CortexM4\ARM_GCC_541\Debug\ADC.o
 .text.ADC_intSarClock_Enable
                0x10088d58       0x10 .\CortexM4\ARM_GCC_541\Debug\ADC.o
 .text.ADC_intSarClock_Disable
                0x10088d68       0x10 .\CortexM4\ARM_GCC_541\Debug\ADC.o
 .text.ADC_intSarClock_SetDivider
                0x10088d78       0x1c .\CortexM4\ARM_GCC_541\Debug\ADC.o
 .text.ADC_Enable
                0x10088d94       0x14 .\CortexM4\ARM_GCC_541\Debug\ADC.o
 .text.ADC_Start
                0x10088da8       0x30 .\CortexM4\ARM_GCC_541\Debug\ADC.o
                0x10088da8                ADC_Start
 .text.ADC_InitConfig
                0x10088dd8       0x40 .\CortexM4\ARM_GCC_541\Debug\ADC.o
                0x10088dd8                ADC_InitConfig
 .text.ADC_IRQ_Enable
                0x10088e18       0x18 .\CortexM4\ARM_GCC_541\Debug\ADC.o
                0x10088e18                ADC_IRQ_Enable
 .text.ADC_Init
                0x10088e30       0x5c .\CortexM4\ARM_GCC_541\Debug\ADC.o
                0x10088e30                ADC_Init
 .text.Cy_SAR_GetInterruptStatus
                0x10088e8c       0x1c .\CortexM4\ARM_GCC_541\Debug\ADC_INT.o
 .text.Cy_SAR_ClearInterrupt
                0x10088ea8       0x34 .\CortexM4\ARM_GCC_541\Debug\ADC_INT.o
 .text.ADC_ISR  0x10088edc       0x2c .\CortexM4\ARM_GCC_541\Debug\ADC_INT.o
                0x10088edc                ADC_ISR
 .text.__NVIC_EnableIRQ
                0x10088f08       0x3c .\CortexM4\ARM_GCC_541\Debug\UART.o
 .text.Cy_SCB_UART_Enable
                0x10088f44       0x20 .\CortexM4\ARM_GCC_541\Debug\UART.o
 .text.UART_Interrupt
                0x10088f64       0x18 .\CortexM4\ARM_GCC_541\Debug\UART.o
 .text.UART_Start
                0x10088f7c       0x54 .\CortexM4\ARM_GCC_541\Debug\UART.o
                0x10088f7c                UART_Start
 .text.memcpy   0x10088fd0       0x16 c:/program files (x86)/cypress/psoc creator/4.2/psoc creator/import/gnu/arm/5.4.1/bin/../lib/gcc/arm-none-eabi/5.4.1/../../../../arm-none-eabi/lib/armv7e-m/softfp\libg_nano.a(lib_a-memcpy-stub.o)
                0x10088fd0                memcpy
 .text.memset   0x10088fe6       0x10 c:/program files (x86)/cypress/psoc creator/4.2/psoc creator/import/gnu/arm/5.4.1/bin/../lib/gcc/arm-none-eabi/5.4.1/../../../../arm-none-eabi/lib/armv7e-m/softfp\libg_nano.a(lib_a-memset.o)
                0x10088fe6                memset
 *fill*         0x10088ff6        0x2 
 .text._puts_r  0x10088ff8       0xb4 c:/program files (x86)/cypress/psoc creator/4.2/psoc creator/import/gnu/arm/5.4.1/bin/../lib/gcc/arm-none-eabi/5.4.1/../../../../arm-none-eabi/lib/armv7e-m/softfp\libg_nano.a(lib_a-puts.o)
                0x10088ff8                _puts_r
 .text.puts     0x100890ac       0x10 c:/program files (x86)/cypress/psoc creator/4.2/psoc creator/import/gnu/arm/5.4.1/bin/../lib/gcc/arm-none-eabi/5.4.1/../../../../arm-none-eabi/lib/armv7e-m/softfp\libg_nano.a(lib_a-puts.o)
                0x100890ac                puts
 .text.strncpy  0x100890bc       0x26 c:/program files (x86)/cypress/psoc creator/4.2/psoc creator/import/gnu/arm/5.4.1/bin/../lib/gcc/arm-none-eabi/5.4.1/../../../../arm-none-eabi/lib/armv7e-m/softfp\libg_nano.a(lib_a-strncpy.o)
                0x100890bc                strncpy
 *fill*         0x100890e2        0x2 
 .text.__swbuf_r
                0x100890e4       0xa8 c:/program files (x86)/cypress/psoc creator/4.2/psoc creator/import/gnu/arm/5.4.1/bin/../lib/gcc/arm-none-eabi/5.4.1/../../../../arm-none-eabi/lib/armv7e-m/softfp\libg_nano.a(lib_a-wbuf.o)
                0x100890e4                __swbuf_r
 .text.__swsetup_r
                0x1008918c       0xdc c:/program files (x86)/cypress/psoc creator/4.2/psoc creator/import/gnu/arm/5.4.1/bin/../lib/gcc/arm-none-eabi/5.4.1/../../../../arm-none-eabi/lib/armv7e-m/softfp\libg_nano.a(lib_a-wsetup.o)
                0x1008918c                __swsetup_r
 .text.__sflush_r
                0x10089268      0x110 c:/program files (x86)/cypress/psoc creator/4.2/psoc creator/import/gnu/arm/5.4.1/bin/../lib/gcc/arm-none-eabi/5.4.1/../../../../arm-none-eabi/lib/armv7e-m/softfp\libg_nano.a(lib_a-fflush.o)
                0x10089268                __sflush_r
 .text._fflush_r
                0x10089378       0x54 c:/program files (x86)/cypress/psoc creator/4.2/psoc creator/import/gnu/arm/5.4.1/bin/../lib/gcc/arm-none-eabi/5.4.1/../../../../arm-none-eabi/lib/armv7e-m/softfp\libg_nano.a(lib_a-fflush.o)
                0x10089378                _fflush_r
 .text._cleanup_r
                0x100893cc        0xc c:/program files (x86)/cypress/psoc creator/4.2/psoc creator/import/gnu/arm/5.4.1/bin/../lib/gcc/arm-none-eabi/5.4.1/../../../../arm-none-eabi/lib/armv7e-m/softfp\libg_nano.a(lib_a-findfp.o)
                0x100893cc                _cleanup_r
 .text.std.isra.0
                0x100893d8       0x48 c:/program files (x86)/cypress/psoc creator/4.2/psoc creator/import/gnu/arm/5.4.1/bin/../lib/gcc/arm-none-eabi/5.4.1/../../../../arm-none-eabi/lib/armv7e-m/softfp\libg_nano.a(lib_a-findfp.o)
 .text.__sfmoreglue
                0x10089420       0x2c c:/program files (x86)/cypress/psoc creator/4.2/psoc creator/import/gnu/arm/5.4.1/bin/../lib/gcc/arm-none-eabi/5.4.1/../../../../arm-none-eabi/lib/armv7e-m/softfp\libg_nano.a(lib_a-findfp.o)
                0x10089420                __sfmoreglue
 .text.__sinit  0x1008944c       0x60 c:/program files (x86)/cypress/psoc creator/4.2/psoc creator/import/gnu/arm/5.4.1/bin/../lib/gcc/arm-none-eabi/5.4.1/../../../../arm-none-eabi/lib/armv7e-m/softfp\libg_nano.a(lib_a-findfp.o)
                0x1008944c                __sinit
 .text.__sfp    0x100894ac       0x78 c:/program files (x86)/cypress/psoc creator/4.2/psoc creator/import/gnu/arm/5.4.1/bin/../lib/gcc/arm-none-eabi/5.4.1/../../../../arm-none-eabi/lib/armv7e-m/softfp\libg_nano.a(lib_a-findfp.o)
                0x100894ac                __sfp
 .text._fwalk_reent
                0x10089524       0x3c c:/program files (x86)/cypress/psoc creator/4.2/psoc creator/import/gnu/arm/5.4.1/bin/../lib/gcc/arm-none-eabi/5.4.1/../../../../arm-none-eabi/lib/armv7e-m/softfp\libg_nano.a(lib_a-fwalk.o)
                0x10089524                _fwalk_reent
 .text.__swhatbuf_r
                0x10089560       0x46 c:/program files (x86)/cypress/psoc creator/4.2/psoc creator/import/gnu/arm/5.4.1/bin/../lib/gcc/arm-none-eabi/5.4.1/../../../../arm-none-eabi/lib/armv7e-m/softfp\libg_nano.a(lib_a-makebuf.o)
                0x10089560                __swhatbuf_r
 *fill*         0x100895a6        0x2 
 .text.__smakebuf_r
                0x100895a8       0x78 c:/program files (x86)/cypress/psoc creator/4.2/psoc creator/import/gnu/arm/5.4.1/bin/../lib/gcc/arm-none-eabi/5.4.1/../../../../arm-none-eabi/lib/armv7e-m/softfp\libg_nano.a(lib_a-makebuf.o)
                0x100895a8                __smakebuf_r
 .text._free_r  0x10089620       0x9c c:/program files (x86)/cypress/psoc creator/4.2/psoc creator/import/gnu/arm/5.4.1/bin/../lib/gcc/arm-none-eabi/5.4.1/../../../../arm-none-eabi/lib/armv7e-m/softfp\libg_nano.a(lib_a-nano-freer.o)
                0x10089620                _free_r
 .text._malloc_r
                0x100896bc       0xbc c:/program files (x86)/cypress/psoc creator/4.2/psoc creator/import/gnu/arm/5.4.1/bin/../lib/gcc/arm-none-eabi/5.4.1/../../../../arm-none-eabi/lib/armv7e-m/softfp\libg_nano.a(lib_a-nano-mallocr.o)
                0x100896bc                _malloc_r
 .text._sbrk_r  0x10089778       0x20 c:/program files (x86)/cypress/psoc creator/4.2/psoc creator/import/gnu/arm/5.4.1/bin/../lib/gcc/arm-none-eabi/5.4.1/../../../../arm-none-eabi/lib/armv7e-m/softfp\libg_nano.a(lib_a-sbrkr.o)
                0x10089778                _sbrk_r
 .text.__sread  0x10089798       0x22 c:/program files (x86)/cypress/psoc creator/4.2/psoc creator/import/gnu/arm/5.4.1/bin/../lib/gcc/arm-none-eabi/5.4.1/../../../../arm-none-eabi/lib/armv7e-m/softfp\libg_nano.a(lib_a-stdio.o)
                0x10089798                __sread
 .text.__swrite
                0x100897ba       0x38 c:/program files (x86)/cypress/psoc creator/4.2/psoc creator/import/gnu/arm/5.4.1/bin/../lib/gcc/arm-none-eabi/5.4.1/../../../../arm-none-eabi/lib/armv7e-m/softfp\libg_nano.a(lib_a-stdio.o)
                0x100897ba                __swrite
 .text.__sseek  0x100897f2       0x24 c:/program files (x86)/cypress/psoc creator/4.2/psoc creator/import/gnu/arm/5.4.1/bin/../lib/gcc/arm-none-eabi/5.4.1/../../../../arm-none-eabi/lib/armv7e-m/softfp\libg_nano.a(lib_a-stdio.o)
                0x100897f2                __sseek
 .text.__sclose
                0x10089816        0x8 c:/program files (x86)/cypress/psoc creator/4.2/psoc creator/import/gnu/arm/5.4.1/bin/../lib/gcc/arm-none-eabi/5.4.1/../../../../arm-none-eabi/lib/armv7e-m/softfp\libg_nano.a(lib_a-stdio.o)
                0x10089816                __sclose
 *fill*         0x1008981e        0x2 
 .text._write_r
                0x10089820       0x24 c:/program files (x86)/cypress/psoc creator/4.2/psoc creator/import/gnu/arm/5.4.1/bin/../lib/gcc/arm-none-eabi/5.4.1/../../../../arm-none-eabi/lib/armv7e-m/softfp\libg_nano.a(lib_a-writer.o)
                0x10089820                _write_r
 .text._close_r
                0x10089844       0x20 c:/program files (x86)/cypress/psoc creator/4.2/psoc creator/import/gnu/arm/5.4.1/bin/../lib/gcc/arm-none-eabi/5.4.1/../../../../arm-none-eabi/lib/armv7e-m/softfp\libg_nano.a(lib_a-closer.o)
                0x10089844                _close_r
 .text._fstat_r
                0x10089864       0x24 c:/program files (x86)/cypress/psoc creator/4.2/psoc creator/import/gnu/arm/5.4.1/bin/../lib/gcc/arm-none-eabi/5.4.1/../../../../arm-none-eabi/lib/armv7e-m/softfp\libg_nano.a(lib_a-fstatr.o)
                0x10089864                _fstat_r
 .text._isatty_r
                0x10089888       0x20 c:/program files (x86)/cypress/psoc creator/4.2/psoc creator/import/gnu/arm/5.4.1/bin/../lib/gcc/arm-none-eabi/5.4.1/../../../../arm-none-eabi/lib/armv7e-m/softfp\libg_nano.a(lib_a-isattyr.o)
                0x10089888                _isatty_r
 .text._lseek_r
                0x100898a8       0x24 c:/program files (x86)/cypress/psoc creator/4.2/psoc creator/import/gnu/arm/5.4.1/bin/../lib/gcc/arm-none-eabi/5.4.1/../../../../arm-none-eabi/lib/armv7e-m/softfp\libg_nano.a(lib_a-lseekr.o)
                0x100898a8                _lseek_r
 .text.__malloc_lock
                0x100898cc        0x2 c:/program files (x86)/cypress/psoc creator/4.2/psoc creator/import/gnu/arm/5.4.1/bin/../lib/gcc/arm-none-eabi/5.4.1/../../../../arm-none-eabi/lib/armv7e-m/softfp\libg_nano.a(lib_a-mlock.o)
                0x100898cc                __malloc_lock
 .text.__malloc_unlock
                0x100898ce        0x2 c:/program files (x86)/cypress/psoc creator/4.2/psoc creator/import/gnu/arm/5.4.1/bin/../lib/gcc/arm-none-eabi/5.4.1/../../../../arm-none-eabi/lib/armv7e-m/softfp\libg_nano.a(lib_a-mlock.o)
                0x100898ce                __malloc_unlock
 .text._read_r  0x100898d0       0x24 c:/program files (x86)/cypress/psoc creator/4.2/psoc creator/import/gnu/arm/5.4.1/bin/../lib/gcc/arm-none-eabi/5.4.1/../../../../arm-none-eabi/lib/armv7e-m/softfp\libg_nano.a(lib_a-readr.o)
                0x100898d0                _read_r
 .text._close   0x100898f4       0x10 c:/program files (x86)/cypress/psoc creator/4.2/psoc creator/import/gnu/arm/5.4.1/bin/../lib/gcc/arm-none-eabi/5.4.1/../../../../arm-none-eabi/lib/armv7e-m/softfp\libnosys.a(close.o)
                0x100898f4                _close
 .text._fstat   0x10089904       0x10 c:/program files (x86)/cypress/psoc creator/4.2/psoc creator/import/gnu/arm/5.4.1/bin/../lib/gcc/arm-none-eabi/5.4.1/../../../../arm-none-eabi/lib/armv7e-m/softfp\libnosys.a(fstat.o)
                0x10089904                _fstat
 .text._isatty  0x10089914       0x10 c:/program files (x86)/cypress/psoc creator/4.2/psoc creator/import/gnu/arm/5.4.1/bin/../lib/gcc/arm-none-eabi/5.4.1/../../../../arm-none-eabi/lib/armv7e-m/softfp\libnosys.a(isatty.o)
                0x10089914                _isatty
 .text._lseek   0x10089924       0x10 c:/program files (x86)/cypress/psoc creator/4.2/psoc creator/import/gnu/arm/5.4.1/bin/../lib/gcc/arm-none-eabi/5.4.1/../../../../arm-none-eabi/lib/armv7e-m/softfp\libnosys.a(lseek.o)
                0x10089924                _lseek
 .text._sbrk    0x10089934       0x1c c:/program files (x86)/cypress/psoc creator/4.2/psoc creator/import/gnu/arm/5.4.1/bin/../lib/gcc/arm-none-eabi/5.4.1/../../../../arm-none-eabi/lib/armv7e-m/softfp\libnosys.a(sbrk.o)
                0x10089934                _sbrk
 *(.init)
 .init          0x10089950        0x4 c:/program files (x86)/cypress/psoc creator/4.2/psoc creator/import/gnu/arm/5.4.1/bin/../lib/gcc/arm-none-eabi/5.4.1/armv7e-m/softfp/crti.o
                0x10089950                _init
 .init          0x10089954        0x8 c:/program files (x86)/cypress/psoc creator/4.2/psoc creator/import/gnu/arm/5.4.1/bin/../lib/gcc/arm-none-eabi/5.4.1/armv7e-m/softfp/crtn.o
 *(.fini)
 .fini          0x1008995c        0x4 c:/program files (x86)/cypress/psoc creator/4.2/psoc creator/import/gnu/arm/5.4.1/bin/../lib/gcc/arm-none-eabi/5.4.1/armv7e-m/softfp/crti.o
                0x1008995c                _fini
 .fini          0x10089960        0x8 c:/program files (x86)/cypress/psoc creator/4.2/psoc creator/import/gnu/arm/5.4.1/bin/../lib/gcc/arm-none-eabi/5.4.1/armv7e-m/softfp/crtn.o
 *crtbegin.o(.ctors)
 *crtbegin?.o(.ctors)
 *(EXCLUDE_FILE(*crtend.o *crtend?.o) .ctors)
 *(SORT(.ctors.*))
 *(.ctors)
 *crtbegin.o(.dtors)
 *crtbegin?.o(.dtors)
 *(EXCLUDE_FILE(*crtend.o *crtend?.o) .dtors)
 *(SORT(.dtors.*))
 *(.dtors)
 *(.rodata .rodata.* .constdata .constdata.* .conststring .conststring.*)
 .rodata        0x10089968       0x17 .\CortexM4\ARM_GCC_541\Debug\main_cm4.o
 *fill*         0x1008997f        0x1 
 .rodata        0x10089980       0x34 .\CortexM4\ARM_GCC_541\Debug\system_psoc6_cm4.o
 .rodata        0x100899b4       0x3b .\CortexM4\ARM_GCC_541\Debug\i2c.o
 *fill*         0x100899ef        0x1 
 .rodata        0x100899f0       0x3b .\CortexM4\ARM_GCC_541\Debug\analog.o
 *fill*         0x10089a2b        0x1 
 .rodata        0x10089a2c       0x48 .\CortexM4\ARM_GCC_541\Debug\serial.o
 .rodata        0x10089a74       0x3b .\CortexM4\ARM_GCC_541\Debug\Si7021.o
 *fill*         0x10089aaf        0x1 
 .rodata        0x10089ab0       0x48 .\CortexM4\ARM_GCC_541\Debug\cyfitter_sysint_cfg.o
                0x10089ab0                mI2C_SCB_IRQ_cfg
                0x10089ab8                UART_SCB_IRQ_cfg
                0x10089ac0                I2C_DMA_INT_cfg
                0x10089ac8                ADC_DMA_INT_1_cfg
                0x10089ad0                ADC_DMA_INT_0_cfg
                0x10089ad8                UART_DMA_INT_cfg
                0x10089ae0                ADC_DMA_INT_3_cfg
                0x10089ae8                ADC_DMA_INT_2_cfg
                0x10089af0                ADC_IRQ_cfg
 .rodata        0x10089af8       0x3f .\CortexM4\ARM_GCC_541\Debug\cy_flash.o
 *fill*         0x10089b37        0x1 
 .rodata        0x10089b38       0x7f .\CortexM4\ARM_GCC_541\Debug\cy_ipc_drv.o
 *fill*         0x10089bb7        0x1 
 .rodata        0x10089bb8       0x3f .\CortexM4\ARM_GCC_541\Debug\cy_ipc_sema.o
 *fill*         0x10089bf7        0x1 
 .rodata        0x10089bf8       0x80 .\CortexM4\ARM_GCC_541\Debug\cy_ipc_pipe.o
 .rodata        0x10089c78       0x41 .\CortexM4\ARM_GCC_541\Debug\cy_sysint.o
 *fill*         0x10089cb9        0x3 
 .rodata        0x10089cbc       0x43 .\CortexM4\ARM_GCC_541\Debug\cy_trigmux.o
 *fill*         0x10089cff        0x1 
 .rodata        0x10089d00      0x170 .\CortexM4\ARM_GCC_541\Debug\cy_device.o
                0x10089d00                cy_deviceIpBlockCfgPSoC6_01
                0x10089db8                cy_deviceIpBlockCfgPSoC6_02
 .rodata        0x10089e70       0x3b .\CortexM4\ARM_GCC_541\Debug\cy_sar.o
 *fill*         0x10089eab        0x1 
 .rodata        0x10089eac       0xc3 .\CortexM4\ARM_GCC_541\Debug\cy_scb_i2c.o
 *fill*         0x10089f6f        0x1 
 .rodata        0x10089f70       0xc4 .\CortexM4\ARM_GCC_541\Debug\cy_scb_uart.o
 .rodata        0x1008a034       0x77 .\CortexM4\ARM_GCC_541\Debug\cy_dma.o
 *fill*         0x1008a0ab        0x1 
 .rodata        0x1008a0ac        0x5 .\CortexM4\ARM_GCC_541\Debug\tasks.o
 *fill*         0x1008a0b1        0x3 
 .rodata        0x1008a0b4        0xd .\CortexM4\ARM_GCC_541\Debug\timers.o
 *fill*         0x1008a0c1        0x3 
 .rodata        0x1008a0c4       0x54 .\CortexM4\ARM_GCC_541\Debug\port.o
 .rodata        0x1008a118       0x3b .\CortexM4\ARM_GCC_541\Debug\ADC_INT.o
 *fill*         0x1008a153        0x1 
 .rodata        0x1008a154       0x8c .\CortexM4\ARM_GCC_541\Debug\ADC_INIT.o
                0x1008a1cc                ADC_allConfigs
 .rodata        0x1008a1e0       0x40 .\CortexM4\ARM_GCC_541\Debug\UART.o
                0x1008a1e0                UART_config
 .rodata        0x1008a220       0x14 .\CortexM4\ARM_GCC_541\Debug\mI2C.o
                0x1008a220                mI2C_config
 .rodata        0x1008a234       0x4c .\CortexM4\ARM_GCC_541\Debug\ADCSOCCounter.o
                0x1008a234                ADCSOCCounter_config
 .rodata        0x1008a280       0x6c .\CortexM4\ARM_GCC_541\Debug\ADCDMA_0.o
                0x1008a2bc                ADCDMA_0_Descriptor_1_config
 .rodata        0x1008a2ec       0x6c .\CortexM4\ARM_GCC_541\Debug\ADCDMA_1.o
                0x1008a328                ADCDMA_1_Descriptor_1_config
 .rodata        0x1008a358       0x6c .\CortexM4\ARM_GCC_541\Debug\ADCDMA_2.o
                0x1008a394                ADCDMA_2_Descriptor_1_config
 .rodata        0x1008a3c4       0x6c .\CortexM4\ARM_GCC_541\Debug\ADCDMA_3.o
                0x1008a400                ADCDMA_3_Descriptor_1_config
 .rodata        0x1008a430      0x2dc .\CortexM4\ARM_GCC_541\Debug\UARTDMA.o
                0x1008a46c                UARTDMA_Descriptor_Analog0_Data_config
                0x1008a49c                UARTDMA_Descriptor_Analog0_Command_config
                0x1008a4cc                UARTDMA_Descriptor_Analog1_Data_config
                0x1008a4fc                UARTDMA_Descriptor_Analog1_Command_config
                0x1008a52c                UARTDMA_Descriptor_Analog2_Data_config
                0x1008a55c                UARTDMA_Descriptor_Analog2_Command_config
                0x1008a58c                UARTDMA_Descriptor_Analog3_Data_config
                0x1008a5bc                UARTDMA_Descriptor_Analog3_Command_config
                0x1008a5ec                UARTDMA_Descriptor_Accelero_Data_config
                0x1008a61c                UARTDMA_Descriptor_Accelero_Command_config
                0x1008a64c                UARTDMA_Descriptor_Temp_Data_config
                0x1008a67c                UARTDMA_Descriptor_Temp_Command_config
                0x1008a6ac                UARTDMA_Descriptor_Humid_Data_config
                0x1008a6dc                UARTDMA_Descriptor_Humid_Command_config
 .rodata        0x1008a70c       0x4c .\CortexM4\ARM_GCC_541\Debug\T1.o
                0x1008a70c                T1_config
 .rodata        0x1008a758       0x4c .\CortexM4\ARM_GCC_541\Debug\T0.o
                0x1008a758                T0_config
 .rodata        0x1008a7a4       0x4c .\CortexM4\ARM_GCC_541\Debug\T3.o
                0x1008a7a4                T3_config
 .rodata        0x1008a7f0       0x4c .\CortexM4\ARM_GCC_541\Debug\T2.o
                0x1008a7f0                T2_config
 .rodata        0x1008a83c      0x15c .\CortexM4\ARM_GCC_541\Debug\I2CDMA.o
                0x1008a878                I2CDMA_Descriptor_Accel1_config
                0x1008a8a8                I2CDMA_Descriptor_Accel2_config
                0x1008a8d8                I2CDMA_Descriptor_Accel3_config
                0x1008a908                I2CDMA_Descriptor_Accel4_config
                0x1008a938                I2CDMA_Descriptor_Temp_config
                0x1008a968                I2CDMA_Descriptor_Humid_config
 .rodata.str1.1
                0x1008a998        0x2 c:/program files (x86)/cypress/psoc creator/4.2/psoc creator/import/gnu/arm/5.4.1/bin/../lib/gcc/arm-none-eabi/5.4.1/../../../../arm-none-eabi/lib/armv7e-m/softfp\libg_nano.a(lib_a-impure.o)
 *fill*         0x1008a99a        0x2 
 .rodata._global_impure_ptr
                0x1008a99c        0x4 c:/program files (x86)/cypress/psoc creator/4.2/psoc creator/import/gnu/arm/5.4.1/bin/../lib/gcc/arm-none-eabi/5.4.1/../../../../arm-none-eabi/lib/armv7e-m/softfp\libg_nano.a(lib_a-impure.o)
                0x1008a99c                _global_impure_ptr
 .rodata.__sf_fake_stdin
                0x1008a9a0       0x20 c:/program files (x86)/cypress/psoc creator/4.2/psoc creator/import/gnu/arm/5.4.1/bin/../lib/gcc/arm-none-eabi/5.4.1/../../../../arm-none-eabi/lib/armv7e-m/softfp\libg_nano.a(lib_a-findfp.o)
                0x1008a9a0                __sf_fake_stdin
 .rodata.__sf_fake_stdout
                0x1008a9c0       0x20 c:/program files (x86)/cypress/psoc creator/4.2/psoc creator/import/gnu/arm/5.4.1/bin/../lib/gcc/arm-none-eabi/5.4.1/../../../../arm-none-eabi/lib/armv7e-m/softfp\libg_nano.a(lib_a-findfp.o)
                0x1008a9c0                __sf_fake_stdout
 .rodata.__sf_fake_stderr
                0x1008a9e0       0x20 c:/program files (x86)/cypress/psoc creator/4.2/psoc creator/import/gnu/arm/5.4.1/bin/../lib/gcc/arm-none-eabi/5.4.1/../../../../arm-none-eabi/lib/armv7e-m/softfp\libg_nano.a(lib_a-findfp.o)
                0x1008a9e0                __sf_fake_stderr
 *(.eh_frame*)
 .eh_frame      0x1008aa00        0x0 c:/program files (x86)/cypress/psoc creator/4.2/psoc creator/import/gnu/arm/5.4.1/bin/../lib/gcc/arm-none-eabi/5.4.1/armv7e-m/softfp/crtbegin.o
 .eh_frame      0x1008aa00        0x4 c:/program files (x86)/cypress/psoc creator/4.2/psoc creator/import/gnu/arm/5.4.1/bin/../lib/gcc/arm-none-eabi/5.4.1/armv7e-m/softfp/crtend.o

.glue_7         0x1008aa04        0x0
 .glue_7        0x1008aa04        0x0 linker stubs

.glue_7t        0x1008aa04        0x0
 .glue_7t       0x1008aa04        0x0 linker stubs

.vfp11_veneer   0x1008aa04        0x0
 .vfp11_veneer  0x1008aa04        0x0 linker stubs

.v4_bx          0x1008aa04        0x0
 .v4_bx         0x1008aa04        0x0 linker stubs

.iplt           0x1008aa04        0x0
 .iplt          0x1008aa04        0x0 c:/program files (x86)/cypress/psoc creator/4.2/psoc creator/import/gnu/arm/5.4.1/bin/../lib/gcc/arm-none-eabi/5.4.1/armv7e-m/softfp/crtbegin.o

.ARM.extab
 *(.ARM.extab* .gnu.linkonce.armextab.*)
                0x1008aa04                __exidx_start = .

.ARM.exidx
 *(.ARM.exidx* .gnu.linkonce.armexidx.*)
                0x1008aa04                __exidx_end = .

.copy.table     0x1008aa04       0x18
                0x1008aa04                . = ALIGN (0x4)
                0x1008aa04                __copy_table_start__ = .
                0x1008aa04        0x4 LONG 0x10080000 __Vectors
                0x1008aa08        0x4 LONG 0x8024000 __ram_vectors_start__
                0x1008aa0c        0x4 LONG 0x28c (__Vectors_End - __Vectors)
                0x1008aa10        0x4 LONG 0x1008aa24 __etext
                0x1008aa14        0x4 LONG 0x802428c __data_start__
                0x1008aa18        0x4 LONG 0x98c (__data_end__ - __data_start__)
                0x1008aa1c                __copy_table_end__ = .

.zero.table     0x1008aa1c        0x8
                0x1008aa1c                . = ALIGN (0x4)
                0x1008aa1c                __zero_table_start__ = .
                0x1008aa1c        0x4 LONG 0x8024cac __bss_start__
                0x1008aa20        0x4 LONG 0x878c (__bss_end__ - __bss_start__)
                0x1008aa24                __zero_table_end__ = .
                0x1008aa24                __etext = .

.ramVectors     0x08024000      0x28c
                0x08024000                __ram_vectors_start__ = .
 *(.ram_vectors)
 .ram_vectors   0x08024000      0x28c .\CortexM4\ARM_GCC_541\Debug\startup_psoc6_01_cm4.o
                0x08024000                __ramVectors
                0x0802428c                __ram_vectors_end__ = .

.data           0x0802428c      0x98c load address 0x1008aa24
                0x0802428c                __data_start__ = .
 *(vtable)
 *(.data*)
 .data          0x0802428c       0x74 .\CortexM4\ARM_GCC_541\Debug\main_cm4.o
                0x080242f0                masterTransferCfg
 .data          0x08024300       0x20 .\CortexM4\ARM_GCC_541\Debug\system_psoc6_cm4.o
                0x08024300                SystemCoreClock
                0x08024304                cy_Hfclk0FreqHz
                0x08024308                cy_PeriClkFreqHz
                0x0802430c                cy_BleEcoClockFreqHz
                0x08024310                cy_delayFreqHz
                0x08024314                cy_delayFreqKhz
                0x08024318                cy_delayFreqMhz
                0x0802431c                cy_delay32kMs
 .data          0x08024320        0x4 .\CortexM4\ARM_GCC_541\Debug\port.o
 .data.impure_data
                0x08024324       0x60 c:/program files (x86)/cypress/psoc creator/4.2/psoc creator/import/gnu/arm/5.4.1/bin/../lib/gcc/arm-none-eabi/5.4.1/../../../../arm-none-eabi/lib/armv7e-m/softfp\libg_nano.a(lib_a-impure.o)
 .data._impure_ptr
                0x08024384        0x4 c:/program files (x86)/cypress/psoc creator/4.2/psoc creator/import/gnu/arm/5.4.1/bin/../lib/gcc/arm-none-eabi/5.4.1/../../../../arm-none-eabi/lib/armv7e-m/softfp\libg_nano.a(lib_a-impure.o)
                0x08024384                _impure_ptr
                0x08024388                . = ALIGN (0x4)
                0x08024388                PROVIDE (__preinit_array_start, .)
 *(.preinit_array)
                0x08024388                PROVIDE (__preinit_array_end, .)
                0x08024388                . = ALIGN (0x4)
                0x08024388                PROVIDE (__init_array_start, .)
 *(SORT(.init_array.*))
 *(.init_array)
 .init_array    0x08024388        0x4 c:/program files (x86)/cypress/psoc creator/4.2/psoc creator/import/gnu/arm/5.4.1/bin/../lib/gcc/arm-none-eabi/5.4.1/armv7e-m/softfp/crtbegin.o
                0x0802438c                PROVIDE (__init_array_end, .)
                0x0802438c                . = ALIGN (0x4)
                [!provide]                PROVIDE (__fini_array_start, .)
 *(SORT(.fini_array.*))
 *(.fini_array)
 .fini_array    0x0802438c        0x4 c:/program files (x86)/cypress/psoc creator/4.2/psoc creator/import/gnu/arm/5.4.1/bin/../lib/gcc/arm-none-eabi/5.4.1/armv7e-m/softfp/crtbegin.o
                [!provide]                PROVIDE (__fini_array_end, .)
 *(.jcr*)
 .jcr           0x08024390        0x0 c:/program files (x86)/cypress/psoc creator/4.2/psoc creator/import/gnu/arm/5.4.1/bin/../lib/gcc/arm-none-eabi/5.4.1/armv7e-m/softfp/crtbegin.o
 .jcr           0x08024390        0x4 c:/program files (x86)/cypress/psoc creator/4.2/psoc creator/import/gnu/arm/5.4.1/bin/../lib/gcc/arm-none-eabi/5.4.1/armv7e-m/softfp/crtend.o
                0x08024394                . = ALIGN (0x4)
 *(.cy_ramfunc*)
 .cy_ramfunc    0x08024394      0x3d0 .\CortexM4\ARM_GCC_541\Debug\cy_flash.o
                0x08024690                Cy_Flash_ResumeIrqHandler
 .cy_ramfunc    0x08024764      0x3e4 .\CortexM4\ARM_GCC_541\Debug\cy_syspm.o
 .cy_ramfunc.__stub
                0x08024b48       0xd0 linker stubs
                0x08024c18                . = ALIGN (0x4)
                0x08024c18                __data_end__ = .

.igot.plt       0x08024c18        0x0 load address 0x1008b3b0
 .igot.plt      0x08024c18        0x0 c:/program files (x86)/cypress/psoc creator/4.2/psoc creator/import/gnu/arm/5.4.1/bin/../lib/gcc/arm-none-eabi/5.4.1/armv7e-m/softfp/crtbegin.o

.noinit         0x08024c18       0x94 load address 0x1008b3b0
 *(.noinit)
 .noinit        0x08024c18       0x94 .\CortexM4\ARM_GCC_541\Debug\cy_syslib.o
                0x08024c18                cy_assertFileName
                0x08024c30                cy_assertLine
                0x08024c34                cy_faultFrame

.bss            0x08024cac     0x878c load address 0x1008b444
                0x08024cac                . = ALIGN (0x4)
                0x08024cac                __bss_start__ = .
 *(.bss*)
 .bss           0x08024cac       0x1c c:/program files (x86)/cypress/psoc creator/4.2/psoc creator/import/gnu/arm/5.4.1/bin/../lib/gcc/arm-none-eabi/5.4.1/armv7e-m/softfp/crtbegin.o
 .bss           0x08024cc8      0x180 .\CortexM4\ARM_GCC_541\Debug\system_psoc6_cm4.o
 .bss           0x08024e48        0x9 .\CortexM4\ARM_GCC_541\Debug\serial.o
 *fill*         0x08024e51        0x3 
 .bss           0x08024e54        0x9 .\CortexM4\ARM_GCC_541\Debug\Si7021.o
 *fill*         0x08024e5d        0x3 
 .bss           0x08024e60       0x28 .\CortexM4\ARM_GCC_541\Debug\cy_flash.o
 .bss           0x08024e88        0xc .\CortexM4\ARM_GCC_541\Debug\cy_ipc_sema.o
 .bss           0x08024e94        0x4 .\CortexM4\ARM_GCC_541\Debug\cy_ipc_pipe.o
 .bss           0x08024e98       0x3c .\CortexM4\ARM_GCC_541\Debug\cy_syspm.o
 .bss           0x08024ed4      0x12c .\CortexM4\ARM_GCC_541\Debug\tasks.o
                0x08024ed4                pxCurrentTCB
 .bss           0x08025000       0x3c .\CortexM4\ARM_GCC_541\Debug\timers.o
 .bss           0x0802503c        0x8 .\CortexM4\ARM_GCC_541\Debug\port.o
 .bss           0x08025044     0x2808 .\CortexM4\ARM_GCC_541\Debug\heap_1.o
 .bss           0x0802784c        0x8 .\CortexM4\ARM_GCC_541\Debug\ADC.o
                0x0802784c                ADC_initVar
                0x0802784d                ADC_selected
                0x08027850                ADC_currentConfig
 .bss           0x08027854        0x1 .\CortexM4\ARM_GCC_541\Debug\UART.o
                0x08027854                UART_initVar
 *fill*         0x08027855        0x3 
 .bss           0x08027858       0x19 .\CortexM4\ARM_GCC_541\Debug\ADCDMA_0.o
                0x08027858                ADCDMA_0_Descriptor_1
                0x08027870                ADCDMA_0_initVar
 *fill*         0x08027871        0x3 
 .bss           0x08027874       0x19 .\CortexM4\ARM_GCC_541\Debug\ADCDMA_1.o
                0x08027874                ADCDMA_1_Descriptor_1
                0x0802788c                ADCDMA_1_initVar
 *fill*         0x0802788d        0x3 
 .bss           0x08027890       0x19 .\CortexM4\ARM_GCC_541\Debug\ADCDMA_2.o
                0x08027890                ADCDMA_2_Descriptor_1
                0x080278a8                ADCDMA_2_initVar
 *fill*         0x080278a9        0x3 
 .bss           0x080278ac       0x19 .\CortexM4\ARM_GCC_541\Debug\ADCDMA_3.o
                0x080278ac                ADCDMA_3_Descriptor_1
                0x080278c4                ADCDMA_3_initVar
 *fill*         0x080278c5        0x3 
 .bss           0x080278c8      0x151 .\CortexM4\ARM_GCC_541\Debug\UARTDMA.o
                0x080278c8                UARTDMA_Descriptor_Analog0_Data
                0x080278e0                UARTDMA_Descriptor_Analog0_Command
                0x080278f8                UARTDMA_Descriptor_Analog1_Data
                0x08027910                UARTDMA_Descriptor_Analog1_Command
                0x08027928                UARTDMA_Descriptor_Analog2_Data
                0x08027940                UARTDMA_Descriptor_Analog2_Command
                0x08027958                UARTDMA_Descriptor_Analog3_Data
                0x08027970                UARTDMA_Descriptor_Analog3_Command
                0x08027988                UARTDMA_Descriptor_Accelero_Data
                0x080279a0                UARTDMA_Descriptor_Accelero_Command
                0x080279b8                UARTDMA_Descriptor_Temp_Data
                0x080279d0                UARTDMA_Descriptor_Temp_Command
                0x080279e8                UARTDMA_Descriptor_Humid_Data
                0x08027a00                UARTDMA_Descriptor_Humid_Command
                0x08027a18                UARTDMA_initVar
 *fill*         0x08027a19        0x3 
 .bss           0x08027a1c       0x91 .\CortexM4\ARM_GCC_541\Debug\I2CDMA.o
                0x08027a1c                I2CDMA_Descriptor_Accel1
                0x08027a34                I2CDMA_Descriptor_Accel2
                0x08027a4c                I2CDMA_Descriptor_Accel3
                0x08027a64                I2CDMA_Descriptor_Accel4
                0x08027a7c                I2CDMA_Descriptor_Temp
                0x08027a94                I2CDMA_Descriptor_Humid
                0x08027aac                I2CDMA_initVar
 *fill*         0x08027aad        0x3 
 .bss.__malloc_sbrk_start
                0x08027ab0        0x4 c:/program files (x86)/cypress/psoc creator/4.2/psoc creator/import/gnu/arm/5.4.1/bin/../lib/gcc/arm-none-eabi/5.4.1/../../../../arm-none-eabi/lib/armv7e-m/softfp\libg_nano.a(lib_a-nano-mallocr.o)
                0x08027ab0                __malloc_sbrk_start
 .bss.__malloc_free_list
                0x08027ab4        0x4 c:/program files (x86)/cypress/psoc creator/4.2/psoc creator/import/gnu/arm/5.4.1/bin/../lib/gcc/arm-none-eabi/5.4.1/../../../../arm-none-eabi/lib/armv7e-m/softfp\libg_nano.a(lib_a-nano-mallocr.o)
                0x08027ab4                __malloc_free_list
 .bss.heap_end.4169
                0x08027ab8        0x4 c:/program files (x86)/cypress/psoc creator/4.2/psoc creator/import/gnu/arm/5.4.1/bin/../lib/gcc/arm-none-eabi/5.4.1/../../../../arm-none-eabi/lib/armv7e-m/softfp\libnosys.a(sbrk.o)
 *(COMMON)
 COMMON         0x08027abc     0x5840 .\CortexM4\ARM_GCC_541\Debug\main_cm4.o
                0x08027abc                bufferADC1
                0x08028ac0                bufferADC0
                0x08029ac4                writebuffer
                0x08029ac8                readBuffer
                0x08029ad0                accelData
                0x08029ae0                magData
                0x08029ae8                bufferHumid
                0x08029aec                bufferADC3
                0x0802aaf0                bufferADC2
                0x0802baf4                bufferAccelero
                0x0802d2f8                bufferTemp
 COMMON         0x0802d2fc        0x4 .\CortexM4\ARM_GCC_541\Debug\cy_device.o
                0x0802d2fc                cy_device
 COMMON         0x0802d300       0x60 .\CortexM4\ARM_GCC_541\Debug\cy_sar.o
                0x0802d300                Cy_SAR_offset
                0x0802d320                Cy_SAR_countsPer10Volt
 COMMON         0x0802d360       0x50 .\CortexM4\ARM_GCC_541\Debug\queue.o
                0x0802d360                xQueueRegistry
 COMMON         0x0802d3b0       0x38 .\CortexM4\ARM_GCC_541\Debug\UART.o
                0x0802d3b0                UART_context
 COMMON         0x0802d3e8       0x4c .\CortexM4\ARM_GCC_541\Debug\mI2C.o
                0x0802d3e8                mI2C_context
 COMMON         0x0802d434        0x4 c:/program files (x86)/cypress/psoc creator/4.2/psoc creator/import/gnu/arm/5.4.1/bin/../lib/gcc/arm-none-eabi/5.4.1/../../../../arm-none-eabi/lib/armv7e-m/softfp\libg_nano.a(lib_a-reent.o)
                0x0802d434                errno
                0x0802d438                . = ALIGN (0x4)
                0x0802d438                __bss_end__ = .

.heap           0x0802d438      0x400
                0x0802d438                __HeapBase = .
                0x0802d438                __end__ = .
                0x0802d438                end = __end__
 *(.heap*)
 .heap          0x0802d438      0x400 .\CortexM4\ARM_GCC_541\Debug\startup_psoc6_01_cm4.o
                0x0802d838                __HeapLimit = .

.stack_dummy    0x0802d438     0x1000
 *(.stack*)