Archive member included to satisfy reference by file (symbol)

c:/program files (x86)/cypress/psoc creator/4.2/psoc creator/import/gnu/arm/5.4.1/bin/../lib/gcc/arm-none-eabi/5.4.1/../../../../arm-none-eabi/lib/armv7e-m/softfp\libm.a(lib_a-s_ceil.o)
                              .\CortexM4\ARM_GCC_541\Debug\cy_sysclk.o (ceil)
c:/program files (x86)/cypress/psoc creator/4.2/psoc creator/import/gnu/arm/5.4.1/bin/../lib/gcc/arm-none-eabi/5.4.1/../../../../arm-none-eabi/lib/armv7e-m/softfp\libm.a(lib_a-s_floor.o)
                              .\CortexM4\ARM_GCC_541\Debug\cy_sysclk.o (floor)
c:/program files (x86)/cypress/psoc creator/4.2/psoc creator/import/gnu/arm/5.4.1/bin/../lib/gcc/arm-none-eabi/5.4.1/../../../../arm-none-eabi/lib/armv7e-m/softfp\libm.a(lib_a-sf_ceil.o)
                              .\CortexM4\ARM_GCC_541\Debug\cy_sysclk.o (ceilf)
c:/program files (x86)/cypress/psoc creator/4.2/psoc creator/import/gnu/arm/5.4.1/bin/../lib/gcc/arm-none-eabi/5.4.1/../../../../arm-none-eabi/lib/armv7e-m/softfp\libm.a(lib_a-w_log.o)
                              .\CortexM4\ARM_GCC_541\Debug\cy_sysclk.o (log)
c:/program files (x86)/cypress/psoc creator/4.2/psoc creator/import/gnu/arm/5.4.1/bin/../lib/gcc/arm-none-eabi/5.4.1/../../../../arm-none-eabi/lib/armv7e-m/softfp\libm.a(lib_a-w_sqrt.o)
                              .\CortexM4\ARM_GCC_541\Debug\cy_sysclk.o (sqrt)
c:/program files (x86)/cypress/psoc creator/4.2/psoc creator/import/gnu/arm/5.4.1/bin/../lib/gcc/arm-none-eabi/5.4.1/../../../../arm-none-eabi/lib/armv7e-m/softfp\libm.a(lib_a-e_log.o)
                              c:/program files (x86)/cypress/psoc creator/4.2/psoc creator/import/gnu/arm/5.4.1/bin/../lib/gcc/arm-none-eabi/5.4.1/../../../../arm-none-eabi/lib/armv7e-m/softfp\libm.a(lib_a-w_log.o) (__ieee754_log)
c:/program files (x86)/cypress/psoc creator/4.2/psoc creator/import/gnu/arm/5.4.1/bin/../lib/gcc/arm-none-eabi/5.4.1/../../../../arm-none-eabi/lib/armv7e-m/softfp\libm.a(lib_a-e_sqrt.o)
                              c:/program files (x86)/cypress/psoc creator/4.2/psoc creator/import/gnu/arm/5.4.1/bin/../lib/gcc/arm-none-eabi/5.4.1/../../../../arm-none-eabi/lib/armv7e-m/softfp\libm.a(lib_a-w_sqrt.o) (__ieee754_sqrt)
c:/program files (x86)/cypress/psoc creator/4.2/psoc creator/import/gnu/arm/5.4.1/bin/../lib/gcc/arm-none-eabi/5.4.1/../../../../arm-none-eabi/lib/armv7e-m/softfp\libm.a(lib_a-s_lib_ver.o)
                              c:/program files (x86)/cypress/psoc creator/4.2/psoc creator/import/gnu/arm/5.4.1/bin/../lib/gcc/arm-none-eabi/5.4.1/../../../../arm-none-eabi/lib/armv7e-m/softfp\libm.a(lib_a-w_log.o) (__fdlib_version)
c:/program files (x86)/cypress/psoc creator/4.2/psoc creator/import/gnu/arm/5.4.1/bin/../lib/gcc/arm-none-eabi/5.4.1/../../../../arm-none-eabi/lib/armv7e-m/softfp\libm.a(lib_a-s_matherr.o)
                              c:/program files (x86)/cypress/psoc creator/4.2/psoc creator/import/gnu/arm/5.4.1/bin/../lib/gcc/arm-none-eabi/5.4.1/../../../../arm-none-eabi/lib/armv7e-m/softfp\libm.a(lib_a-w_log.o) (matherr)
c:/program files (x86)/cypress/psoc creator/4.2/psoc creator/import/gnu/arm/5.4.1/bin/../lib/gcc/arm-none-eabi/5.4.1/../../../../arm-none-eabi/lib/armv7e-m/softfp\libm.a(lib_a-s_nan.o)
                              c:/program files (x86)/cypress/psoc creator/4.2/psoc creator/import/gnu/arm/5.4.1/bin/../lib/gcc/arm-none-eabi/5.4.1/../../../../arm-none-eabi/lib/armv7e-m/softfp\libm.a(lib_a-w_log.o) (nan)
c:/program files (x86)/cypress/psoc creator/4.2/psoc creator/import/gnu/arm/5.4.1/bin/../lib/gcc/arm-none-eabi/5.4.1/armv7e-m/softfp\libgcc.a(_arm_addsubdf3.o)
                              c:/program files (x86)/cypress/psoc creator/4.2/psoc creator/import/gnu/arm/5.4.1/bin/../lib/gcc/arm-none-eabi/5.4.1/../../../../arm-none-eabi/lib/armv7e-m/softfp\libm.a(lib_a-e_log.o) (__aeabi_dsub)
c:/program files (x86)/cypress/psoc creator/4.2/psoc creator/import/gnu/arm/5.4.1/bin/../lib/gcc/arm-none-eabi/5.4.1/armv7e-m/softfp\libgcc.a(_arm_muldivdf3.o)
                              c:/program files (x86)/cypress/psoc creator/4.2/psoc creator/import/gnu/arm/5.4.1/bin/../lib/gcc/arm-none-eabi/5.4.1/../../../../arm-none-eabi/lib/armv7e-m/softfp\libm.a(lib_a-e_log.o) (__aeabi_dmul)
c:/program files (x86)/cypress/psoc creator/4.2/psoc creator/import/gnu/arm/5.4.1/bin/../lib/gcc/arm-none-eabi/5.4.1/armv7e-m/softfp\libgcc.a(_arm_cmpdf2.o)
                              c:/program files (x86)/cypress/psoc creator/4.2/psoc creator/import/gnu/arm/5.4.1/bin/../lib/gcc/arm-none-eabi/5.4.1/../../../../arm-none-eabi/lib/armv7e-m/softfp\libm.a(lib_a-w_log.o) (__aeabi_dcmpeq)
c:/program files (x86)/cypress/psoc creator/4.2/psoc creator/import/gnu/arm/5.4.1/bin/../lib/gcc/arm-none-eabi/5.4.1/armv7e-m/softfp\libgcc.a(_arm_unorddf2.o)
[...]
Memory Configuration

Name             Origin             Length             Attributes
ram              0x08024000         0x00023800         xrw
flash            0x10080000         0x00080000         xr
em_eeprom        0x14000000         0x00008000         xr
sflash_user_data 0x16000800         0x00000800         xr
sflash_nar       0x16001a00         0x00000200         xr
sflash_public_key 0x16005a00         0x00000c00         xr
sflash_toc_2     0x16007c00         0x00000200         xr
sflash_rtoc_2    0x16007e00         0x00000200         xr
xip              0x18000000         0x08000000         xr
efuse            0x90700000         0x00100000         r
*default*        0x00000000         0xffffffff

Linker script and memory map

LOAD c:/program files (x86)/cypress/psoc creator/4.2/psoc creator/import/gnu/arm/5.4.1/bin/../lib/gcc/arm-none-eabi/5.4.1/armv7e-m/softfp/crti.o
LOAD c:/program files (x86)/cypress/psoc creator/4.2/psoc creator/import/gnu/arm/5.4.1/bin/../lib/gcc/arm-none-eabi/5.4.1/armv7e-m/softfp/crtbegin.o
LOAD c:/program files (x86)/cypress/psoc creator/4.2/psoc creator/import/gnu/arm/5.4.1/bin/../lib/gcc/arm-none-eabi/5.4.1/../../../../arm-none-eabi/lib/armv7e-m/softfp/crt0.o
START GROUP
LOAD .\CortexM4\ARM_GCC_541\Debug\startup_psoc6_01_cm4.o
LOAD .\CortexM4\ARM_GCC_541\Debug\main_cm4.o
LOAD .\CortexM4\ARM_GCC_541\Debug\system_psoc6_cm4.o
LOAD .\CortexM4\ARM_GCC_541\Debug\LSM303DLHC.o
LOAD .\CortexM4\ARM_GCC_541\Debug\wait.o
LOAD .\CortexM4\ARM_GCC_541\Debug\i2c.o
LOAD .\CortexM4\ARM_GCC_541\Debug\blink.o
LOAD .\CortexM4\ARM_GCC_541\Debug\analog.o
LOAD .\CortexM4\ARM_GCC_541\Debug\serial.o
LOAD .\CortexM4\ARM_GCC_541\Debug\Si7021.o
LOAD .\CortexM4\ARM_GCC_541\Debug\stdio_user.o
LOAD .\CortexM4\ARM_GCC_541\Debug\cyfitter_sysint_cfg.o
LOAD .\CortexM4\ARM_GCC_541\Debug\cymetadata.o
LOAD .\CortexM4\ARM_GCC_541\Debug\cy_efuse.o
LOAD .\CortexM4\ARM_GCC_541\Debug\cy_flash.o
LOAD .\CortexM4\ARM_GCC_541\Debug\cy_gpio.o
LOAD .\CortexM4\ARM_GCC_541\Debug\cy_ipc_drv.o
LOAD .\CortexM4\ARM_GCC_541\Debug\cy_ipc_sema.o
LOAD .\CortexM4\ARM_GCC_541\Debug\cy_ipc_pipe.o
LOAD .\CortexM4\ARM_GCC_541\Debug\cy_lvd.o
LOAD .\CortexM4\ARM_GCC_541\Debug\cy_profile.o
LOAD .\CortexM4\ARM_GCC_541\Debug\cy_prot.o
LOAD .\CortexM4\ARM_GCC_541\Debug\cy_sysanalog.o
LOAD .\CortexM4\ARM_GCC_541\Debug\cy_sysclk.o
LOAD .\CortexM4\ARM_GCC_541\Debug\cy_sysint.o
LOAD .\CortexM4\ARM_GCC_541\Debug\cy_syslib.o
LOAD .\CortexM4\ARM_GCC_541\Debug\cy_syslib_gcc.o
LOAD .\CortexM4\ARM_GCC_541\Debug\cy_syspm.o
LOAD .\CortexM4\ARM_GCC_541\Debug\cy_systick.o
LOAD .\CortexM4\ARM_GCC_541\Debug\cy_trigmux.o
LOAD .\CortexM4\ARM_GCC_541\Debug\cy_wdt.o
LOAD .\CortexM4\ARM_GCC_541\Debug\cy_device.o
LOAD .\CortexM4\ARM_GCC_541\Debug\cy_sar.o
LOAD .\CortexM4\ARM_GCC_541\Debug\cy_scb_common.o
LOAD .\CortexM4\ARM_GCC_541\Debug\cy_scb_i2c.o
LOAD .\CortexM4\ARM_GCC_541\Debug\cy_scb_ezi2c.o
LOAD .\CortexM4\ARM_GCC_541\Debug\cy_scb_spi.o
LOAD .\CortexM4\ARM_GCC_541\Debug\cy_scb_uart.o
LOAD .\CortexM4\ARM_GCC_541\Debug\cy_dma.o
LOAD .\CortexM4\ARM_GCC_541\Debug\cy_tcpwm_counter.o
LOAD .\CortexM4\ARM_GCC_541\Debug\cy_tcpwm_pwm.o
LOAD .\CortexM4\ARM_GCC_541\Debug\cy_tcpwm_quaddec.o
LOAD .\CortexM4\ARM_GCC_541\Debug\croutine.o
LOAD .\CortexM4\ARM_GCC_541\Debug\event_groups.o
LOAD .\CortexM4\ARM_GCC_541\Debug\list.o
LOAD .\CortexM4\ARM_GCC_541\Debug\queue.o
LOAD .\CortexM4\ARM_GCC_541\Debug\tasks.o
LOAD .\CortexM4\ARM_GCC_541\Debug\timers.o
LOAD .\CortexM4\ARM_GCC_541\Debug\stream_buffer.o
LOAD .\CortexM4\ARM_GCC_541\Debug\port.o
LOAD .\CortexM4\ARM_GCC_541\Debug\heap_1.o
LOAD .\CortexM4\ARM_GCC_541\Debug\retarget.o
LOAD .\CortexM4\ARM_GCC_541\Debug\ADC.o
LOAD .\CortexM4\ARM_GCC_541\Debug\ADC_INT.o
LOAD .\CortexM4\ARM_GCC_541\Debug\ADC_INIT.o
LOAD .\CortexM4\ARM_GCC_541\Debug\ADC_PM.o
LOAD .\CortexM4\ARM_GCC_541\Debug\UART.o
LOAD .\CortexM4\ARM_GCC_541\Debug\mI2C.o
LOAD .\CortexM4\ARM_GCC_541\Debug\cyfitter_amux.o
LOAD .\CortexM4\ARM_GCC_541\Debug\ADCSOCCounter.o
LOAD .\CortexM4\ARM_GCC_541\Debug\ADCDMA_0.o
LOAD .\CortexM4\ARM_GCC_541\Debug\ADCDMA_1.o
LOAD .\CortexM4\ARM_GCC_541\Debug\ADCDMA_2.o
LOAD .\CortexM4\ARM_GCC_541\Debug\ADCDMA_3.o
LOAD .\CortexM4\ARM_GCC_541\Debug\UARTDMA.o
LOAD .\CortexM4\ARM_GCC_541\Debug\T1.o
LOAD .\CortexM4\ARM_GCC_541\Debug\T0.o
LOAD .\CortexM4\ARM_GCC_541\Debug\T3.o
LOAD .\CortexM4\ARM_GCC_541\Debug\T2.o
LOAD .\CortexM4\ARM_GCC_541\Debug\I2CDMA.o
LOAD c:/program files (x86)/cypress/psoc creator/4.2/psoc creator/import/gnu/arm/5.4.1/bin/../lib/gcc/arm-none-eabi/5.4.1/../../../../arm-none-eabi/lib/armv7e-m/softfp\libm.a
END GROUP
START GROUP
LOAD c:/program files (x86)/cypress/psoc creator/4.2/psoc creator/import/gnu/arm/5.4.1/bin/../lib/gcc/arm-none-eabi/5.4.1/armv7e-m/softfp\libgcc.a
LOAD c:/program files (x86)/cypress/psoc creator/4.2/psoc creator/import/gnu/arm/5.4.1/bin/../lib/gcc/arm-none-eabi/5.4.1/../../../../arm-none-eabi/lib/armv7e-m/softfp\libg_nano.a
LOAD c:/program files (x86)/cypress/psoc creator/4.2/psoc creator/import/gnu/arm/5.4.1/bin/../lib/gcc/arm-none-eabi/5.4.1/../../../../arm-none-eabi/lib/armv7e-m/softfp\libc_nano.a
END GROUP
START GROUP
LOAD c:/program files (x86)/cypress/psoc creator/4.2/psoc creator/import/gnu/arm/5.4.1/bin/../lib/gcc/arm-none-eabi/5.4.1/armv7e-m/softfp\libgcc.a
LOAD c:/program files (x86)/cypress/psoc creator/4.2/psoc creator/import/gnu/arm/5.4.1/bin/../lib/gcc/arm-none-eabi/5.4.1/../../../../arm-none-eabi/lib/armv7e-m/softfp\libc_nano.a
END GROUP
LOAD c:/program files (x86)/cypress/psoc creator/4.2/psoc creator/import/gnu/arm/5.4.1/bin/../lib/gcc/arm-none-eabi/5.4.1/armv7e-m/softfp/crtend.o
LOAD c:/program files (x86)/cypress/psoc creator/4.2/psoc creator/import/gnu/arm/5.4.1/bin/../lib/gcc/arm-none-eabi/5.4.1/armv7e-m/softfp/crtn.o
START GROUP
LOAD c:/program files (x86)/cypress/psoc creator/4.2/psoc creator/import/gnu/arm/5.4.1/bin/../lib/gcc/arm-none-eabi/5.4.1/armv7e-m/softfp\libgcc.a
LOAD c:/program files (x86)/cypress/psoc creator/4.2/psoc creator/import/gnu/arm/5.4.1/bin/../lib/gcc/arm-none-eabi/5.4.1/../../../../arm-none-eabi/lib/armv7e-m/softfp\libc.a
LOAD c:/program files (x86)/cypress/psoc creator/4.2/psoc creator/import/gnu/arm/5.4.1/bin/../lib/gcc/arm-none-eabi/5.4.1/../../../../arm-none-eabi/lib/armv7e-m/softfp\libnosys.a
END GROUP
START GROUP
LOAD c:/program files (x86)/cypress/psoc creator/4.2/psoc creator/import/gnu/arm/5.4.1/bin/../lib/gcc/arm-none-eabi/5.4.1/armv7e-m/softfp\libgcc.a
LOAD c:/program files (x86)/cypress/psoc creator/4.2/psoc creator/import/gnu/arm/5.4.1/bin/../lib/gcc/arm-none-eabi/5.4.1/../../../../arm-none-eabi/lib/armv7e-m/softfp\libc.a
LOAD c:/program files (x86)/cypress/psoc creator/4.2/psoc creator/import/gnu/arm/5.4.1/bin/../lib/gcc/arm-none-eabi/5.4.1/../../../../arm-none-eabi/lib/armv7e-m/softfp\libm.a
LOAD c:/program files (x86)/cypress/psoc creator/4.2/psoc creator/import/gnu/arm/5.4.1/bin/../lib/gcc/arm-none-eabi/5.4.1/../../../../arm-none-eabi/lib/armv7e-m/softfp\libnosys.a
END GROUP

.text           0x10080000     0x9b60
                0x10080000                . = ALIGN (0x4)
                0x10080000                __Vectors = .
 *(.vectors)
 .vectors       0x10080000      0x28c .\CortexM4\ARM_GCC_541\Debug\startup_psoc6_01_cm4.o
                0x1008028c                . = ALIGN (0x4)
                0x1008028c                __Vectors_End = .
                0x0000028c                __Vectors_Size = (__Vectors_End - __Vectors)
                0x1008028c                __end__ = .
                0x1008028c                . = ALIGN (0x4)
 *(.text*)
 .text          0x1008028c       0x5c c:/program files (x86)/cypress/psoc creator/4.2/psoc creator/import/gnu/arm/5.4.1/bin/../lib/gcc/arm-none-eabi/5.4.1/armv7e-m/softfp/crtbegin.o
 .text          0x100802e8       0x84 .\CortexM4\ARM_GCC_541\Debug\startup_psoc6_01_cm4.o
                0x100802e8                Cy_OnResetUser
                0x100802ea                Reset_Handler
                0x1008034c                cpuss_interrupts_ipc_6_IRQHandler
                0x1008034c                DebugMon_Handler
                0x1008034c                tcpwm_1_interrupts_11_IRQHandler
                0x1008034c                cpuss_interrupts_ipc_0_IRQHandler
                0x1008034c                tcpwm_1_interrupts_15_IRQHandler
                0x1008034c                ioss_interrupts_gpio_13_IRQHandler
                0x1008034c                tcpwm_1_interrupts_13_IRQHandler
                0x1008034c                cpuss_interrupts_dw1_8_IRQHandler
                0x1008034c                tcpwm_0_interrupts_0_IRQHandler
                0x1008034c                cpuss_interrupt_fm_IRQHandler
                0x1008034c                cpuss_interrupts_ipc_7_IRQHandler
                0x1008034c                tcpwm_1_interrupts_14_IRQHandler
                0x1008034c                cpuss_interrupts_dw0_5_IRQHandler
                0x1008034c                tcpwm_1_interrupts_9_IRQHandler
                0x1008034c                cpuss_interrupts_cm0_cti_1_IRQHandler
                0x1008034c                tcpwm_1_interrupts_22_IRQHandler
                0x1008034c                cpuss_interrupts_dw0_4_IRQHandler
                0x1008034c                NMI_Handler
                0x1008034c                cpuss_interrupts_dw1_12_IRQHandler
                0x1008034c                tcpwm_1_interrupts_12_IRQHandler
                0x1008034c                smif_interrupt_IRQHandler
                0x1008034c                tcpwm_1_interrupts_2_IRQHandler
                0x1008034c                cpuss_interrupts_ipc_13_IRQHandler
                0x1008034c                udb_interrupts_11_IRQHandler
                0x1008034c                tcpwm_1_interrupts_18_IRQHandler
                0x1008034c                cpuss_interrupts_dw0_11_IRQHandler
                0x1008034c                tcpwm_0_interrupts_2_IRQHandler
                0x1008034c                cpuss_interrupts_dw0_13_IRQHandler
                0x1008034c                udb_interrupts_2_IRQHandler
                0x1008034c                cpuss_interrupts_dw1_7_IRQHandler
                0x1008034c                ioss_interrupts_gpio_1_IRQHandler
                0x1008034c                ioss_interrupts_gpio_7_IRQHandler
                0x1008034c                scb_5_interrupt_IRQHandler
                0x1008034c                udb_interrupts_6_IRQHandler
                0x1008034c                cpuss_interrupts_fault_1_IRQHandler
                0x1008034c                cpuss_interrupts_ipc_4_IRQHandler
                0x1008034c                cpuss_interrupts_ipc_5_IRQHandler
                0x1008034c                cpuss_interrupts_dw1_10_IRQHandler
                0x1008034c                udb_interrupts_0_IRQHandler
                0x1008034c                tcpwm_1_interrupts_6_IRQHandler
                0x1008034c                scb_4_interrupt_IRQHandler
                0x1008034c                pass_interrupt_dacs_IRQHandler
                0x1008034c                ioss_interrupts_gpio_2_IRQHandler
                0x1008034c                cpuss_interrupts_dw1_9_IRQHandler
                0x1008034c                cpuss_interrupts_dw1_13_IRQHandler
                0x1008034c                scb_2_interrupt_IRQHandler
                0x1008034c                cpuss_interrupts_cm0_cti_0_IRQHandler
                0x1008034c                udb_interrupts_5_IRQHandler
                0x1008034c                srss_interrupt_IRQHandler
                0x1008034c                udb_interrupts_12_IRQHandler
                0x1008034c                scb_0_interrupt_IRQHandler
                0x1008034c                csd_interrupt_IRQHandler
                0x1008034c                udb_interrupts_1_IRQHandler
                0x1008034c                profile_interrupt_IRQHandler
                0x1008034c                tcpwm_1_interrupts_1_IRQHandler
                0x1008034c                cpuss_interrupts_ipc_12_IRQHandler
                0x1008034c                tcpwm_1_interrupts_3_IRQHandler
                0x1008034c                tcpwm_0_interrupts_7_IRQHandler
                0x1008034c                cpuss_interrupts_dw1_1_IRQHandler
                0x1008034c                cpuss_interrupts_dw1_0_IRQHandler
                0x1008034c                cpuss_interrupts_dw0_9_IRQHandler
                0x1008034c                lpcomp_interrupt_IRQHandler
                0x1008034c                tcpwm_1_interrupts_23_IRQHandler
                0x1008034c                udb_interrupts_4_IRQHandler
                0x1008034c                tcpwm_1_interrupts_20_IRQHandler
                0x1008034c                ioss_interrupt_gpio_IRQHandler
                0x1008034c                tcpwm_0_interrupts_1_IRQHandler
                0x1008034c                ioss_interrupts_gpio_8_IRQHandler
                0x1008034c                tcpwm_0_interrupts_6_IRQHandler
                0x1008034c                scb_7_interrupt_IRQHandler
                0x1008034c                tcpwm_1_interrupts_7_IRQHandler
                0x1008034c                cpuss_interrupts_ipc_11_IRQHandler
                0x1008034c                udb_interrupts_13_IRQHandler
                0x1008034c                cpuss_interrupts_dw0_15_IRQHandler
                0x1008034c                udb_interrupts_7_IRQHandler
                0x1008034c                cpuss_interrupts_dw1_6_IRQHandler
                0x1008034c                cpuss_interrupt_crypto_IRQHandler
                0x1008034c                scb_1_interrupt_IRQHandler
                0x1008034c                Default_Handler
                0x1008034c                usb_interrupt_hi_IRQHandler
                0x1008034c                tcpwm_1_interrupts_0_IRQHandler
                0x1008034c                udb_interrupts_9_IRQHandler
                0x1008034c                audioss_interrupt_pdm_IRQHandler
                0x1008034c                srss_interrupt_mcwdt_0_IRQHandler
                0x1008034c                scb_3_interrupt_IRQHandler
                0x1008034c                pass_interrupt_ctbs_IRQHandler
                0x1008034c                udb_interrupts_8_IRQHandler
                0x1008034c                ioss_interrupts_gpio_3_IRQHandler
                0x1008034c                scb_6_interrupt_IRQHandler
                0x1008034c                cpuss_interrupts_cm4_cti_0_IRQHandler
                0x1008034c                cpuss_interrupts_dw1_3_IRQHandler
                0x1008034c                pass_interrupt_sar_IRQHandler
                0x1008034c                ioss_interrupts_gpio_0_IRQHandler
                0x1008034c                ioss_interrupts_gpio_14_IRQHandler
                0x1008034c                tcpwm_0_interrupts_4_IRQHandler
                0x1008034c                udb_interrupts_3_IRQHandler
                0x1008034c                tcpwm_0_interrupts_5_IRQHandler
                0x1008034c                cpuss_interrupts_ipc_15_IRQHandler
                0x1008034c                cpuss_interrupts_cm4_cti_1_IRQHandler
                0x1008034c                scb_8_interrupt_IRQHandler
                0x1008034c                srss_interrupt_mcwdt_1_IRQHandler
                0x1008034c                cpuss_interrupts_dw1_2_IRQHandler
                0x1008034c                cpuss_interrupts_dw1_5_IRQHandler
                0x1008034c                cpuss_interrupts_ipc_1_IRQHandler
                0x1008034c                cpuss_interrupts_dw0_0_IRQHandler
                0x1008034c                ioss_interrupts_gpio_12_IRQHandler
                0x1008034c                cpuss_interrupts_ipc_3_IRQHandler
                0x1008034c                tcpwm_1_interrupts_17_IRQHandler
                0x1008034c                srss_interrupt_backup_IRQHandler
                0x1008034c                bless_interrupt_IRQHandler
                0x1008034c                cpuss_interrupts_ipc_10_IRQHandler
                0x1008034c                cpuss_interrupts_ipc_9_IRQHandler
                0x1008034c                cpuss_interrupts_dw0_14_IRQHandler
                0x1008034c                tcpwm_1_interrupts_4_IRQHandler
                0x1008034c                tcpwm_0_interrupts_3_IRQHandler
                0x1008034c                cpuss_interrupts_dw1_15_IRQHandler
                0x1008034c                ioss_interrupts_gpio_10_IRQHandler
                0x1008034c                udb_interrupts_10_IRQHandler
                0x1008034c                cpuss_interrupts_dw0_8_IRQHandler
                0x1008034c                ioss_interrupts_gpio_11_IRQHandler
                0x1008034c                cpuss_interrupts_ipc_14_IRQHandler
                0x1008034c                ioss_interrupts_gpio_5_IRQHandler
                0x1008034c                ioss_interrupts_gpio_4_IRQHandler
                0x1008034c                tcpwm_1_interrupts_8_IRQHandler
                0x1008034c                cpuss_interrupts_dw1_14_IRQHandler
                0x1008034c                usb_interrupt_med_IRQHandler
                0x1008034c                cpuss_interrupts_dw0_2_IRQHandler
                0x1008034c                tcpwm_1_interrupts_10_IRQHandler
                0x1008034c                cpuss_interrupts_fault_0_IRQHandler
                0x1008034c                cpuss_interrupts_dw0_12_IRQHandler
                0x1008034c                ioss_interrupts_gpio_6_IRQHandler
                0x1008034c                tcpwm_1_interrupts_21_IRQHandler
                0x1008034c                tcpwm_1_interrupts_16_IRQHandler
                0x1008034c                cpuss_interrupts_dw1_4_IRQHandler
                0x1008034c                udb_interrupts_15_IRQHandler
                0x1008034c                cpuss_interrupts_dw1_11_IRQHandler
                0x1008034c                cpuss_interrupts_dw0_6_IRQHandler
                0x1008034c                ioss_interrupt_vdd_IRQHandler
                0x1008034c                cpuss_interrupts_dw0_7_IRQHandler
                0x1008034c                audioss_interrupt_i2s_IRQHandler
                0x1008034c                tcpwm_1_interrupts_5_IRQHandler
                0x1008034c                cpuss_interrupts_ipc_2_IRQHandler
                0x1008034c                cpuss_interrupts_dw0_10_IRQHandler
                0x1008034c                tcpwm_1_interrupts_19_IRQHandler
                0x1008034c                cpuss_interrupts_dw0_1_IRQHandler
                0x1008034c                ioss_interrupts_gpio_9_IRQHandler
                0x1008034c                usb_interrupt_lo_IRQHandler
                0x1008034c                cpuss_interrupts_ipc_8_IRQHandler
                0x1008034c                udb_interrupts_14_IRQHandler
                0x1008034c                cpuss_interrupts_dw0_3_IRQHandler
                0x10080350                UsageFault_Handler
                0x10080350                HardFault_Handler
                0x10080350                MemManage_Handler
                0x10080350                BusFault_Handler
 .text.main     0x1008036c       0x58 .\CortexM4\ARM_GCC_541\Debug\main_cm4.o
                0x1008036c                main
 .text.SystemInit
                0x100803c4       0x4c .\CortexM4\ARM_GCC_541\Debug\system_psoc6_cm4.o
                0x100803c4                SystemInit
 .text.Cy_SystemInit
                0x10080410       0x10 .\CortexM4\ARM_GCC_541\Debug\system_psoc6_cm4.o
                0x10080410                Cy_SystemInit
 .text.SystemCoreClockUpdate
                0x10080420      0x2f4 .\CortexM4\ARM_GCC_541\Debug\system_psoc6_cm4.o
                0x10080420                SystemCoreClockUpdate
 .text.Cy_SystemInitFpuEnable
                0x10080714       0x38 .\CortexM4\ARM_GCC_541\Debug\system_psoc6_cm4.o
                0x10080714                Cy_SystemInitFpuEnable
 .text.Cy_SysIpcPipeIsrCm4
                0x1008074c       0x10 .\CortexM4\ARM_GCC_541\Debug\system_psoc6_cm4.o
                0x1008074c                Cy_SysIpcPipeIsrCm4
 .text.__NVIC_EnableIRQ
                0x1008075c       0x3c .\CortexM4\ARM_GCC_541\Debug\i2c.o
 .text.Cy_SCB_I2C_Enable
                0x10080798       0x20 .\CortexM4\ARM_GCC_541\Debug\i2c.o
 .text.mI2C_Interrupt
                0x100807b8       0x18 .\CortexM4\ARM_GCC_541\Debug\i2c.o
 .text.HandleError
                0x100807d0        0x8 .\CortexM4\ARM_GCC_541\Debug\i2c.o
 .text.initI2C  0x100807d8       0xb0 .\CortexM4\ARM_GCC_541\Debug\i2c.o
                0x100807d8                initI2C
 .text.__NVIC_EnableIRQ
                0x10080888       0x3c .\CortexM4\ARM_GCC_541\Debug\analog.o
 .text.Cy_DMA_Enable
                0x100808c4       0x20 .\CortexM4\ARM_GCC_541\Debug\analog.o
 .text.Cy_DMA_Descriptor_SetSrcAddress
                0x100808e4       0x1c .\CortexM4\ARM_GCC_541\Debug\analog.o
 .text.Cy_DMA_Descriptor_SetDstAddress
                0x10080900       0x1c .\CortexM4\ARM_GCC_541\Debug\analog.o
 .text.Cy_DMA_Channel_Enable
                0x1008091c       0x80 .\CortexM4\ARM_GCC_541\Debug\analog.o
 .text.Cy_DMA_Channel_ClearInterrupt
                0x1008099c       0x7c .\CortexM4\ARM_GCC_541\Debug\analog.o
 .text.Cy_DMA_Channel_SetInterruptMask
                0x10080a18       0x70 .\CortexM4\ARM_GCC_541\Debug\analog.o
 .text.Cy_TCPWM_Enable_Multiple
                0x10080a88       0x1c .\CortexM4\ARM_GCC_541\Debug\analog.o
 .text.Cy_TCPWM_TriggerStart
                0x10080aa4       0x1c .\CortexM4\ARM_GCC_541\Debug\analog.o
 .text.Cy_TCPWM_TriggerStopOrKill
                0x10080ac0       0x1c .\CortexM4\ARM_GCC_541\Debug\analog.o
 .text.initADC  0x10080adc       0xb4 .\CortexM4\ARM_GCC_541\Debug\analog.o
                0x10080adc                initADC
 .text.ADCSampleTask
                0x10080b90       0xcc .\CortexM4\ARM_GCC_541\Debug\analog.o
                0x10080b90                ADCSampleTask
 .text.configureDMA0
                0x10080c5c       0xa4 .\CortexM4\ARM_GCC_541\Debug\analog.o
                0x10080c5c                configureDMA0
 .text.ADCDMA0Complete
                0x10080d00       0x28 .\CortexM4\ARM_GCC_541\Debug\analog.o
                0x10080d00                ADCDMA0Complete
 .text.configureDMA1
                0x10080d28       0xa4 .\CortexM4\ARM_GCC_541\Debug\analog.o
                0x10080d28                configureDMA1
 .text.ADCDMA1Complete
                0x10080dcc       0x28 .\CortexM4\ARM_GCC_541\Debug\analog.o
                0x10080dcc                ADCDMA1Complete
 .text.configureDMA2
                0x10080df4       0xa4 .\CortexM4\ARM_GCC_541\Debug\analog.o
                0x10080df4                configureDMA2
 .text.ADCDMA2Complete
                0x10080e98       0x28 .\CortexM4\ARM_GCC_541\Debug\analog.o
                0x10080e98                ADCDMA2Complete
 .text.configureDMA3
                0x10080ec0       0xa4 .\CortexM4\ARM_GCC_541\Debug\analog.o
                0x10080ec0                configureDMA3
 .text.ADCDMA3Complete
                0x10080f64       0x28 .\CortexM4\ARM_GCC_541\Debug\analog.o
                0x10080f64                ADCDMA3Complete
 .text.handle_error
                0x10080f8c        0x8 .\CortexM4\ARM_GCC_541\Debug\analog.o
                0x10080f8c                handle_error
 .text.ADC_ISR_Callback
                0x10080f94       0x10 .\CortexM4\ARM_GCC_541\Debug\analog.o
                0x10080f94                ADC_ISR_Callback
 .text.__NVIC_EnableIRQ
                0x10080fa4       0x3c .\CortexM4\ARM_GCC_541\Debug\serial.o
 .text.Cy_DMA_Enable
                0x10080fe0       0x20 .\CortexM4\ARM_GCC_541\Debug\serial.o
 .text.Cy_DMA_Descriptor_SetSrcAddress
                0x10081000       0x1c .\CortexM4\ARM_GCC_541\Debug\serial.o
 .text.Cy_DMA_Descriptor_SetDstAddress
                0x1008101c       0x1c .\CortexM4\ARM_GCC_541\Debug\serial.o
 .text.Cy_DMA_Channel_SetDescriptor
                0x10081038       0xa8 .\CortexM4\ARM_GCC_541\Debug\serial.o
 .text.Cy_DMA_Channel_Enable
                0x100810e0       0x80 .\CortexM4\ARM_GCC_541\Debug\serial.o
 .text.Cy_DMA_Channel_ClearInterrupt
                0x10081160       0x7c .\CortexM4\ARM_GCC_541\Debug\serial.o
 .text.Cy_DMA_Channel_SetInterruptMask
                0x100811dc       0x70 .\CortexM4\ARM_GCC_541\Debug\serial.o
 .text.selectUARTDMADescriptors
                0x1008124c      0x118 .\CortexM4\ARM_GCC_541\Debug\serial.o
                0x1008124c                selectUARTDMADescriptors
 .text.configureUARTDMA
                0x10081364      0x314 .\CortexM4\ARM_GCC_541\Debug\serial.o
                0x10081364                configureUARTDMA
 .text.UARTDMAComplete
                0x10081678       0x24 .\CortexM4\ARM_GCC_541\Debug\serial.o
                0x10081678                UARTDMAComplete
 .text.Cy_SCB_ReadRxFifo
                0x1008169c       0x1c .\CortexM4\ARM_GCC_541\Debug\stdio_user.o
 .text.Cy_SCB_GetNumInRxFifo
                0x100816b8       0x20 .\CortexM4\ARM_GCC_541\Debug\stdio_user.o
 .text.Cy_SCB_UART_Get
                0x100816d8       0x18 .\CortexM4\ARM_GCC_541\Debug\stdio_user.o
 .text.Cy_SCB_UART_GetNumInRxFifo
                0x100816f0       0x18 .\CortexM4\ARM_GCC_541\Debug\stdio_user.o
 .text.Cy_SCB_UART_Put
                0x10081708       0x1c .\CortexM4\ARM_GCC_541\Debug\stdio_user.o
 .text.STDIO_PutChar
                0x10081724       0x24 .\CortexM4\ARM_GCC_541\Debug\stdio_user.o
                0x10081724                STDIO_PutChar
 .text.STDIO_GetChar
                0x10081748       0x24 .\CortexM4\ARM_GCC_541\Debug\stdio_user.o
                0x10081748                STDIO_GetChar
 .text.__NVIC_EnableIRQ
                0x1008176c       0x3c .\CortexM4\ARM_GCC_541\Debug\cy_flash.o
 .text.Cy_SysClk_ClkPeriGetDivider
                0x100817a8       0x2c .\CortexM4\ARM_GCC_541\Debug\cy_flash.o
 .text.Cy_SysClk_ClkSlowGetDivider
                0x100817d4       0x2c .\CortexM4\ARM_GCC_541\Debug\cy_flash.o
 .text.Cy_IPC_Drv_GetIpcBaseAddress
                0x10081800       0x4c .\CortexM4\ARM_GCC_541\Debug\cy_flash.o
 .text.Cy_IPC_Drv_ReadDataValue
                0x1008184c       0x18 .\CortexM4\ARM_GCC_541\Debug\cy_flash.o
 .text.Cy_IPC_Drv_IsLockAcquired
                0x10081864       0x30 .\CortexM4\ARM_GCC_541\Debug\cy_flash.o
 .text.Cy_IPC_Drv_SendMsgPtr
                0x10081894       0x38 .\CortexM4\ARM_GCC_541\Debug\cy_flash.o
 .text.Cy_Flash_InitExt
                0x100818cc       0x8c .\CortexM4\ARM_GCC_541\Debug\cy_flash.o
                0x100818cc                Cy_Flash_InitExt
 .text.Cy_Flash_Init
                0x10081958       0x14 .\CortexM4\ARM_GCC_541\Debug\cy_flash.o
                0x10081958                Cy_Flash_Init
 .text.Cy_Flash_ProcessOpcode
                0x1008196c       0xf8 .\CortexM4\ARM_GCC_541\Debug\cy_flash.o
 .text.Cy_Flash_OperationStatus
                0x10081a64       0x60 .\CortexM4\ARM_GCC_541\Debug\cy_flash.o
 .text.Cy_IPC_Drv_AcquireNotify
                0x10081ac4       0x34 .\CortexM4\ARM_GCC_541\Debug\cy_ipc_drv.o
 .text.Cy_IPC_Drv_ReleaseNotify
                0x10081af8       0x34 .\CortexM4\ARM_GCC_541\Debug\cy_ipc_drv.o
 .text.Cy_IPC_Drv_WriteDataValue
                0x10081b2c       0x1c .\CortexM4\ARM_GCC_541\Debug\cy_ipc_drv.o
 .text.Cy_IPC_Drv_ReadDataValue
                0x10081b48       0x18 .\CortexM4\ARM_GCC_541\Debug\cy_ipc_drv.o
 .text.Cy_IPC_Drv_IsLockAcquired
                0x10081b60       0x30 .\CortexM4\ARM_GCC_541\Debug\cy_ipc_drv.o
 .text.Cy_IPC_Drv_LockAcquire
                0x10081b90       0x2c .\CortexM4\ARM_GCC_541\Debug\cy_ipc_drv.o
 .text.Cy_IPC_Drv_LockRelease
                0x10081bbc       0x38 .\CortexM4\ARM_GCC_541\Debug\cy_ipc_drv.o
                0x10081bbc                Cy_IPC_Drv_LockRelease
 .text.Cy_IPC_Drv_SendMsgWord
                0x10081bf4       0x40 .\CortexM4\ARM_GCC_541\Debug\cy_ipc_drv.o
                0x10081bf4                Cy_IPC_Drv_SendMsgWord
 .text.Cy_IPC_Drv_ReadMsgWord
                0x10081c34       0x4c .\CortexM4\ARM_GCC_541\Debug\cy_ipc_drv.o
                0x10081c34                Cy_IPC_Drv_ReadMsgWord
 .text.Cy_IPC_Drv_GetIpcBaseAddress
                0x10081c80       0x4c .\CortexM4\ARM_GCC_541\Debug\cy_ipc_sema.o
 .text.Cy_IPC_Drv_ReadDataValue
                0x10081ccc       0x18 .\CortexM4\ARM_GCC_541\Debug\cy_ipc_sema.o
 .text.Cy_IPC_Drv_SendMsgPtr
                0x10081ce4       0x38 .\CortexM4\ARM_GCC_541\Debug\cy_ipc_sema.o
 .text.Cy_IPC_Drv_LockAcquire
                0x10081d1c       0x2c .\CortexM4\ARM_GCC_541\Debug\cy_ipc_sema.o
 .text.Cy_IPC_Sema_Init
                0x10081d48       0x6c .\CortexM4\ARM_GCC_541\Debug\cy_ipc_sema.o
                0x10081d48                Cy_IPC_Sema_Init
 .text.Cy_IPC_Sema_InitExt
                0x10081db4       0xbc .\CortexM4\ARM_GCC_541\Debug\cy_ipc_sema.o
                0x10081db4                Cy_IPC_Sema_InitExt
 .text.Cy_IPC_Sema_Clear
                0x10081e70       0xe0 .\CortexM4\ARM_GCC_541\Debug\cy_ipc_sema.o
                0x10081e70                Cy_IPC_Sema_Clear
 .text.Cy_IPC_Sema_Status
                0x10081f50       0x74 .\CortexM4\ARM_GCC_541\Debug\cy_ipc_sema.o
                0x10081f50                Cy_IPC_Sema_Status
 .text.__NVIC_EnableIRQ
                0x10081fc4       0x3c .\CortexM4\ARM_GCC_541\Debug\cy_ipc_pipe.o
 .text.Cy_IPC_Drv_GetIpcBaseAddress
                0x10082000       0x4c .\CortexM4\ARM_GCC_541\Debug\cy_ipc_pipe.o
 .text.Cy_IPC_Drv_GetIntrBaseAddr
                0x1008204c       0x44 .\CortexM4\ARM_GCC_541\Debug\cy_ipc_pipe.o
 .text.Cy_IPC_Drv_SetInterruptMask
                0x10082090       0x50 .\CortexM4\ARM_GCC_541\Debug\cy_ipc_pipe.o
 .text.Cy_IPC_Drv_GetInterruptStatusMasked
                0x100820e0       0x18 .\CortexM4\ARM_GCC_541\Debug\cy_ipc_pipe.o
 .text.Cy_IPC_Drv_GetInterruptStatus
                0x100820f8       0x18 .\CortexM4\ARM_GCC_541\Debug\cy_ipc_pipe.o
 .text.Cy_IPC_Drv_ClearInterrupt
                0x10082110       0x54 .\CortexM4\ARM_GCC_541\Debug\cy_ipc_pipe.o
 .text.Cy_IPC_Drv_AcquireNotify
                0x10082164       0x34 .\CortexM4\ARM_GCC_541\Debug\cy_ipc_pipe.o
 .text.Cy_IPC_Drv_WriteDataValue
                0x10082198       0x1c .\CortexM4\ARM_GCC_541\Debug\cy_ipc_pipe.o
 .text.Cy_IPC_Drv_IsLockAcquired
                0x100821b4       0x30 .\CortexM4\ARM_GCC_541\Debug\cy_ipc_pipe.o
 .text.Cy_IPC_Drv_ExtractAcquireMask
                0x100821e4       0x18 .\CortexM4\ARM_GCC_541\Debug\cy_ipc_pipe.o
 .text.Cy_IPC_Drv_ExtractReleaseMask
                0x100821fc       0x18 .\CortexM4\ARM_GCC_541\Debug\cy_ipc_pipe.o
 .text.Cy_IPC_Drv_ReadMsgPtr
                0x10082214       0x30 .\CortexM4\ARM_GCC_541\Debug\cy_ipc_pipe.o
 .text.Cy_IPC_Drv_LockAcquire
                0x10082244       0x2c .\CortexM4\ARM_GCC_541\Debug\cy_ipc_pipe.o
 .text.Cy_IPC_Pipe_Config
                0x10082270       0x28 .\CortexM4\ARM_GCC_541\Debug\cy_ipc_pipe.o
                0x10082270                Cy_IPC_Pipe_Config
 .text.Cy_IPC_Pipe_Init
                0x10082298       0xd8 .\CortexM4\ARM_GCC_541\Debug\cy_ipc_pipe.o
                0x10082298                Cy_IPC_Pipe_Init
 .text.Cy_IPC_Pipe_EndpointInit
                0x10082370       0xac .\CortexM4\ARM_GCC_541\Debug\cy_ipc_pipe.o
                0x10082370                Cy_IPC_Pipe_EndpointInit
 .text.Cy_IPC_Pipe_SendMessage
                0x1008241c       0xf8 .\CortexM4\ARM_GCC_541\Debug\cy_ipc_pipe.o
                0x1008241c                Cy_IPC_Pipe_SendMessage
 .text.Cy_IPC_Pipe_RegisterCallback
                0x10082514       0x78 .\CortexM4\ARM_GCC_541\Debug\cy_ipc_pipe.o
                0x10082514                Cy_IPC_Pipe_RegisterCallback
 .text.Cy_IPC_Pipe_ExecuteCallback
                0x1008258c       0x40 .\CortexM4\ARM_GCC_541\Debug\cy_ipc_pipe.o
                0x1008258c                Cy_IPC_Pipe_ExecuteCallback
 .text.Cy_IPC_Pipe_ExecCallback
                0x100825cc      0x150 .\CortexM4\ARM_GCC_541\Debug\cy_ipc_pipe.o
                0x100825cc                Cy_IPC_Pipe_ExecCallback
 .text.__NVIC_SetPriority
                0x1008271c       0x54 .\CortexM4\ARM_GCC_541\Debug\cy_sysint.o
 .text.Cy_SysInt_Init
                0x10082770       0x70 .\CortexM4\ARM_GCC_541\Debug\cy_sysint.o
                0x10082770                Cy_SysInt_Init
 .text.Cy_SysInt_SetVector
                0x100827e0       0x6c .\CortexM4\ARM_GCC_541\Debug\cy_sysint.o
                0x100827e0                Cy_SysInt_SetVector
 .text.Cy_SysLib_DelayUs
                0x1008284c       0x28 .\CortexM4\ARM_GCC_541\Debug\cy_syslib.o
                0x1008284c                Cy_SysLib_DelayUs
 .text.Cy_SysLib_Halt
                0x10082874        0xc .\CortexM4\ARM_GCC_541\Debug\cy_syslib.o
                0x10082874                Cy_SysLib_Halt
 .text.Cy_SysLib_AssertFailed
                0x10082880       0x28 .\CortexM4\ARM_GCC_541\Debug\cy_syslib.o
                0x10082880                Cy_SysLib_AssertFailed
 .text.Cy_SysLib_FaultHandler
                0x100828a8      0x11c .\CortexM4\ARM_GCC_541\Debug\cy_syslib.o
                0x100828a8                Cy_SysLib_FaultHandler
 .text.Cy_SysLib_ProcessingFault
                0x100829c4        0x8 .\CortexM4\ARM_GCC_541\Debug\cy_syslib.o
                0x100829c4                Cy_SysLib_ProcessingFault
 *fill*         0x100829cc        0x4 
 .text          0x100829d0       0x20 .\CortexM4\ARM_GCC_541\Debug\cy_syslib_gcc.o
                0x100829d0                Cy_SysLib_DelayCycles
                0x100829e2                Cy_SysLib_EnterCriticalSection
                0x100829ea                Cy_SysLib_ExitCriticalSection
 .text.Cy_SysLib_GetDeviceRevision
                0x100829f0       0x28 .\CortexM4\ARM_GCC_541\Debug\cy_syspm.o
 .text.Cy_PDL_Init
                0x10082a18       0x20 .\CortexM4\ARM_GCC_541\Debug\cy_device.o
                0x10082a18                Cy_PDL_Init
 .text.Cy_SAR_Init
                0x10082a38      0x2e0 .\CortexM4\ARM_GCC_541\Debug\cy_sar.o
                0x10082a38                Cy_SAR_Init
 .text.Cy_SAR_DeInit
                0x10082d18       0xc0 .\CortexM4\ARM_GCC_541\Debug\cy_sar.o
                0x10082d18                Cy_SAR_DeInit
 .text.Cy_SAR_Enable
                0x10082dd8       0x38 .\CortexM4\ARM_GCC_541\Debug\cy_sar.o
                0x10082dd8                Cy_SAR_Enable
 .text.Cy_SCB_ReadRxFifo
                0x10082e10       0x1c .\CortexM4\ARM_GCC_541\Debug\cy_scb_common.o
 .text.Cy_SCB_GetNumInRxFifo
                0x10082e2c       0x20 .\CortexM4\ARM_GCC_541\Debug\cy_scb_common.o
 .text.Cy_SCB_WriteTxFifo
                0x10082e4c       0x20 .\CortexM4\ARM_GCC_541\Debug\cy_scb_common.o
 .text.Cy_SCB_GetNumInTxFifo
                0x10082e6c       0x20 .\CortexM4\ARM_GCC_541\Debug\cy_scb_common.o
 .text.Cy_SCB_GetFifoSize
                0x10082e8c       0x28 .\CortexM4\ARM_GCC_541\Debug\cy_scb_common.o
 .text.Cy_SCB_IsRxDataWidthByte
                0x10082eb4       0x28 .\CortexM4\ARM_GCC_541\Debug\cy_scb_common.o
 .text.Cy_SCB_IsTxDataWidthByte
                0x10082edc       0x28 .\CortexM4\ARM_GCC_541\Debug\cy_scb_common.o
 .text.Cy_SCB_ReadArrayNoCheck
                0x10082f04       0x78 .\CortexM4\ARM_GCC_541\Debug\cy_scb_common.o
                0x10082f04                Cy_SCB_ReadArrayNoCheck
 .text.Cy_SCB_ReadArray
                0x10082f7c       0x34 .\CortexM4\ARM_GCC_541\Debug\cy_scb_common.o
                0x10082f7c                Cy_SCB_ReadArray
 .text.Cy_SCB_Write
                0x10082fb0       0x38 .\CortexM4\ARM_GCC_541\Debug\cy_scb_common.o
                0x10082fb0                Cy_SCB_Write
 .text.Cy_SCB_WriteArrayNoCheck
                0x10082fe8       0x74 .\CortexM4\ARM_GCC_541\Debug\cy_scb_common.o
                0x10082fe8                Cy_SCB_WriteArrayNoCheck
 .text.Cy_SCB_WriteArray
                0x1008305c       0x40 .\CortexM4\ARM_GCC_541\Debug\cy_scb_common.o
                0x1008305c                Cy_SCB_WriteArray
 .text.Cy_SCB_WriteDefaultArrayNoCheck
                0x1008309c       0x2c .\CortexM4\ARM_GCC_541\Debug\cy_scb_common.o
                0x1008309c                Cy_SCB_WriteDefaultArrayNoCheck
 .text.Cy_SCB_WriteDefaultArray
                0x100830c8       0x40 .\CortexM4\ARM_GCC_541\Debug\cy_scb_common.o
                0x100830c8                Cy_SCB_WriteDefaultArray
 .text.Cy_SCB_ReadRxFifo
                0x10083108       0x1c .\CortexM4\ARM_GCC_541\Debug\cy_scb_i2c.o
 .text.Cy_SCB_SetRxFifoLevel
                0x10083124       0x44 .\CortexM4\ARM_GCC_541\Debug\cy_scb_i2c.o
 .text.Cy_SCB_GetNumInRxFifo
                0x10083168       0x20 .\CortexM4\ARM_GCC_541\Debug\cy_scb_i2c.o
 .text.Cy_SCB_ClearRxFifo
                0x10083188       0x3c .\CortexM4\ARM_GCC_541\Debug\cy_scb_i2c.o
 .text.Cy_SCB_WriteTxFifo
                0x100831c4       0x20 .\CortexM4\ARM_GCC_541\Debug\cy_scb_i2c.o
 .text.Cy_SCB_GetNumInTxFifo
                0x100831e4       0x20 .\CortexM4\ARM_GCC_541\Debug\cy_scb_i2c.o
 .text.Cy_SCB_GetTxSrValid
                0x10083204       0x20 .\CortexM4\ARM_GCC_541\Debug\cy_scb_i2c.o
 .text.Cy_SCB_ClearTxFifo
                0x10083224       0x3c .\CortexM4\ARM_GCC_541\Debug\cy_scb_i2c.o
 .text.Cy_SCB_GetInterruptCause
                0x10083260       0x1c .\CortexM4\ARM_GCC_541\Debug\cy_scb_i2c.o
 .text.Cy_SCB_SetRxInterruptMask
                0x1008327c       0x38 .\CortexM4\ARM_GCC_541\Debug\cy_scb_i2c.o
 .text.Cy_SCB_GetRxInterruptStatusMasked
                0x100832b4       0x1c .\CortexM4\ARM_GCC_541\Debug\cy_scb_i2c.o
 .text.Cy_SCB_ClearRxInterrupt
                0x100832d0       0x3c .\CortexM4\ARM_GCC_541\Debug\cy_scb_i2c.o
 .text.Cy_SCB_SetRxInterrupt
                0x1008330c       0x38 .\CortexM4\ARM_GCC_541\Debug\cy_scb_i2c.o
 .text.Cy_SCB_SetTxInterruptMask
                0x10083344       0x38 .\CortexM4\ARM_GCC_541\Debug\cy_scb_i2c.o
 .text.Cy_SCB_GetTxInterruptStatusMasked
                0x1008337c       0x1c .\CortexM4\ARM_GCC_541\Debug\cy_scb_i2c.o
 .text.Cy_SCB_ClearTxInterrupt
                0x10083398       0x3c .\CortexM4\ARM_GCC_541\Debug\cy_scb_i2c.o
 .text.Cy_SCB_GetMasterInterruptStatus
                0x100833d4       0x20 .\CortexM4\ARM_GCC_541\Debug\cy_scb_i2c.o
 .text.Cy_SCB_SetMasterInterruptMask
                0x100833f4       0x38 .\CortexM4\ARM_GCC_541\Debug\cy_scb_i2c.o
 .text.Cy_SCB_GetMasterInterruptStatusMasked
                0x1008342c       0x1c .\CortexM4\ARM_GCC_541\Debug\cy_scb_i2c.o
 .text.Cy_SCB_ClearMasterInterrupt
                0x10083448       0x3c .\CortexM4\ARM_GCC_541\Debug\cy_scb_i2c.o
 .text.Cy_SCB_SetSlaveInterruptMask
                0x10083484       0x38 .\CortexM4\ARM_GCC_541\Debug\cy_scb_i2c.o
 .text.Cy_SCB_GetSlaveInterruptStatusMasked
                0x100834bc       0x1c .\CortexM4\ARM_GCC_541\Debug\cy_scb_i2c.o
 .text.Cy_SCB_ClearSlaveInterrupt
                0x100834d8       0x3c .\CortexM4\ARM_GCC_541\Debug\cy_scb_i2c.o
 .text.Cy_SCB_GetI2CInterruptStatusMasked
                0x10083514       0x1c .\CortexM4\ARM_GCC_541\Debug\cy_scb_i2c.o
 .text.Cy_SCB_ClearI2CInterrupt
                0x10083530       0x38 .\CortexM4\ARM_GCC_541\Debug\cy_scb_i2c.o
 .text.Cy_SCB_GetFifoSize
                0x10083568       0x28 .\CortexM4\ARM_GCC_541\Debug\cy_scb_i2c.o
 .text.Cy_SCB_FwBlockReset
                0x10083590       0x3c .\CortexM4\ARM_GCC_541\Debug\cy_scb_i2c.o
 .text.Cy_SCB_GetRxFifoLevel
                0x100835cc       0x1c .\CortexM4\ARM_GCC_541\Debug\cy_scb_i2c.o
 .text.Cy_SCB_I2C_MasterSetLowPhaseDutyCycle
                0x100835e8       0x44 .\CortexM4\ARM_GCC_541\Debug\cy_scb_i2c.o
 .text.Cy_SCB_I2C_MasterSetHighPhaseDutyCycle
                0x1008362c       0x44 .\CortexM4\ARM_GCC_541\Debug\cy_scb_i2c.o
 .text.Cy_SCB_I2C_Init
                0x10083670      0x244 .\CortexM4\ARM_GCC_541\Debug\cy_scb_i2c.o
                0x10083670                Cy_SCB_I2C_Init
 .text.Cy_SCB_I2C_SetDataRate
                0x100838b4      0x270 .\CortexM4\ARM_GCC_541\Debug\cy_scb_i2c.o
                0x100838b4                Cy_SCB_I2C_SetDataRate
 .text.Cy_SCB_I2C_GetDataRate
                0x10083b24       0xd0 .\CortexM4\ARM_GCC_541\Debug\cy_scb_i2c.o
                0x10083b24                Cy_SCB_I2C_GetDataRate
 .text.Cy_SCB_I2C_Interrupt
                0x10083bf4       0x30 .\CortexM4\ARM_GCC_541\Debug\cy_scb_i2c.o
                0x10083bf4                Cy_SCB_I2C_Interrupt
 .text.Cy_SCB_I2C_SlaveInterrupt
                0x10083c24      0x128 .\CortexM4\ARM_GCC_541\Debug\cy_scb_i2c.o
                0x10083c24                Cy_SCB_I2C_SlaveInterrupt
 .text.SlaveHandleAddress
                0x10083d4c      0x1bc .\CortexM4\ARM_GCC_541\Debug\cy_scb_i2c.o
 .text.SlaveHandleDataReceive
                0x10083f08      0x104 .\CortexM4\ARM_GCC_541\Debug\cy_scb_i2c.o
 .text.SlaveHandleDataTransmit
                0x1008400c      0x16c .\CortexM4\ARM_GCC_541\Debug\cy_scb_i2c.o
 .text.SlaveHandleStop
                0x10084178      0x128 .\CortexM4\ARM_GCC_541\Debug\cy_scb_i2c.o
 .text.Cy_SCB_I2C_MasterInterrupt
                0x100842a0       0xb8 .\CortexM4\ARM_GCC_541\Debug\cy_scb_i2c.o
                0x100842a0                Cy_SCB_I2C_MasterInterrupt
 .text.MasterHandleEvents
                0x10084358       0xb0 .\CortexM4\ARM_GCC_541\Debug\cy_scb_i2c.o
 .text.MasterHandleDataReceive
                0x10084408      0x114 .\CortexM4\ARM_GCC_541\Debug\cy_scb_i2c.o
 .text.MasterHandleDataTransmit
                0x1008451c      0x120 .\CortexM4\ARM_GCC_541\Debug\cy_scb_i2c.o
 .text.MasterHandleStop
                0x1008463c       0x50 .\CortexM4\ARM_GCC_541\Debug\cy_scb_i2c.o
 .text.MasterHandleComplete
                0x1008468c      0x148 .\CortexM4\ARM_GCC_541\Debug\cy_scb_i2c.o
 .text.Cy_SCB_ReadRxFifo
                0x100847d4       0x1c .\CortexM4\ARM_GCC_541\Debug\cy_scb_uart.o
 .text.Cy_SCB_SetRxFifoLevel
                0x100847f0       0x44 .\CortexM4\ARM_GCC_541\Debug\cy_scb_uart.o
 .text.Cy_SCB_GetNumInRxFifo
                0x10084834       0x20 .\CortexM4\ARM_GCC_541\Debug\cy_scb_uart.o
 .text.Cy_SCB_WriteTxFifo
                0x10084854       0x20 .\CortexM4\ARM_GCC_541\Debug\cy_scb_uart.o
 .text.Cy_SCB_GetNumInTxFifo
                0x10084874       0x20 .\CortexM4\ARM_GCC_541\Debug\cy_scb_uart.o
 .text.Cy_SCB_GetInterruptCause
                0x10084894       0x1c .\CortexM4\ARM_GCC_541\Debug\cy_scb_uart.o
 .text.Cy_SCB_SetRxInterruptMask
                0x100848b0       0x38 .\CortexM4\ARM_GCC_541\Debug\cy_scb_uart.o
 .text.Cy_SCB_GetRxInterruptStatusMasked
                0x100848e8       0x1c .\CortexM4\ARM_GCC_541\Debug\cy_scb_uart.o
 .text.Cy_SCB_ClearRxInterrupt
                0x10084904       0x3c .\CortexM4\ARM_GCC_541\Debug\cy_scb_uart.o
 .text.Cy_SCB_SetTxInterruptMask
                0x10084940       0x38 .\CortexM4\ARM_GCC_541\Debug\cy_scb_uart.o
 .text.Cy_SCB_GetTxInterruptMask
                0x10084978       0x1c .\CortexM4\ARM_GCC_541\Debug\cy_scb_uart.o
 .text.Cy_SCB_GetTxInterruptStatusMasked
                0x10084994       0x1c .\CortexM4\ARM_GCC_541\Debug\cy_scb_uart.o
 .text.Cy_SCB_ClearTxInterrupt
                0x100849b0       0x3c .\CortexM4\ARM_GCC_541\Debug\cy_scb_uart.o
 .text.Cy_SCB_GetFifoSize
                0x100849ec       0x28 .\CortexM4\ARM_GCC_541\Debug\cy_scb_uart.o
 .text.Cy_SCB_IsRxDataWidthByte
                0x10084a14       0x28 .\CortexM4\ARM_GCC_541\Debug\cy_scb_uart.o
 .text.Cy_SCB_IsTxDataWidthByte
                0x10084a3c       0x28 .\CortexM4\ARM_GCC_541\Debug\cy_scb_uart.o
 .text.Cy_SCB_UART_GetArray
                0x10084a64       0x3c .\CortexM4\ARM_GCC_541\Debug\cy_scb_uart.o
 .text.Cy_SCB_UART_PutArray
                0x10084aa0       0x3c .\CortexM4\ARM_GCC_541\Debug\cy_scb_uart.o
 .text.Cy_SCB_UART_Init
                0x10084adc      0x4e0 .\CortexM4\ARM_GCC_541\Debug\cy_scb_uart.o
                0x10084adc                Cy_SCB_UART_Init
 .text.Cy_SCB_UART_GetNumInRingBuffer
                0x10084fbc       0x44 .\CortexM4\ARM_GCC_541\Debug\cy_scb_uart.o
                0x10084fbc                Cy_SCB_UART_GetNumInRingBuffer
 .text.Cy_SCB_UART_Interrupt
                0x10085000      0x15c .\CortexM4\ARM_GCC_541\Debug\cy_scb_uart.o
                0x10085000                Cy_SCB_UART_Interrupt
 .text.HandleDataReceive
                0x1008515c       0xe4 .\CortexM4\ARM_GCC_541\Debug\cy_scb_uart.o
 .text.HandleRingBuffer
                0x10085240       0xfc .\CortexM4\ARM_GCC_541\Debug\cy_scb_uart.o
 .text.HandleDataTransmit
                0x1008533c       0xfc .\CortexM4\ARM_GCC_541\Debug\cy_scb_uart.o
 .text.Cy_DMA_Channel_SetDescriptor
                0x10085438       0xa8 .\CortexM4\ARM_GCC_541\Debug\cy_dma.o
 .text.Cy_DMA_Descriptor_Init
                0x100854e0      0x404 .\CortexM4\ARM_GCC_541\Debug\cy_dma.o
                0x100854e0                Cy_DMA_Descriptor_Init
 .text.Cy_DMA_Channel_Init
                0x100858e4       0xf0 .\CortexM4\ARM_GCC_541\Debug\cy_dma.o
                0x100858e4                Cy_DMA_Channel_Init
 .text.Cy_TCPWM_Counter_Init
                0x100859d4      0x1a4 .\CortexM4\ARM_GCC_541\Debug\cy_tcpwm_counter.o
                0x100859d4                Cy_TCPWM_Counter_Init
 .text.vListInitialise
                0x10085b78       0x40 .\CortexM4\ARM_GCC_541\Debug\list.o
                0x10085b78                vListInitialise
 .text.vListInitialiseItem
                0x10085bb8       0x1c .\CortexM4\ARM_GCC_541\Debug\list.o
                0x10085bb8                vListInitialiseItem
 .text.vListInsertEnd
                0x10085bd4       0x48 .\CortexM4\ARM_GCC_541\Debug\list.o
                0x10085bd4                vListInsertEnd
 .text.vListInsert
                0x10085c1c       0x74 .\CortexM4\ARM_GCC_541\Debug\list.o
                0x10085c1c                vListInsert
 .text.uxListRemove
                0x10085c90       0x54 .\CortexM4\ARM_GCC_541\Debug\list.o
                0x10085c90                uxListRemove
 .text.xQueueGenericReset
                0x10085ce4       0xd0 .\CortexM4\ARM_GCC_541\Debug\queue.o
                0x10085ce4                xQueueGenericReset
 .text.xQueueGenericCreate
                0x10085db4       0x74 .\CortexM4\ARM_GCC_541\Debug\queue.o
                0x10085db4                xQueueGenericCreate
 .text.prvInitialiseNewQueue
                0x10085e28       0x40 .\CortexM4\ARM_GCC_541\Debug\queue.o
 .text.xQueueGenericSend
                0x10085e68      0x1f4 .\CortexM4\ARM_GCC_541\Debug\queue.o
                0x10085e68                xQueueGenericSend
 .text.xQueueGenericSendFromISR
                0x1008605c      0x128 .\CortexM4\ARM_GCC_541\Debug\queue.o
                0x1008605c                xQueueGenericSendFromISR
 .text.xQueueReceive
                0x10086184      0x1b8 .\CortexM4\ARM_GCC_541\Debug\queue.o
                0x10086184                xQueueReceive
 .text.prvCopyDataToQueue
                0x1008633c       0xb8 .\CortexM4\ARM_GCC_541\Debug\queue.o
 .text.prvCopyDataFromQueue
                0x100863f4       0x4c .\CortexM4\ARM_GCC_541\Debug\queue.o
 .text.prvUnlockQueue
                0x10086440       0xa4 .\CortexM4\ARM_GCC_541\Debug\queue.o
 .text.prvIsQueueEmpty
                0x100864e4       0x2c .\CortexM4\ARM_GCC_541\Debug\queue.o
 .text.prvIsQueueFull
                0x10086510       0x30 .\CortexM4\ARM_GCC_541\Debug\queue.o
 .text.vQueueAddToRegistry
                0x10086540       0x50 .\CortexM4\ARM_GCC_541\Debug\queue.o
                0x10086540                vQueueAddToRegistry
 .text.vQueueWaitForMessageRestricted
                0x10086590       0x68 .\CortexM4\ARM_GCC_541\Debug\queue.o
                0x10086590                vQueueWaitForMessageRestricted
 .text.xTaskCreate
                0x100865f8       0x84 .\CortexM4\ARM_GCC_541\Debug\tasks.o
                0x100865f8                xTaskCreate
 .text.prvInitialiseNewTask
                0x1008667c      0x120 .\CortexM4\ARM_GCC_541\Debug\tasks.o
 .text.prvAddNewTaskToReadyList
                0x1008679c       0xd8 .\CortexM4\ARM_GCC_541\Debug\tasks.o
 .text.vTaskDelayUntil
                0x10086874       0xf4 .\CortexM4\ARM_GCC_541\Debug\tasks.o
                0x10086874                vTaskDelayUntil
 .text.vTaskDelay
                0x10086968       0x68 .\CortexM4\ARM_GCC_541\Debug\tasks.o
                0x10086968                vTaskDelay
 .text.vTaskStartScheduler
                0x100869d0       0x98 .\CortexM4\ARM_GCC_541\Debug\tasks.o
                0x100869d0                vTaskStartScheduler
 .text.vTaskSuspendAll
                0x10086a68       0x1c .\CortexM4\ARM_GCC_541\Debug\tasks.o
                0x10086a68                vTaskSuspendAll
 .text.xTaskResumeAll
                0x10086a84      0x138 .\CortexM4\ARM_GCC_541\Debug\tasks.o
                0x10086a84                xTaskResumeAll
 .text.xTaskGetTickCount
                0x10086bbc       0x20 .\CortexM4\ARM_GCC_541\Debug\tasks.o
                0x10086bbc                xTaskGetTickCount
 .text.xTaskIncrementTick
                0x10086bdc      0x15c .\CortexM4\ARM_GCC_541\Debug\tasks.o
                0x10086bdc                xTaskIncrementTick
 .text.vTaskSwitchContext
                0x10086d38      0x104 .\CortexM4\ARM_GCC_541\Debug\tasks.o
                0x10086d38                vTaskSwitchContext
 .text.vTaskPlaceOnEventList
                0x10086e3c       0x48 .\CortexM4\ARM_GCC_541\Debug\tasks.o
                0x10086e3c                vTaskPlaceOnEventList
 .text.vTaskPlaceOnEventListRestricted
                0x10086e84       0x54 .\CortexM4\ARM_GCC_541\Debug\tasks.o
                0x10086e84                vTaskPlaceOnEventListRestricted
 .text.xTaskRemoveFromEventList
                0x10086ed8       0xc4 .\CortexM4\ARM_GCC_541\Debug\tasks.o
                0x10086ed8                xTaskRemoveFromEventList
 .text.vTaskInternalSetTimeOutState
                0x10086f9c       0x2c .\CortexM4\ARM_GCC_541\Debug\tasks.o
                0x10086f9c                vTaskInternalSetTimeOutState
 .text.xTaskCheckForTimeOut
                0x10086fc8       0xc0 .\CortexM4\ARM_GCC_541\Debug\tasks.o
                0x10086fc8                xTaskCheckForTimeOut
 .text.vTaskMissedYield
                0x10087088       0x18 .\CortexM4\ARM_GCC_541\Debug\tasks.o
                0x10087088                vTaskMissedYield
 .text.prvIdleTask
                0x100870a0       0x30 .\CortexM4\ARM_GCC_541\Debug\tasks.o
 .text.prvInitialiseTaskLists
                0x100870d0       0x80 .\CortexM4\ARM_GCC_541\Debug\tasks.o
 .text.prvCheckTasksWaitingTermination
                0x10087150       0x58 .\CortexM4\ARM_GCC_541\Debug\tasks.o
 .text.prvDeleteTCB
                0x100871a8       0x20 .\CortexM4\ARM_GCC_541\Debug\tasks.o
 .text.prvResetNextTaskUnblockTime
                0x100871c8       0x4c .\CortexM4\ARM_GCC_541\Debug\tasks.o
 .text.xTaskGetSchedulerState
                0x10087214       0x3c .\CortexM4\ARM_GCC_541\Debug\tasks.o
                0x10087214                xTaskGetSchedulerState
 .text.prvAddCurrentTaskToDelayedList
                0x10087250       0xa8 .\CortexM4\ARM_GCC_541\Debug\tasks.o
 .text.xTimerCreateTimerTask
                0x100872f8       0x60 .\CortexM4\ARM_GCC_541\Debug\timers.o
                0x100872f8                xTimerCreateTimerTask
 .text.xTimerGenericCommand
                0x10087358       0x98 .\CortexM4\ARM_GCC_541\Debug\timers.o
                0x10087358                xTimerGenericCommand
 .text.prvProcessExpiredTimer
                0x100873f0       0x80 .\CortexM4\ARM_GCC_541\Debug\timers.o
 .text.prvTimerTask
                0x10087470       0x24 .\CortexM4\ARM_GCC_541\Debug\timers.o
 .text.prvProcessTimerOrBlockTask
                0x10087494       0x9c .\CortexM4\ARM_GCC_541\Debug\timers.o
 .text.prvGetNextExpireTime
                0x10087530       0x48 .\CortexM4\ARM_GCC_541\Debug\timers.o
 .text.prvSampleTimeNow
                0x10087578       0x40 .\CortexM4\ARM_GCC_541\Debug\timers.o
 .text.prvInsertTimerInActiveList
                0x100875b8       0x84 .\CortexM4\ARM_GCC_541\Debug\timers.o
 .text.prvProcessReceivedCommands
                0x1008763c      0x124 .\CortexM4\ARM_GCC_541\Debug\timers.o
 .text.prvSwitchTimerLists
                0x10087760       0xc0 .\CortexM4\ARM_GCC_541\Debug\timers.o
 .text.prvCheckForValidListAndQueue
                0x10087820       0x6c .\CortexM4\ARM_GCC_541\Debug\timers.o
 .text.pxPortInitialiseStack
                0x1008788c       0x68 .\CortexM4\ARM_GCC_541\Debug\port.o
                0x1008788c                pxPortInitialiseStack
 .text.prvTaskExitError
                0x100878f4       0x54 .\CortexM4\ARM_GCC_541\Debug\port.o
 *fill*         0x10087948        0x8 
 .text.SVC_Handler
                0x10087950       0x28 .\CortexM4\ARM_GCC_541\Debug\port.o
                0x10087950                SVC_Handler
 .text.prvPortStartFirstTask
                0x10087978       0x28 .\CortexM4\ARM_GCC_541\Debug\port.o
 .text.xPortStartScheduler
                0x100879a0       0xf4 .\CortexM4\ARM_GCC_541\Debug\port.o
                0x100879a0                xPortStartScheduler
 .text.vPortEnterCritical
                0x10087a94       0x5c .\CortexM4\ARM_GCC_541\Debug\port.o
                0x10087a94                vPortEnterCritical
 .text.vPortExitCritical
                0x10087af0       0x50 .\CortexM4\ARM_GCC_541\Debug\port.o
                0x10087af0                vPortExitCritical
 .text.PendSV_Handler
                0x10087b40       0x68 .\CortexM4\ARM_GCC_541\Debug\port.o
                0x10087b40                PendSV_Handler
 .text.SysTick_Handler
                0x10087ba8       0x40 .\CortexM4\ARM_GCC_541\Debug\port.o
                0x10087ba8                SysTick_Handler
 .text.vPortSetupTimerInterrupt
                0x10087be8       0x48 .\CortexM4\ARM_GCC_541\Debug\port.o
                0x10087be8                vPortSetupTimerInterrupt
 .text.vPortEnableVFP
                0x10087c30       0x14 .\CortexM4\ARM_GCC_541\Debug\port.o
 .text.vPortValidateInterruptPriority
                0x10087c44       0x7c .\CortexM4\ARM_GCC_541\Debug\port.o
                0x10087c44                vPortValidateInterruptPriority
 .text.vApplicationStackOverflowHook
                0x10087cc0       0x2c .\CortexM4\ARM_GCC_541\Debug\port.o
                0x10087cc0                vApplicationStackOverflowHook
 .text.pvPortMalloc
                0x10087cec       0x8c .\CortexM4\ARM_GCC_541\Debug\heap_1.o
                0x10087cec                pvPortMalloc
 .text.vPortFree
                0x10087d78       0x30 .\CortexM4\ARM_GCC_541\Debug\heap_1.o
                0x10087d78                vPortFree
 .text._write   0x10087da8       0x40 .\CortexM4\ARM_GCC_541\Debug\retarget.o
                0x10087da8                _write
 .text._read    0x10087de8       0x54 .\CortexM4\ARM_GCC_541\Debug\retarget.o
                0x10087de8                _read
 .text.__NVIC_EnableIRQ
                0x10087e3c       0x3c .\CortexM4\ARM_GCC_541\Debug\ADC.o
 .text.Cy_SysClk_PeriphSetDivider
                0x10087e78       0xe0 .\CortexM4\ARM_GCC_541\Debug\ADC.o
 .text.Cy_SysClk_PeriphEnableDivider
                0x10087f58       0xd0 .\CortexM4\ARM_GCC_541\Debug\ADC.o
 .text.Cy_SysClk_PeriphDisableDivider
                0x10088028       0xa0 .\CortexM4\ARM_GCC_541\Debug\ADC.o
 .text.ADC_intSarClock_Enable
                0x100880c8       0x10 .\CortexM4\ARM_GCC_541\Debug\ADC.o
 .text.ADC_intSarClock_Disable
                0x100880d8       0x10 .\CortexM4\ARM_GCC_541\Debug\ADC.o
 .text.ADC_intSarClock_SetDivider
                0x100880e8       0x1c .\CortexM4\ARM_GCC_541\Debug\ADC.o
 .text.ADC_Enable
                0x10088104       0x14 .\CortexM4\ARM_GCC_541\Debug\ADC.o
 .text.ADC_Start
                0x10088118       0x30 .\CortexM4\ARM_GCC_541\Debug\ADC.o
                0x10088118                ADC_Start
 .text.ADC_InitConfig
                0x10088148       0x40 .\CortexM4\ARM_GCC_541\Debug\ADC.o
                0x10088148                ADC_InitConfig
 .text.ADC_IRQ_Enable
                0x10088188       0x18 .\CortexM4\ARM_GCC_541\Debug\ADC.o
                0x10088188                ADC_IRQ_Enable
 .text.ADC_Init
                0x100881a0       0x5c .\CortexM4\ARM_GCC_541\Debug\ADC.o
                0x100881a0                ADC_Init
 .text.Cy_SAR_GetInterruptStatus
                0x100881fc       0x1c .\CortexM4\ARM_GCC_541\Debug\ADC_INT.o
 .text.Cy_SAR_ClearInterrupt
                0x10088218       0x34 .\CortexM4\ARM_GCC_541\Debug\ADC_INT.o
 .text.ADC_ISR  0x1008824c       0x2c .\CortexM4\ARM_GCC_541\Debug\ADC_INT.o
                0x1008824c                ADC_ISR
 .text.__NVIC_EnableIRQ
                0x10088278       0x3c .\CortexM4\ARM_GCC_541\Debug\UART.o
 .text.Cy_SCB_UART_Enable
                0x100882b4       0x20 .\CortexM4\ARM_GCC_541\Debug\UART.o
 .text.UART_Interrupt
                0x100882d4       0x18 .\CortexM4\ARM_GCC_541\Debug\UART.o
 .text.UART_Start
                0x100882ec       0x54 .\CortexM4\ARM_GCC_541\Debug\UART.o
                0x100882ec                UART_Start
 .text.memcpy   0x10088340       0x16 c:/program files (x86)/cypress/psoc creator/4.2/psoc creator/import/gnu/arm/5.4.1/bin/../lib/gcc/arm-none-eabi/5.4.1/../../../../arm-none-eabi/lib/armv7e-m/softfp\libg_nano.a(lib_a-memcpy-stub.o)
                0x10088340                memcpy
 .text.memset   0x10088356       0x10 c:/program files (x86)/cypress/psoc creator/4.2/psoc creator/import/gnu/arm/5.4.1/bin/../lib/gcc/arm-none-eabi/5.4.1/../../../../arm-none-eabi/lib/armv7e-m/softfp\libg_nano.a(lib_a-memset.o)
                0x10088356                memset
 *fill*         0x10088366        0x2 
 .text._puts_r  0x10088368       0xb4 c:/program files (x86)/cypress/psoc creator/4.2/psoc creator/import/gnu/arm/5.4.1/bin/../lib/gcc/arm-none-eabi/5.4.1/../../../../arm-none-eabi/lib/armv7e-m/softfp\libg_nano.a(lib_a-puts.o)
                0x10088368                _puts_r
 .text.puts     0x1008841c       0x10 c:/program files (x86)/cypress/psoc creator/4.2/psoc creator/import/gnu/arm/5.4.1/bin/../lib/gcc/arm-none-eabi/5.4.1/../../../../arm-none-eabi/lib/armv7e-m/softfp\libg_nano.a(lib_a-puts.o)
                0x1008841c                puts
 .text.strncpy  0x1008842c       0x26 c:/program files (x86)/cypress/psoc creator/4.2/psoc creator/import/gnu/arm/5.4.1/bin/../lib/gcc/arm-none-eabi/5.4.1/../../../../arm-none-eabi/lib/armv7e-m/softfp\libg_nano.a(lib_a-strncpy.o)
                0x1008842c                strncpy
 *fill*         0x10088452        0x2 
 .text.__swbuf_r
                0x10088454       0xa8 c:/program files (x86)/cypress/psoc creator/4.2/psoc creator/import/gnu/arm/5.4.1/bin/../lib/gcc/arm-none-eabi/5.4.1/../../../../arm-none-eabi/lib/armv7e-m/softfp\libg_nano.a(lib_a-wbuf.o)
                0x10088454                __swbuf_r
 .text.__swsetup_r
                0x100884fc       0xdc c:/program files (x86)/cypress/psoc creator/4.2/psoc creator/import/gnu/arm/5.4.1/bin/../lib/gcc/arm-none-eabi/5.4.1/../../../../arm-none-eabi/lib/armv7e-m/softfp\libg_nano.a(lib_a-wsetup.o)
                0x100884fc                __swsetup_r
 .text.__sflush_r
                0x100885d8      0x110 c:/program files (x86)/cypress/psoc creator/4.2/psoc creator/import/gnu/arm/5.4.1/bin/../lib/gcc/arm-none-eabi/5.4.1/../../../../arm-none-eabi/lib/armv7e-m/softfp\libg_nano.a(lib_a-fflush.o)
                0x100885d8                __sflush_r
 .text._fflush_r
                0x100886e8       0x54 c:/program files (x86)/cypress/psoc creator/4.2/psoc creator/import/gnu/arm/5.4.1/bin/../lib/gcc/arm-none-eabi/5.4.1/../../../../arm-none-eabi/lib/armv7e-m/softfp\libg_nano.a(lib_a-fflush.o)
                0x100886e8                _fflush_r
 .text._cleanup_r
                0x1008873c        0xc c:/program files (x86)/cypress/psoc creator/4.2/psoc creator/import/gnu/arm/5.4.1/bin/../lib/gcc/arm-none-eabi/5.4.1/../../../../arm-none-eabi/lib/armv7e-m/softfp\libg_nano.a(lib_a-findfp.o)
                0x1008873c                _cleanup_r
 .text.std.isra.0
                0x10088748       0x48 c:/program files (x86)/cypress/psoc creator/4.2/psoc creator/import/gnu/arm/5.4.1/bin/../lib/gcc/arm-none-eabi/5.4.1/../../../../arm-none-eabi/lib/armv7e-m/softfp\libg_nano.a(lib_a-findfp.o)
 .text.__sfmoreglue
                0x10088790       0x2c c:/program files (x86)/cypress/psoc creator/4.2/psoc creator/import/gnu/arm/5.4.1/bin/../lib/gcc/arm-none-eabi/5.4.1/../../../../arm-none-eabi/lib/armv7e-m/softfp\libg_nano.a(lib_a-findfp.o)
                0x10088790                __sfmoreglue
 .text.__sinit  0x100887bc       0x60 c:/program files (x86)/cypress/psoc creator/4.2/psoc creator/import/gnu/arm/5.4.1/bin/../lib/gcc/arm-none-eabi/5.4.1/../../../../arm-none-eabi/lib/armv7e-m/softfp\libg_nano.a(lib_a-findfp.o)
                0x100887bc                __sinit
 .text.__sfp    0x1008881c       0x78 c:/program files (x86)/cypress/psoc creator/4.2/psoc creator/import/gnu/arm/5.4.1/bin/../lib/gcc/arm-none-eabi/5.4.1/../../../../arm-none-eabi/lib/armv7e-m/softfp\libg_nano.a(lib_a-findfp.o)
                0x1008881c                __sfp
 .text._fwalk_reent
                0x10088894       0x3c c:/program files (x86)/cypress/psoc creator/4.2/psoc creator/import/gnu/arm/5.4.1/bin/../lib/gcc/arm-none-eabi/5.4.1/../../../../arm-none-eabi/lib/armv7e-m/softfp\libg_nano.a(lib_a-fwalk.o)
                0x10088894                _fwalk_reent
 .text.__swhatbuf_r
                0x100888d0       0x46 c:/program files (x86)/cypress/psoc creator/4.2/psoc creator/import/gnu/arm/5.4.1/bin/../lib/gcc/arm-none-eabi/5.4.1/../../../../arm-none-eabi/lib/armv7e-m/softfp\libg_nano.a(lib_a-makebuf.o)
                0x100888d0                __swhatbuf_r
 *fill*         0x10088916        0x2 
 .text.__smakebuf_r
                0x10088918       0x78 c:/program files (x86)/cypress/psoc creator/4.2/psoc creator/import/gnu/arm/5.4.1/bin/../lib/gcc/arm-none-eabi/5.4.1/../../../../arm-none-eabi/lib/armv7e-m/softfp\libg_nano.a(lib_a-makebuf.o)
                0x10088918                __smakebuf_r
 .text._free_r  0x10088990       0x9c c:/program files (x86)/cypress/psoc creator/4.2/psoc creator/import/gnu/arm/5.4.1/bin/../lib/gcc/arm-none-eabi/5.4.1/../../../../arm-none-eabi/lib/armv7e-m/softfp\libg_nano.a(lib_a-nano-freer.o)
                0x10088990                _free_r
 .text._malloc_r
                0x10088a2c       0xbc c:/program files (x86)/cypress/psoc creator/4.2/psoc creator/import/gnu/arm/5.4.1/bin/../lib/gcc/arm-none-eabi/5.4.1/../../../../arm-none-eabi/lib/armv7e-m/softfp\libg_nano.a(lib_a-nano-mallocr.o)
                0x10088a2c                _malloc_r
 .text._sbrk_r  0x10088ae8       0x20 c:/program files (x86)/cypress/psoc creator/4.2/psoc creator/import/gnu/arm/5.4.1/bin/../lib/gcc/arm-none-eabi/5.4.1/../../../../arm-none-eabi/lib/armv7e-m/softfp\libg_nano.a(lib_a-sbrkr.o)
                0x10088ae8                _sbrk_r
 .text.__sread  0x10088b08       0x22 c:/program files (x86)/cypress/psoc creator/4.2/psoc creator/import/gnu/arm/5.4.1/bin/../lib/gcc/arm-none-eabi/5.4.1/../../../../arm-none-eabi/lib/armv7e-m/softfp\libg_nano.a(lib_a-stdio.o)
                0x10088b08                __sread
 .text.__swrite
                0x10088b2a       0x38 c:/program files (x86)/cypress/psoc creator/4.2/psoc creator/import/gnu/arm/5.4.1/bin/../lib/gcc/arm-none-eabi/5.4.1/../../../../arm-none-eabi/lib/armv7e-m/softfp\libg_nano.a(lib_a-stdio.o)
                0x10088b2a                __swrite
 .text.__sseek  0x10088b62       0x24 c:/program files (x86)/cypress/psoc creator/4.2/psoc creator/import/gnu/arm/5.4.1/bin/../lib/gcc/arm-none-eabi/5.4.1/../../../../arm-none-eabi/lib/armv7e-m/softfp\libg_nano.a(lib_a-stdio.o)
                0x10088b62                __sseek
 .text.__sclose
                0x10088b86        0x8 c:/program files (x86)/cypress/psoc creator/4.2/psoc creator/import/gnu/arm/5.4.1/bin/../lib/gcc/arm-none-eabi/5.4.1/../../../../arm-none-eabi/lib/armv7e-m/softfp\libg_nano.a(lib_a-stdio.o)
                0x10088b86                __sclose
 *fill*         0x10088b8e        0x2 
 .text._write_r
                0x10088b90       0x24 c:/program files (x86)/cypress/psoc creator/4.2/psoc creator/import/gnu/arm/5.4.1/bin/../lib/gcc/arm-none-eabi/5.4.1/../../../../arm-none-eabi/lib/armv7e-m/softfp\libg_nano.a(lib_a-writer.o)
                0x10088b90                _write_r
 .text._close_r
                0x10088bb4       0x20 c:/program files (x86)/cypress/psoc creator/4.2/psoc creator/import/gnu/arm/5.4.1/bin/../lib/gcc/arm-none-eabi/5.4.1/../../../../arm-none-eabi/lib/armv7e-m/softfp\libg_nano.a(lib_a-closer.o)
                0x10088bb4                _close_r
 .text._fstat_r
                0x10088bd4       0x24 c:/program files (x86)/cypress/psoc creator/4.2/psoc creator/import/gnu/arm/5.4.1/bin/../lib/gcc/arm-none-eabi/5.4.1/../../../../arm-none-eabi/lib/armv7e-m/softfp\libg_nano.a(lib_a-fstatr.o)
                0x10088bd4                _fstat_r
 .text._isatty_r
                0x10088bf8       0x20 c:/program files (x86)/cypress/psoc creator/4.2/psoc creator/import/gnu/arm/5.4.1/bin/../lib/gcc/arm-none-eabi/5.4.1/../../../../arm-none-eabi/lib/armv7e-m/softfp\libg_nano.a(lib_a-isattyr.o)
                0x10088bf8                _isatty_r
 .text._lseek_r
                0x10088c18       0x24 c:/program files (x86)/cypress/psoc creator/4.2/psoc creator/import/gnu/arm/5.4.1/bin/../lib/gcc/arm-none-eabi/5.4.1/../../../../arm-none-eabi/lib/armv7e-m/softfp\libg_nano.a(lib_a-lseekr.o)
                0x10088c18                _lseek_r
 .text.__malloc_lock
                0x10088c3c        0x2 c:/program files (x86)/cypress/psoc creator/4.2/psoc creator/import/gnu/arm/5.4.1/bin/../lib/gcc/arm-none-eabi/5.4.1/../../../../arm-none-eabi/lib/armv7e-m/softfp\libg_nano.a(lib_a-mlock.o)
                0x10088c3c                __malloc_lock
 .text.__malloc_unlock
                0x10088c3e        0x2 c:/program files (x86)/cypress/psoc creator/4.2/psoc creator/import/gnu/arm/5.4.1/bin/../lib/gcc/arm-none-eabi/5.4.1/../../../../arm-none-eabi/lib/armv7e-m/softfp\libg_nano.a(lib_a-mlock.o)
                0x10088c3e                __malloc_unlock
 .text._read_r  0x10088c40       0x24 c:/program files (x86)/cypress/psoc creator/4.2/psoc creator/import/gnu/arm/5.4.1/bin/../lib/gcc/arm-none-eabi/5.4.1/../../../../arm-none-eabi/lib/armv7e-m/softfp\libg_nano.a(lib_a-readr.o)
                0x10088c40                _read_r
 .text._close   0x10088c64       0x10 c:/program files (x86)/cypress/psoc creator/4.2/psoc creator/import/gnu/arm/5.4.1/bin/../lib/gcc/arm-none-eabi/5.4.1/../../../../arm-none-eabi/lib/armv7e-m/softfp\libnosys.a(close.o)
                0x10088c64                _close
 .text._fstat   0x10088c74       0x10 c:/program files (x86)/cypress/psoc creator/4.2/psoc creator/import/gnu/arm/5.4.1/bin/../lib/gcc/arm-none-eabi/5.4.1/../../../../arm-none-eabi/lib/armv7e-m/softfp\libnosys.a(fstat.o)
                0x10088c74                _fstat
 .text._isatty  0x10088c84       0x10 c:/program files (x86)/cypress/psoc creator/4.2/psoc creator/import/gnu/arm/5.4.1/bin/../lib/gcc/arm-none-eabi/5.4.1/../../../../arm-none-eabi/lib/armv7e-m/softfp\libnosys.a(isatty.o)
                0x10088c84                _isatty
 .text._lseek   0x10088c94       0x10 c:/program files (x86)/cypress/psoc creator/4.2/psoc creator/import/gnu/arm/5.4.1/bin/../lib/gcc/arm-none-eabi/5.4.1/../../../../arm-none-eabi/lib/armv7e-m/softfp\libnosys.a(lseek.o)
                0x10088c94                _lseek
 .text._sbrk    0x10088ca4       0x1c c:/program files (x86)/cypress/psoc creator/4.2/psoc creator/import/gnu/arm/5.4.1/bin/../lib/gcc/arm-none-eabi/5.4.1/../../../../arm-none-eabi/lib/armv7e-m/softfp\libnosys.a(sbrk.o)
                0x10088ca4                _sbrk
 *(.init)
 .init          0x10088cc0        0x4 c:/program files (x86)/cypress/psoc creator/4.2/psoc creator/import/gnu/arm/5.4.1/bin/../lib/gcc/arm-none-eabi/5.4.1/armv7e-m/softfp/crti.o
                0x10088cc0                _init
 .init          0x10088cc4        0x8 c:/program files (x86)/cypress/psoc creator/4.2/psoc creator/import/gnu/arm/5.4.1/bin/../lib/gcc/arm-none-eabi/5.4.1/armv7e-m/softfp/crtn.o
 *(.fini)
 .fini          0x10088ccc        0x4 c:/program files (x86)/cypress/psoc creator/4.2/psoc creator/import/gnu/arm/5.4.1/bin/../lib/gcc/arm-none-eabi/5.4.1/armv7e-m/softfp/crti.o
                0x10088ccc                _fini
 .fini          0x10088cd0        0x8 c:/program files (x86)/cypress/psoc creator/4.2/psoc creator/import/gnu/arm/5.4.1/bin/../lib/gcc/arm-none-eabi/5.4.1/armv7e-m/softfp/crtn.o
 *crtbegin.o(.ctors)
 *crtbegin?.o(.ctors)
 *(EXCLUDE_FILE(*crtend.o *crtend?.o) .ctors)
 *(SORT(.ctors.*))
 *(.ctors)
 *crtbegin.o(.dtors)
 *crtbegin?.o(.dtors)
 *(EXCLUDE_FILE(*crtend.o *crtend?.o) .dtors)
 *(SORT(.dtors.*))
 *(.dtors)
 *(.rodata .rodata.* .constdata .constdata.* .conststring .conststring.*)
 .rodata        0x10088cd8       0x1b .\CortexM4\ARM_GCC_541\Debug\main_cm4.o
 *fill*         0x10088cf3        0x1 
 .rodata        0x10088cf4       0x34 .\CortexM4\ARM_GCC_541\Debug\system_psoc6_cm4.o
 .rodata        0x10088d28       0x3b .\CortexM4\ARM_GCC_541\Debug\analog.o
 *fill*         0x10088d63        0x1 
 .rodata        0x10088d64       0x48 .\CortexM4\ARM_GCC_541\Debug\serial.o
 .rodata        0x10088dac       0x48 .\CortexM4\ARM_GCC_541\Debug\cyfitter_sysint_cfg.o
                0x10088dac                mI2C_SCB_IRQ_cfg
                0x10088db4                UART_SCB_IRQ_cfg
                0x10088dbc                ADC_DMA_INT_3_cfg
                0x10088dc4                ADC_DMA_INT_0_cfg
                0x10088dcc                UART_DMA_INT_cfg
                0x10088dd4                ADC_DMA_INT_2_cfg
                0x10088ddc                ADC_DMA_INT_1_cfg
                0x10088de4                I2C_DMA_INT_cfg
                0x10088dec                ADC_IRQ_cfg
 .rodata        0x10088df4       0x3f .\CortexM4\ARM_GCC_541\Debug\cy_flash.o
 *fill*         0x10088e33        0x1 
 .rodata        0x10088e34       0x7f .\CortexM4\ARM_GCC_541\Debug\cy_ipc_drv.o
 *fill*         0x10088eb3        0x1 
 .rodata        0x10088eb4       0x3f .\CortexM4\ARM_GCC_541\Debug\cy_ipc_sema.o
 *fill*         0x10088ef3        0x1 
 .rodata        0x10088ef4       0x80 .\CortexM4\ARM_GCC_541\Debug\cy_ipc_pipe.o
 .rodata        0x10088f74       0x41 .\CortexM4\ARM_GCC_541\Debug\cy_sysint.o
 *fill*         0x10088fb5        0x3 
 .rodata        0x10088fb8      0x170 .\CortexM4\ARM_GCC_541\Debug\cy_device.o
                0x10088fb8                cy_deviceIpBlockCfgPSoC6_01
                0x10089070                cy_deviceIpBlockCfgPSoC6_02
 .rodata        0x10089128       0x3b .\CortexM4\ARM_GCC_541\Debug\cy_sar.o
 *fill*         0x10089163        0x1 
 .rodata        0x10089164       0xc3 .\CortexM4\ARM_GCC_541\Debug\cy_scb_i2c.o
 *fill*         0x10089227        0x1 
 .rodata        0x10089228       0xc4 .\CortexM4\ARM_GCC_541\Debug\cy_scb_uart.o
 .rodata        0x100892ec       0x77 .\CortexM4\ARM_GCC_541\Debug\cy_dma.o
 *fill*         0x10089363        0x1 
 .rodata        0x10089364        0x5 .\CortexM4\ARM_GCC_541\Debug\tasks.o
 *fill*         0x10089369        0x3 
 .rodata        0x1008936c        0xd .\CortexM4\ARM_GCC_541\Debug\timers.o
 *fill*         0x10089379        0x3 
 .rodata        0x1008937c       0x54 .\CortexM4\ARM_GCC_541\Debug\port.o
 .rodata        0x100893d0       0x3b .\CortexM4\ARM_GCC_541\Debug\ADC_INT.o
 *fill*         0x1008940b        0x1 
 .rodata        0x1008940c       0x8c .\CortexM4\ARM_GCC_541\Debug\ADC_INIT.o
                0x10089484                ADC_allConfigs
 .rodata        0x10089498       0x40 .\CortexM4\ARM_GCC_541\Debug\UART.o
                0x10089498                UART_config
 .rodata        0x100894d8       0x14 .\CortexM4\ARM_GCC_541\Debug\mI2C.o
                0x100894d8                mI2C_config
 .rodata        0x100894ec       0x4c .\CortexM4\ARM_GCC_541\Debug\ADCSOCCounter.o
                0x100894ec                ADCSOCCounter_config
 .rodata        0x10089538       0x6c .\CortexM4\ARM_GCC_541\Debug\ADCDMA_0.o
                0x10089574                ADCDMA_0_Descriptor_1_config
 .rodata        0x100895a4       0x6c .\CortexM4\ARM_GCC_541\Debug\ADCDMA_1.o
                0x100895e0                ADCDMA_1_Descriptor_1_config
 .rodata        0x10089610       0x6c .\CortexM4\ARM_GCC_541\Debug\ADCDMA_2.o
                0x1008964c                ADCDMA_2_Descriptor_1_config
 .rodata        0x1008967c       0x6c .\CortexM4\ARM_GCC_541\Debug\ADCDMA_3.o
                0x100896b8                ADCDMA_3_Descriptor_1_config
 .rodata        0x100896e8      0x2dc .\CortexM4\ARM_GCC_541\Debug\UARTDMA.o
                0x10089724                UARTDMA_Descriptor_Analog0_Data_config
                0x10089754                UARTDMA_Descriptor_Analog0_Command_config
                0x10089784                UARTDMA_Descriptor_Analog1_Data_config
                0x100897b4                UARTDMA_Descriptor_Analog1_Command_config
                0x100897e4                UARTDMA_Descriptor_Analog2_Data_config
                0x10089814                UARTDMA_Descriptor_Analog2_Command_config
                0x10089844                UARTDMA_Descriptor_Analog3_Data_config
                0x10089874                UARTDMA_Descriptor_Analog3_Command_config
                0x100898a4                UARTDMA_Descriptor_Accelero_Data_config
                0x100898d4                UARTDMA_Descriptor_Accelero_Command_config
                0x10089904                UARTDMA_Descriptor_Temp_Data_config
                0x10089934                UARTDMA_Descriptor_Temp_Command_config
                0x10089964                UARTDMA_Descriptor_Humid_Data_config
                0x10089994                UARTDMA_Descriptor_Humid_Command_config
 .rodata        0x100899c4       0x4c .\CortexM4\ARM_GCC_541\Debug\T1.o
                0x100899c4                T1_config
 .rodata        0x10089a10       0x4c .\CortexM4\ARM_GCC_541\Debug\T0.o
                0x10089a10                T0_config
 .rodata        0x10089a5c       0x4c .\CortexM4\ARM_GCC_541\Debug\T3.o
                0x10089a5c                T3_config
 .rodata        0x10089aa8       0x4c .\CortexM4\ARM_GCC_541\Debug\T2.o
                0x10089aa8                T2_config
 .rodata.str1.1
                0x10089af4        0x2 c:/program files (x86)/cypress/psoc creator/4.2/psoc creator/import/gnu/arm/5.4.1/bin/../lib/gcc/arm-none-eabi/5.4.1/../../../../arm-none-eabi/lib/armv7e-m/softfp\libg_nano.a(lib_a-impure.o)
 *fill*         0x10089af6        0x2 
 .rodata._global_impure_ptr
                0x10089af8        0x4 c:/program files (x86)/cypress/psoc creator/4.2/psoc creator/import/gnu/arm/5.4.1/bin/../lib/gcc/arm-none-eabi/5.4.1/../../../../arm-none-eabi/lib/armv7e-m/softfp\libg_nano.a(lib_a-impure.o)
                0x10089af8                _global_impure_ptr
 .rodata.__sf_fake_stdin
                0x10089afc       0x20 c:/program files (x86)/cypress/psoc creator/4.2/psoc creator/import/gnu/arm/5.4.1/bin/../lib/gcc/arm-none-eabi/5.4.1/../../../../arm-none-eabi/lib/armv7e-m/softfp\libg_nano.a(lib_a-findfp.o)
                0x10089afc                __sf_fake_stdin
 .rodata.__sf_fake_stdout
                0x10089b1c       0x20 c:/program files (x86)/cypress/psoc creator/4.2/psoc creator/import/gnu/arm/5.4.1/bin/../lib/gcc/arm-none-eabi/5.4.1/../../../../arm-none-eabi/lib/armv7e-m/softfp\libg_nano.a(lib_a-findfp.o)
                0x10089b1c                __sf_fake_stdout
 .rodata.__sf_fake_stderr
                0x10089b3c       0x20 c:/program files (x86)/cypress/psoc creator/4.2/psoc creator/import/gnu/arm/5.4.1/bin/../lib/gcc/arm-none-eabi/5.4.1/../../../../arm-none-eabi/lib/armv7e-m/softfp\libg_nano.a(lib_a-findfp.o)
                0x10089b3c                __sf_fake_stderr
 *(.eh_frame*)
 .eh_frame      0x10089b5c        0x0 c:/program files (x86)/cypress/psoc creator/4.2/psoc creator/import/gnu/arm/5.4.1/bin/../lib/gcc/arm-none-eabi/5.4.1/armv7e-m/softfp/crtbegin.o
 .eh_frame      0x10089b5c        0x4 c:/program files (x86)/cypress/psoc creator/4.2/psoc creator/import/gnu/arm/5.4.1/bin/../lib/gcc/arm-none-eabi/5.4.1/armv7e-m/softfp/crtend.o

.glue_7         0x10089b60        0x0
 .glue_7        0x10089b60        0x0 linker stubs

.glue_7t        0x10089b60        0x0
 .glue_7t       0x10089b60        0x0 linker stubs

.vfp11_veneer   0x10089b60        0x0
 .vfp11_veneer  0x10089b60        0x0 linker stubs

.v4_bx          0x10089b60        0x0
 .v4_bx         0x10089b60        0x0 linker stubs

.iplt           0x10089b60        0x0
 .iplt          0x10089b60        0x0 c:/program files (x86)/cypress/psoc creator/4.2/psoc creator/import/gnu/arm/5.4.1/bin/../lib/gcc/arm-none-eabi/5.4.1/armv7e-m/softfp/crtbegin.o

.ARM.extab
 *(.ARM.extab* .gnu.linkonce.armextab.*)
                0x10089b60                __exidx_start = .

.ARM.exidx
 *(.ARM.exidx* .gnu.linkonce.armexidx.*)
                0x10089b60                __exidx_end = .

.copy.table     0x10089b60       0x18
                0x10089b60                . = ALIGN (0x4)
                0x10089b60                __copy_table_start__ = .
                0x10089b60        0x4 LONG 0x10080000 __Vectors
                0x10089b64        0x4 LONG 0x8024000 __ram_vectors_start__
                0x10089b68        0x4 LONG 0x28c (__Vectors_End - __Vectors)
                0x10089b6c        0x4 LONG 0x10089b80 __etext
                0x10089b70        0x4 LONG 0x802428c __data_start__
                0x10089b74        0x4 LONG 0x98c (__data_end__ - __data_start__)
                0x10089b78                __copy_table_end__ = .

.zero.table     0x10089b78        0x8
                0x10089b78                . = ALIGN (0x4)
                0x10089b78                __zero_table_start__ = .
                0x10089b78        0x4 LONG 0x8024cac __bss_start__
                0x10089b7c        0x4 LONG 0x86ec (__bss_end__ - __bss_start__)
                0x10089b80                __zero_table_end__ = .
                0x10089b80                __etext = .

.ramVectors     0x08024000      0x28c
                0x08024000                __ram_vectors_start__ = .
 *(.ram_vectors)
 .ram_vectors   0x08024000      0x28c .\CortexM4\ARM_GCC_541\Debug\startup_psoc6_01_cm4.o
                0x08024000                __ramVectors
                0x0802428c                __ram_vectors_end__ = .

.data           0x0802428c      0x98c load address 0x10089b80
                0x0802428c                __data_start__ = .
 *(vtable)
 *(.data*)
 .data          0x0802428c       0x74 .\CortexM4\ARM_GCC_541\Debug\main_cm4.o
                0x080242f0                masterTransferCfg
 .data          0x08024300       0x1c .\CortexM4\ARM_GCC_541\Debug\system_psoc6_cm4.o
                0x08024300                SystemCoreClock
                0x08024304                cy_Hfclk0FreqHz
                0x08024308                cy_PeriClkFreqHz
                0x0802430c                cy_delayFreqHz
                0x08024310                cy_delayFreqKhz
                0x08024314                cy_delayFreqMhz
                0x08024318                cy_delay32kMs
 .data          0x0802431c        0x4 .\CortexM4\ARM_GCC_541\Debug\port.o
 .data.impure_data
                0x08024320       0x60 c:/program files (x86)/cypress/psoc creator/4.2/psoc creator/import/gnu/arm/5.4.1/bin/../lib/gcc/arm-none-eabi/5.4.1/../../../../arm-none-eabi/lib/armv7e-m/softfp\libg_nano.a(lib_a-impure.o)
 .data._impure_ptr
                0x08024380        0x4 c:/program files (x86)/cypress/psoc creator/4.2/psoc creator/import/gnu/arm/5.4.1/bin/../lib/gcc/arm-none-eabi/5.4.1/../../../../arm-none-eabi/lib/armv7e-m/softfp\libg_nano.a(lib_a-impure.o)
                0x08024380                _impure_ptr
                0x08024384                . = ALIGN (0x4)
                0x08024384                PROVIDE (__preinit_array_start, .)
 *(.preinit_array)
                0x08024384                PROVIDE (__preinit_array_end, .)
                0x08024384                . = ALIGN (0x4)
                0x08024384                PROVIDE (__init_array_start, .)
 *(SORT(.init_array.*))
 *(.init_array)
 .init_array    0x08024384        0x4 c:/program files (x86)/cypress/psoc creator/4.2/psoc creator/import/gnu/arm/5.4.1/bin/../lib/gcc/arm-none-eabi/5.4.1/armv7e-m/softfp/crtbegin.o
                0x08024388                PROVIDE (__init_array_end, .)
                0x08024388                . = ALIGN (0x4)
                [!provide]                PROVIDE (__fini_array_start, .)
 *(SORT(.fini_array.*))
 *(.fini_array)
 .fini_array    0x08024388        0x4 c:/program files (x86)/cypress/psoc creator/4.2/psoc creator/import/gnu/arm/5.4.1/bin/../lib/gcc/arm-none-eabi/5.4.1/armv7e-m/softfp/crtbegin.o
                [!provide]                PROVIDE (__fini_array_end, .)
 *(.jcr*)
 .jcr           0x0802438c        0x0 c:/program files (x86)/cypress/psoc creator/4.2/psoc creator/import/gnu/arm/5.4.1/bin/../lib/gcc/arm-none-eabi/5.4.1/armv7e-m/softfp/crtbegin.o
 .jcr           0x0802438c        0x4 c:/program files (x86)/cypress/psoc creator/4.2/psoc creator/import/gnu/arm/5.4.1/bin/../lib/gcc/arm-none-eabi/5.4.1/armv7e-m/softfp/crtend.o
                0x08024390                . = ALIGN (0x4)
 *(.cy_ramfunc*)
 .cy_ramfunc    0x08024390      0x3d0 .\CortexM4\ARM_GCC_541\Debug\cy_flash.o
                0x0802468c                Cy_Flash_ResumeIrqHandler
 .cy_ramfunc    0x08024760      0x3e4 .\CortexM4\ARM_GCC_541\Debug\cy_syspm.o
 *fill*         0x08024b44        0x4 
 .cy_ramfunc.__stub
                0x08024b48       0xd0 linker stubs
                0x08024c18                . = ALIGN (0x4)
                0x08024c18                __data_end__ = .

.igot.plt       0x08024c18        0x0 load address 0x1008a50c
 .igot.plt      0x08024c18        0x0 c:/program files (x86)/cypress/psoc creator/4.2/psoc creator/import/gnu/arm/5.4.1/bin/../lib/gcc/arm-none-eabi/5.4.1/armv7e-m/softfp/crtbegin.o

.noinit         0x08024c18       0x94 load address 0x1008a510
 *(.noinit)
 .noinit        0x08024c18       0x94 .\CortexM4\ARM_GCC_541\Debug\cy_syslib.o
                0x08024c18                cy_assertFileName
                0x08024c30                cy_assertLine
                0x08024c34                cy_faultFrame

.bss            0x08024cac     0x86ec load address 0x1008a5a4
                0x08024cac                . = ALIGN (0x4)
                0x08024cac                __bss_start__ = .
 *(.bss*)
 .bss           0x08024cac       0x1c c:/program files (x86)/cypress/psoc creator/4.2/psoc creator/import/gnu/arm/5.4.1/bin/../lib/gcc/arm-none-eabi/5.4.1/armv7e-m/softfp/crtbegin.o
 .bss           0x08024cc8      0x180 .\CortexM4\ARM_GCC_541\Debug\system_psoc6_cm4.o
 .bss           0x08024e48        0x9 .\CortexM4\ARM_GCC_541\Debug\serial.o
 *fill*         0x08024e51        0x3 
 .bss           0x08024e54       0x28 .\CortexM4\ARM_GCC_541\Debug\cy_flash.o
 .bss           0x08024e7c        0xc .\CortexM4\ARM_GCC_541\Debug\cy_ipc_sema.o
 .bss           0x08024e88        0x4 .\CortexM4\ARM_GCC_541\Debug\cy_ipc_pipe.o
 .bss           0x08024e8c       0x3c .\CortexM4\ARM_GCC_541\Debug\cy_syspm.o
 .bss           0x08024ec8      0x12c .\CortexM4\ARM_GCC_541\Debug\tasks.o
                0x08024ec8                pxCurrentTCB
 .bss           0x08024ff4       0x3c .\CortexM4\ARM_GCC_541\Debug\timers.o
 .bss           0x08025030        0x8 .\CortexM4\ARM_GCC_541\Debug\port.o
 .bss           0x08025038     0x2808 .\CortexM4\ARM_GCC_541\Debug\heap_1.o
 .bss           0x08027840        0x8 .\CortexM4\ARM_GCC_541\Debug\ADC.o
                0x08027840                ADC_initVar
                0x08027841                ADC_selected
                0x08027844                ADC_currentConfig
 .bss           0x08027848        0x1 .\CortexM4\ARM_GCC_541\Debug\UART.o
                0x08027848                UART_initVar
 *fill*         0x08027849        0x3 
 .bss           0x0802784c       0x19 .\CortexM4\ARM_GCC_541\Debug\ADCDMA_0.o
                0x0802784c                ADCDMA_0_Descriptor_1
                0x08027864                ADCDMA_0_initVar
 *fill*         0x08027865        0x3 
 .bss           0x08027868       0x19 .\CortexM4\ARM_GCC_541\Debug\ADCDMA_1.o
                0x08027868                ADCDMA_1_Descriptor_1
                0x08027880                ADCDMA_1_initVar
 *fill*         0x08027881        0x3 
 .bss           0x08027884       0x19 .\CortexM4\ARM_GCC_541\Debug\ADCDMA_2.o
                0x08027884                ADCDMA_2_Descriptor_1
                0x0802789c                ADCDMA_2_initVar
 *fill*         0x0802789d        0x3 
 .bss           0x080278a0       0x19 .\CortexM4\ARM_GCC_541\Debug\ADCDMA_3.o
                0x080278a0                ADCDMA_3_Descriptor_1
                0x080278b8                ADCDMA_3_initVar
 *fill*         0x080278b9        0x3 
 .bss           0x080278bc      0x151 .\CortexM4\ARM_GCC_541\Debug\UARTDMA.o
                0x080278bc                UARTDMA_Descriptor_Analog0_Data
                0x080278d4                UARTDMA_Descriptor_Analog0_Command
                0x080278ec                UARTDMA_Descriptor_Analog1_Data
                0x08027904                UARTDMA_Descriptor_Analog1_Command
                0x0802791c                UARTDMA_Descriptor_Analog2_Data
                0x08027934                UARTDMA_Descriptor_Analog2_Command
                0x0802794c                UARTDMA_Descriptor_Analog3_Data
                0x08027964                UARTDMA_Descriptor_Analog3_Command
                0x0802797c                UARTDMA_Descriptor_Accelero_Data
                0x08027994                UARTDMA_Descriptor_Accelero_Command
                0x080279ac                UARTDMA_Descriptor_Temp_Data
                0x080279c4                UARTDMA_Descriptor_Temp_Command
                0x080279dc                UARTDMA_Descriptor_Humid_Data
                0x080279f4                UARTDMA_Descriptor_Humid_Command
                0x08027a0c                UARTDMA_initVar
 *fill*         0x08027a0d        0x3 
 .bss.__malloc_sbrk_start
                0x08027a10        0x4 c:/program files (x86)/cypress/psoc creator/4.2/psoc creator/import/gnu/arm/5.4.1/bin/../lib/gcc/arm-none-eabi/5.4.1/../../../../arm-none-eabi/lib/armv7e-m/softfp\libg_nano.a(lib_a-nano-mallocr.o)
                0x08027a10                __malloc_sbrk_start
 .bss.__malloc_free_list
                0x08027a14        0x4 c:/program files (x86)/cypress/psoc creator/4.2/psoc creator/import/gnu/arm/5.4.1/bin/../lib/gcc/arm-none-eabi/5.4.1/../../../../arm-none-eabi/lib/armv7e-m/softfp\libg_nano.a(lib_a-nano-mallocr.o)
                0x08027a14                __malloc_free_list
 .bss.heap_end.4169
                0x08027a18        0x4 c:/program files (x86)/cypress/psoc creator/4.2/psoc creator/import/gnu/arm/5.4.1/bin/../lib/gcc/arm-none-eabi/5.4.1/../../../../arm-none-eabi/lib/armv7e-m/softfp\libnosys.a(sbrk.o)
 *(COMMON)
 COMMON         0x08027a1c     0x5840 .\CortexM4\ARM_GCC_541\Debug\main_cm4.o
                0x08027a1c                bufferADC1
                0x08028a20                bufferADC0
                0x08029a24                writebuffer
                0x08029a28                readBuffer
                0x08029a30                accelData
                0x08029a40                magData
                0x08029a48                bufferHumid
                0x08029a4c                bufferADC3
                0x0802aa50                bufferADC2
                0x0802ba54                bufferAccelero
                0x0802d258                bufferTemp
 COMMON         0x0802d25c        0x4 .\CortexM4\ARM_GCC_541\Debug\cy_device.o
                0x0802d25c                cy_device
 COMMON         0x0802d260       0x60 .\CortexM4\ARM_GCC_541\Debug\cy_sar.o
                0x0802d260                Cy_SAR_offset
                0x0802d280                Cy_SAR_countsPer10Volt
 COMMON         0x0802d2c0       0x50 .\CortexM4\ARM_GCC_541\Debug\queue.o
                0x0802d2c0                xQueueRegistry
 COMMON         0x0802d310       0x38 .\CortexM4\ARM_GCC_541\Debug\UART.o
                0x0802d310                UART_context
 COMMON         0x0802d348       0x4c .\CortexM4\ARM_GCC_541\Debug\mI2C.o
                0x0802d348                mI2C_context
 COMMON         0x0802d394        0x4 c:/program files (x86)/cypress/psoc creator/4.2/psoc creator/import/gnu/arm/5.4.1/bin/../lib/gcc/arm-none-eabi/5.4.1/../../../../arm-none-eabi/lib/armv7e-m/softfp\libg_nano.a(lib_a-reent.o)
                0x0802d394                errno
                0x0802d398                . = ALIGN (0x4)
                0x0802d398                __bss_end__ = .

.heap           0x0802d398      0x400
                0x0802d398                __HeapBase = .
                0x0802d398                __end__ = .
                0x0802d398                end = __end__
 *(.heap*)
 .heap          0x0802d398      0x400 .\CortexM4\ARM_GCC_541\Debug\startup_psoc6_01_cm4.o
                0x0802d798                __HeapLimit = .

.stack_dummy    0x0802d398     0x1000
 *(.stack*)
 .stack         0x0802d398     0x1000 .\CortexM4\ARM_GCC_541\Debug\startup_psoc6_01_cm4.o
                0x08047800                __StackTop = (ORIGIN (ram) + LENGTH (ram))
                0x08046800                __StackLimit = (__StackTop - SIZEOF (.stack_dummy))
                0x08047800                PROVIDE (__stack, __StackTop)
                0x00000001                ASSERT ((__StackLimit >= __HeapLimit), region RAM overflowed with stack)

.cy_app_signature
 *(.cy_app_signature)

.cy_em_eeprom
 *(.cy_em_eeprom)

.cy_sflash_user_data
 *(.cy_sflash_user_data)

.cy_sflash_nar
 *(.cy_sflash_nar)

.cy_sflash_public_key
 *(.cy_sflash_public_key)

.cy_toc_part2
 *(.cy_toc_part2)

.cy_rtoc_part2
 *(.cy_rtoc_part2)

.cy_xip
 *(.cy_xip)

.cy_efuse
 *(.cy_efuse)

.cymeta         0x90500000        0xc
 *(.cymeta)
 .cymeta        0x90500000        0xc .\CortexM4\ARM_GCC_541\Debug\cymetadata.o
                0x90500000                cy_metadata
                0x10000000                __cy_memory_0_start = 0x10000000
                0x00100000                __cy_memory_0_length = 0x100000
                0x00000200                __cy_memory_0_row_size = 0x200
                0x14000000                __cy_memory_1_start = 0x14000000
                0x00008000                __cy_memory_1_length = 0x8000
                0x00000200                __cy_memory_1_row_size = 0x200
                0x16000000                __cy_memory_2_start = 0x16000000
                0x00008000                __cy_memory_2_length = 0x8000
                0x00000200                __cy_memory_2_row_size = 0x200
                0x18000000                __cy_memory_3_start = 0x18000000
                0x08000000                __cy_memory_3_length = 0x8000000
                0x00000200                __cy_memory_3_row_size = 0x200
                0x90700000                __cy_memory_4_start = 0x90700000
                0x00100000                __cy_memory_4_length = 0x100000
                0x00000001                __cy_memory_4_row_size = 0x1
OUTPUT(C:\Users\stijn\Dropbox\Work\PhD\Projects\PSoC Creator\Data Acquisition\IoT_Generic_DAQ.cydsn\CortexM4\ARM_GCC_541\Debug\IoT_Generic_DAQ_link.elf elf32-littlearm)

.rel.dyn        0x0802d398        0x0 load address 0x98565904
 .rel.iplt      0x0802d398        0x0 c:/program files (x86)/cypress/psoc creator/4.2/psoc creator/import/gnu/arm/5.4.1/bin/../lib/gcc/arm-none-eabi/5.4.1/armv7e-m/softfp/crtbegin.o

.ARM.attributes
                0x00000000       0x2e
 .ARM.attributes
                0x00000000       0x22 c:/program files (x86)/cypress/psoc creator/4.2/psoc creator/import/gnu/arm/5.4.1/bin/../lib/gcc/arm-none-eabi/5.4.1/armv7e-m/softfp/crti.o
 .ARM.attributes
                0x00000022       0x32 c:/program files (x86)/cypress/psoc creator/4.2/psoc creator/import/gnu/arm/5.4.1/bin/../lib/gcc/arm-none-eabi/5.4.1/armv7e-m/softfp/crtbegin.o
 .ARM.attributes
                0x00000054       0x1f .\CortexM4\ARM_GCC_541\Debug\startup_psoc6_01_cm4.o
 .ARM.attributes
                0x00000073       0x37 .\CortexM4\ARM_GCC_541\Debug\main_cm4.o
 .ARM.attributes
                0x000000aa       0x37 .\CortexM4\ARM_GCC_541\Debug\system_psoc6_cm4.o
 .ARM.attributes
                0x000000e1       0x37 .\CortexM4\ARM_GCC_541\Debug\i2c.o
 .ARM.attributes
                0x00000118       0x37 .\CortexM4\ARM_GCC_541\Debug\analog.o
 .ARM.attributes
                0x0000014f       0x37 .\CortexM4\ARM_GCC_541\Debug\serial.o
 .ARM.attributes
                0x00000186       0x37 .\CortexM4\ARM_GCC_541\Debug\stdio_user.o
 .ARM.attributes
                0x000001bd       0x37 .\CortexM4\ARM_GCC_541\Debug\cyfitter_sysint_cfg.o
 .ARM.attributes
                0x000001f4       0x37 .\CortexM4\ARM_GCC_541\Debug\cymetadata.o
 .ARM.attributes
                0x0000022b       0x37 .\CortexM4\ARM_GCC_541\Debug\cy_flash.o
 .ARM.attributes
                0x00000262       0x37 .\CortexM4\ARM_GCC_541\Debug\cy_ipc_drv.o
 .ARM.attributes
                0x00000299       0x37 .\CortexM4\ARM_GCC_541\Debug\cy_ipc_sema.o
 .ARM.attributes
                0x000002d0       0x37 .\CortexM4\ARM_GCC_541\Debug\cy_ipc_pipe.o
 .ARM.attributes
                0x00000307       0x37 .\CortexM4\ARM_GCC_541\Debug\cy_sysint.o
 .ARM.attributes
                0x0000033e       0x37 .\CortexM4\ARM_GCC_541\Debug\cy_syslib.o
 .ARM.attributes
                0x00000375       0x25 .\CortexM4\ARM_GCC_541\Debug\cy_syslib_gcc.o
 .ARM.attributes
                0x0000039a       0x37 .\CortexM4\ARM_GCC_541\Debug\cy_syspm.o
 .ARM.attributes
                0x000003d1       0x37 .\CortexM4\ARM_GCC_541\Debug\cy_device.o
 .ARM.attributes
                0x00000408       0x37 .\CortexM4\ARM_GCC_541\Debug\cy_sar.o
 .ARM.attributes
                0x0000043f       0x37 .\CortexM4\ARM_GCC_541\Debug\cy_scb_common.o
 .ARM.attributes